07-11 22:20:24.773  1538  1538 W pool-1-thread-1: type=1400 audit(0.0:699): avc: denied { search } for name="734" dev="proc" ino=1019991 scontext=u:r:untrusted_app:s0:c512,c768 tcontext=u:r:kernel:s0 tclass=dir permissive=0
07-11 22:20:24.823  1538  1538 W pool-1-thread-1: type=1400 audit(0.0:700): avc: denied { search } for name="774" dev="proc" ino=1019421 scontext=u:r:untrusted_app:s0:c512,c768 tcontext=u:r:kernel:s0 tclass=dir permissive=0
07-11 22:20:24.873  1538  1538 W pool-1-thread-1: type=1400 audit(0.0:701): avc: denied { search } for name="953" dev="proc" ino=1019422 scontext=u:r:untrusted_app:s0:c512,c768 tcontext=u:r:kernel:s0 tclass=dir permissive=0
07-11 22:20:24.923  1538  1538 W pool-1-thread-1: type=1400 audit(0.0:702): avc: denied { search } for name="1110" dev="proc" ino=1019423 scontext=u:r:untrusted_app:s0:c512,c768 tcontext=u:r:kernel:s0 tclass=dir permissive=0
07-11 22:20:24.973  1538  1538 W pool-1-thread-1: type=1400 audit(0.0:703): avc: denied { search } for name="1113" dev="proc" ino=1019424 scontext=u:r:untrusted_app:s0:c512,c768 tcontext=u:r:kernel:s0 tclass=dir permissive=0
07-11 22:20:25.023  1538  1538 W pool-1-thread-1: type=1400 audit(0.0:704): avc: denied { search } for name="1138" dev="proc" ino=1014422 scontext=u:r:untrusted_app:s0:c512,c768 tcontext=u:r:system_server:s0 tclass=dir permissive=0
07-11 22:20:25.123  1538  1538 W pool-1-thread-1: type=1400 audit(0.0:705): avc: denied { search } for name="1202" dev="proc" ino=1019147 scontext=u:r:untrusted_app:s0:c512,c768 tcontext=u:r:shell:s0 tclass=dir permissive=0
07-11 22:20:25.293  1538  1538 W pool-1-thread-1: type=1400 audit(0.0:706): avc: denied { search } for name="1360" dev="proc" ino=1019430 scontext=u:r:untrusted_app:s0:c512,c768 tcontext=u:r:su:s0 tclass=dir permissive=0
07-11 22:20:25.333  1538  1538 W pool-1-thread-1: type=1400 audit(0.0:707): avc: denied { search } for name="1464" dev="proc" ino=1019431 scontext=u:r:untrusted_app:s0:c512,c768 tcontext=u:r:system_app:s0 tclass=dir permissive=0
07-11 22:20:25.483  1538  1538 W pool-1-thread-1: type=1400 audit(0.0:708): avc: denied { search } for name="2093" dev="proc" ino=1019434 scontext=u:r:untrusted_app:s0:c512,c768 tcontext=u:r:traced:s0 tclass=dir permissive=0
07-11 22:20:25.533  1538  1538 W pool-1-thread-1: type=1400 audit(0.0:709): avc: denied { search } for name="2250" dev="proc" ino=1019435 scontext=u:r:untrusted_app:s0:c512,c768 tcontext=u:r:system_app:s0 tclass=dir permissive=0
07-11 22:20:25.603  1538  1538 W pool-1-thread-1: type=1400 audit(0.0:710): avc: denied { search } for name="2265" dev="proc" ino=1019442 scontext=u:r:untrusted_app:s0:c512,c768 tcontext=u:r:sdcardd:s0 tclass=dir permissive=0
07-11 22:20:25.653  1538  1538 W pool-1-thread-1: type=1400 audit(0.0:711): avc: denied { search } for name="2292" dev="proc" ino=1019444 scontext=u:r:untrusted_app:s0:c512,c768 tcontext=u:r:platform_app:s0:c512,c768 tclass=dir permissive=0
07-11 22:20:25.713  1538  1538 W pool-1-thread-1: type=1400 audit(0.0:712): avc: denied { search } for name="2341" dev="proc" ino=1019445 scontext=u:r:untrusted_app:s0:c512,c768 tcontext=u:r:kernel:s0 tclass=dir permissive=0
07-11 22:20:25.753  1538  1538 W pool-1-thread-1: type=1400 audit(0.0:713): avc: denied { search } for name="2343" dev="proc" ino=1019446 scontext=u:r:untrusted_app:s0:c512,c768 tcontext=u:r:kernel:s0 tclass=dir permissive=0
07-11 22:20:25.813  1538  1538 W pool-1-thread-1: type=1400 audit(0.0:714): avc: denied { search } for name="2344" dev="proc" ino=1019447 scontext=u:r:untrusted_app:s0:c512,c768 tcontext=u:r:kernel:s0 tclass=dir permissive=0
07-11 22:20:25.853  1538  1538 W pool-1-thread-1: type=1400 audit(0.0:715): avc: denied { search } for name="2345" dev="proc" ino=1019448 scontext=u:r:untrusted_app:s0:c512,c768 tcontext=u:r:kernel:s0 tclass=dir permissive=0
07-11 22:20:25.903  1538  1538 W pool-1-thread-1: type=1400 audit(0.0:716): avc: denied { search } for name="2353" dev="proc" ino=1019449 scontext=u:r:untrusted_app:s0:c512,c768 tcontext=u:r:kernel:s0 tclass=dir permissive=0
07-11 22:20:25.953  1538  1538 W pool-1-thread-1: type=1400 audit(0.0:717): avc: denied { search } for name="2596" dev="proc" ino=1019450 scontext=u:r:untrusted_app:s0:c512,c768 tcontext=u:r:wpa:s0 tclass=dir permissive=0
07-11 22:20:26.023  1538  1538 W pool-1-thread-1: type=1400 audit(0.0:718): avc: denied { search } for name="2601" dev="proc" ino=1019451 scontext=u:r:untrusted_app:s0:c512,c768 tcontext=u:r:system_app:s0 tclass=dir permissive=0
07-11 22:20:26.173  1538  1538 W pool-1-thread-1: type=1400 audit(0.0:719): avc: denied { search } for name="2744" dev="proc" ino=1019459 scontext=u:r:untrusted_app:s0:c512,c768 tcontext=u:r:system_app:s0 tclass=dir permissive=0
07-11 22:20:26.263  1538  1538 W pool-1-thread-1: type=1400 audit(0.0:720): avc: denied { search } for name="2769" dev="proc" ino=1019465 scontext=u:r:untrusted_app:s0:c512,c768 tcontext=u:r:qtitetherservice_app:s0 tclass=dir permissive=0
07-11 22:20:26.323  1538  1538 W pool-1-thread-1: type=1400 audit(0.0:721): avc: denied { search } for name="2790" dev="proc" ino=1019022 scontext=u:r:untrusted_app:s0:c512,c768 tcontext=u:r:radio:s0 tclass=dir permissive=0
07-11 22:20:26.373  1538  1538 W pool-1-thread-1: type=1400 audit(0.0:722): avc: denied { search } for name="2809" dev="proc" ino=1019466 scontext=u:r:untrusted_app:s0:c512,c768 tcontext=u:r:platform_app:s0:c512,c768 tclass=dir permissive=0
07-11 22:20:26.473  1538  1538 W pool-1-thread-1: type=1400 audit(0.0:723): avc: denied { search } for name="3030" dev="proc" ino=1019470 scontext=u:r:untrusted_app:s0:c512,c768 tcontext=u:r:radio:s0 tclass=dir permissive=0
07-11 22:20:26.583  1538  1538 W pool-1-thread-1: type=1400 audit(0.0:724): avc: denied { search } for name="3308" dev="proc" ino=1019474 scontext=u:r:untrusted_app:s0:c512,c768 tcontext=u:r:kernel:s0 tclass=dir permissive=0
07-11 22:20:26.623  1538  1538 W pool-1-thread-1: type=1400 audit(0.0:725): avc: denied { search } for name="3313" dev="proc" ino=1019475 scontext=u:r:untrusted_app:s0:c512,c768 tcontext=u:r:kernel:s0 tclass=dir permissive=0
07-11 22:20:26.683  1538  1538 W pool-1-thread-1: type=1400 audit(0.0:726): avc: denied { search } for name="3352" dev="proc" ino=1019127 scontext=u:r:untrusted_app:s0:c512,c768 tcontext=u:r:perfd:s0 tclass=dir permissive=0
07-11 22:20:26.723  1538  1538 W pool-1-thread-1: type=1400 audit(0.0:727): avc: denied { search } for name="3840" dev="proc" ino=1019476 scontext=u:r:untrusted_app:s0:c512,c768 tcontext=u:r:system_app:s0 tclass=dir permissive=0
07-11 22:20:26.823  1538  1538 W pool-1-thread-1: type=1400 audit(0.0:728): avc: denied { search } for name="5391" dev="proc" ino=1019479 scontext=u:r:untrusted_app:s0:c512,c768 tcontext=u:r:kernel:s0 tclass=dir permissive=0
07-11 22:20:27.102  1138  1276 D PowerManagerService: releaseWakeLockInternal: lock=151991593 [WindowManager], flags=0x0,packName=android, total_time=2653ms
07-11 22:20:27.121  1138  2818 W ActivityManager: Unable to start service Intent { act=org.agoo.android.intent.action.PING_V4 cat=[taobao] pkg=com.taobao.taobao } U=0: not found
07-11 22:20:27.153  1538  1538 W pool-1-thread-1: type=1400 audit(0.0:729): avc: denied { search } for name="7241" dev="proc" ino=1017643 scontext=u:r:untrusted_app:s0:c512,c768 tcontext=u:r:system_app:s0 tclass=dir permissive=0
07-11 22:20:27.213  1538  1538 W pool-1-thread-1: type=1400 audit(0.0:730): avc: denied { search } for name="9417" dev="proc" ino=1017644 scontext=u:r:untrusted_app:s0:c512,c768 tcontext=u:r:kernel:s0 tclass=dir permissive=0
07-11 22:20:27.253  1538  1538 W pool-1-thread-1: type=1400 audit(0.0:731): avc: denied { search } for name="10140" dev="proc" ino=1017645 scontext=u:r:untrusted_app:s0:c512,c768 tcontext=u:r:kernel:s0 tclass=dir permissive=0
07-11 22:20:27.403  1538  1538 W pool-1-thread-1: type=1400 audit(0.0:732): avc: denied { search } for name="23602" dev="proc" ino=1017651 scontext=u:r:untrusted_app:s0:c512,c768 tcontext=u:r:kernel:s0 tclass=dir permissive=0
07-11 22:20:27.453  1538  1538 W pool-1-thread-1: type=1400 audit(0.0:733): avc: denied { search } for name="24966" dev="proc" ino=1017652 scontext=u:r:untrusted_app:s0:c512,c768 tcontext=u:r:system_app:s0 tclass=dir permissive=0
07-11 22:20:27.503  1538  1538 W pool-1-thread-1: type=1400 audit(0.0:734): avc: denied { search } for name="25602" dev="proc" ino=1017653 scontext=u:r:untrusted_app:s0:c512,c768 tcontext=u:r:system_app:s0 tclass=dir permissive=0
07-11 22:20:27.553  1538  1538 W pool-1-thread-1: type=1400 audit(0.0:735): avc: denied { search } for name="25804" dev="proc" ino=1017654 scontext=u:r:untrusted_app:s0:c512,c768 tcontext=u:r:platform_app:s0:c512,c768 tclass=dir permissive=0
07-11 22:20:27.663  1538  1538 W pool-1-thread-1: type=1400 audit(0.0:736): avc: denied { search } for name="26569" dev="proc" ino=1017657 scontext=u:r:untrusted_app:s0:c512,c768 tcontext=u:r:kernel:s0 tclass=dir permissive=0
07-11 22:20:27.773  1538  1538 W pool-1-thread-1: type=1400 audit(0.0:737): avc: denied { search } for name="26858" dev="proc" ino=1019363 scontext=u:r:untrusted_app:s0:c512,c768 tcontext=u:r:system_app:s0 tclass=dir permissive=0
07-11 22:20:27.923  1538  1538 W pool-1-thread-1: type=1400 audit(0.0:738): avc: denied { search } for name="29437" dev="proc" ino=1017658 scontext=u:r:untrusted_app:s0:c512,c768 tcontext=u:r:kernel:s0 tclass=dir permissive=0
07-11 22:20:27.973  1538  1538 W pool-1-thread-1: type=1400 audit(0.0:739): avc: denied { search } for name="29835" dev="proc" ino=1019367 scontext=u:r:untrusted_app:s0:c512,c768 tcontext=u:r:platform_app:s0:c512,c768 tclass=dir permissive=0
07-11 22:20:28.023  1138  1170 D PowerManagerService: acquireWakeLockInternal: lock=262939591, flags=0x1, tag="RILJ", ws=null, uid=1001, pid=2790, packageName=com.android.phone
07-11 22:20:28.027  1138  2815 D PowerManagerService: releaseWakeLockInternal: lock=262939591 [RILJ], flags=0x0,packName=com.android.phone, total_time=3ms
07-11 22:20:28.033  1538  1538 W pool-1-thread-1: type=1400 audit(0.0:740): avc: denied { search } for name="30490" dev="proc" ino=1017659 scontext=u:r:untrusted_app:s0:c512,c768 tcontext=u:r:kernel:s0 tclass=dir permissive=0
07-11 22:20:28.123  1538  1538 W pool-1-thread-1: type=1400 audit(0.0:741): avc: denied { search } for name="31291" dev="proc" ino=1017662 scontext=u:r:untrusted_app:s0:c512,c768 tcontext=u:r:kernel:s0 tclass=dir permissive=0
07-11 22:20:28.173  1538  1538 W pool-1-thread-1: type=1400 audit(0.0:742): avc: denied { search } for name="31476" dev="proc" ino=1017663 scontext=u:r:untrusted_app:s0:c512,c768 tcontext=u:r:kernel:s0 tclass=dir permissive=0
07-11 22:20:28.233  1538  1538 W pool-1-thread-1: type=1400 audit(0.0:743): avc: denied { search } for name="31911" dev="proc" ino=1017664 scontext=u:r:untrusted_app:s0:c512,c768 tcontext=u:r:kernel:s0 tclass=dir permissive=0
07-11 22:20:28.283  1538  1538 W pool-1-thread-1: type=1400 audit(0.0:744): avc: denied { search } for name="31997" dev="proc" ino=1019520 scontext=u:r:untrusted_app:s0:c512,c768 tcontext=u:r:kernel:s0 tclass=dir permissive=0
07-11 22:20:28.333  1538  1538 W pool-1-thread-1: type=1400 audit(0.0:745): avc: denied { search } for name="32133" dev="proc" ino=1019521 scontext=u:r:untrusted_app:s0:c512,c768 tcontext=u:r:kernel:s0 tclass=dir permissive=0
07-11 22:20:28.383  1538  1538 W pool-1-thread-1: type=1400 audit(0.0:746): avc: denied { search } for name="32199" dev="proc" ino=1019522 scontext=u:r:untrusted_app:s0:c512,c768 tcontext=u:r:kernel:s0 tclass=dir permissive=0
07-11 22:20:28.443  1538  1538 W pool-1-thread-1: type=1400 audit(0.0:747): avc: denied { search } for name="32200" dev="proc" ino=1019523 scontext=u:r:untrusted_app:s0:c512,c768 tcontext=u:r:kernel:s0 tclass=dir permissive=0
07-11 22:20:28.483  1538  1538 W pool-1-thread-1: type=1400 audit(0.0:748): avc: denied { search } for name="32201" dev="proc" ino=1019524 scontext=u:r:untrusted_app:s0:c512,c768 tcontext=u:r:kernel:s0 tclass=dir permissive=0
07-11 22:20:28.543  1538  1538 W pool-1-thread-1: type=1400 audit(0.0:749): avc: denied { search } for name="32204" dev="proc" ino=1019525 scontext=u:r:untrusted_app:s0:c512,c768 tcontext=u:r:kernel:s0 tclass=dir permissive=0
07-11 22:20:28.593  1538  1538 W pool-1-thread-1: type=1400 audit(0.0:750): avc: denied { search } for name="32205" dev="proc" ino=1019526 scontext=u:r:untrusted_app:s0:c512,c768 tcontext=u:r:kernel:s0 tclass=dir permissive=0
07-11 22:20:28.633  1538  1538 W pool-1-thread-1: type=1400 audit(0.0:751): avc: denied { search } for name="32218" dev="proc" ino=1019527 scontext=u:r:untrusted_app:s0:c512,c768 tcontext=u:r:kernel:s0 tclass=dir permissive=0
07-11 22:20:28.743  1538  1538 W pool-1-thread-1: type=1400 audit(0.0:752): avc: denied { search } for name="32405" dev="proc" ino=1019145 scontext=u:r:untrusted_app:s0:c512,c768 tcontext=u:r:platform_app:s0:c512,c768 tclass=dir permissive=0
07-11 22:20:28.903  1538  1538 W pool-1-thread-1: type=1400 audit(0.0:753): avc: denied { search } for name="32544" dev="proc" ino=1017673 scontext=u:r:untrusted_app:s0:c512,c768 tcontext=u:r:platform_app:s0:c512,c768 tclass=dir permissive=0
07-11 22:20:29.065  1802  1802 W linker  : /data/data/com.UCMobile/UCMobile/amodel/a has text relocations. This is wasting memory and prevents security hardening. Please fix.
07-11 22:20:29.193  1138  1138 I DeviceStorageMonitorService: send Intent Intent { act=android.tct.feedback.checkLowStorage flg=0x4000000 }
07-11 22:20:31.408  2292  2292 D SignalController: getCurrentIconId mCurrentState.connected=true mCurrentState.enabled=true mCurrentState.inetCondition=1
07-11 22:20:32.149  1138  2149 D PowerManagerService: acquireWakeLockInternal: lock=24311999, flags=0x1, tag="*alarm*", ws=WorkSource{10164}, uid=1000, pid=1138, packageName=android
07-11 22:20:32.153  1138  1138 D PowerManagerService: releaseWakeLockInternal: lock=24311999 [*alarm*], flags=0x0,packName=android, total_time=4ms
07-11 22:20:32.422  2292  2292 D SignalController: getCurrentIconId mCurrentState.connected=true mCurrentState.enabled=true mCurrentState.inetCondition=1
07-11 22:20:35.306  1138  2149 D PowerManagerService: acquireWakeLockInternal: lock=24311999, flags=0x1, tag="*alarm*", ws=WorkSource{10086}, uid=1000, pid=1138, packageName=android
07-11 22:20:35.310  1138  3374 D PowerManagerService: acquireWakeLockInternal: lock=259186326, flags=0x1, tag="GCM_HB_ALARM", ws=WorkSource{10086 com.google.android.gms}, uid=10086, pid=3253, packageName=com.google.android.gms
07-11 22:20:35.315  1138  1138 D PowerManagerService: releaseWakeLockInternal: lock=24311999 [*alarm*], flags=0x0,packName=android, total_time=9ms
07-11 22:20:35.319  1138 23928 D PowerManagerService: releaseWakeLockInternal: lock=259186326 [GCM_HB_ALARM], flags=0x0,packName=com.google.android.gms, total_time=9ms
07-11 22:20:35.458  1138  2803 D PowerManagerService: acquireWakeLockInternal: lock=29272599, flags=0x1, tag="GCM_CONN", ws=WorkSource{10086 com.google.android.gms}, uid=10086, pid=3253, packageName=com.google.android.gms
07-11 22:20:35.488  1138  7939 D PowerManagerService: releaseWakeLockInternal: lock=29272599 [GCM_CONN], flags=0x0,packName=com.google.android.gms, total_time=28ms
07-11 22:20:37.151  1138  2149 D PowerManagerService: acquireWakeLockInternal: lock=24311999, flags=0x1, tag="*alarm*", ws=WorkSource{10079}, uid=1000, pid=1138, packageName=android
07-11 22:20:37.170  1138  1258 I ActivityManager: Start proc 1813:com.google.android.talk/u0a79 for broadcast com.google.android.talk/com.google.android.apps.hangouts.realtimechat.RealTimeChatService$AlarmReceiver
07-11 22:20:37.598  1513  1526 I art     : Background partial concurrent mark sweep GC freed 64987(6MB) AllocSpace objects, 41(3MB) LOS objects, 39% free, 18MB/30MB, paused 2.495ms total 123.932ms
07-11 22:20:38.245  1813  1813 I Babel_telephony: TeleModule.onApplicationCreate
07-11 22:20:38.280  1813  1835 I Babel_SMS: MmsConfig: mnc/mcc: 0/0
07-11 22:20:38.286  1813  1835 I Babel_SMS: MmsConfig.loadMmsSettings
07-11 22:20:38.288  1813  1835 I Babel_SMS: MmsConfig.loadDeviceMmsSettings from API: mUserAgent=Android-Mms/2.0, mUaProfUrl=http://www.google.com/oha/rdf/ua-profile-kila.xml
07-11 22:20:38.288  1813  1835 I Babel_SMS: MmsConfig.loadFromDatabase
07-11 22:20:38.309  1138  1170 D PowerManagerService: acquireWakeLockInternal: lock=150589619, flags=0x1, tag="hangouts_rtcs", ws=null, uid=10079, pid=1813, packageName=com.google.android.talk
07-11 22:20:38.336  1813  1835 E Babel_SMS: canonicalizeMccMnc: invalid mccmnc 
07-11 22:20:38.336  1813  1835 I Babel_SMS: MmsConfig.loadFromResources
07-11 22:20:38.338  1813  1835 E Babel_SMS: canonicalizeMccMnc: invalid mccmnc nullnull
07-11 22:20:38.339  1813  1835 I Babel_SMS: MmsConfig.loadMmsSettings: mUserAgent=Android-Mms/2.0, mUaProfUrl=http://www.google.com/oha/rdf/ua-profile-kila.xml
07-11 22:20:38.339  1813  1813 I Babel_Crash: Startup - clean
07-11 22:20:38.447  1138  2815 I ActivityManager: Start proc 1839:com.UCMobile:DownloadService/u0a164 for service com.UCMobile/com.uc.browser.core.download.service.RemoteDownloadService
07-11 22:20:38.492  1138  1138 D PowerManagerService: releaseWakeLockInternal: lock=24311999 [*alarm*], flags=0x0,packName=android, total_time=1341ms
07-11 22:20:38.525  1813  1813 D Babel   : onCreate: Shutdown runnable posted in onCreate with a delay of 5000 ms.
07-11 22:20:38.568  1138  7939 D PowerManagerService: releaseWakeLockInternal: lock=150589619 [hangouts_rtcs], flags=0x0,packName=com.google.android.talk, total_time=258ms
07-11 22:20:38.772  1813  1813 W linker  : /data/app/com.google.android.gms-1/lib/arm/libgmscore.so: unused DT entry: type 0x7ffffffd arg 0x785
07-11 22:20:38.805  1813  1813 W linker  : /data/app/com.google.android.gms-1/lib/arm/libconscrypt_gmscore_jni.so: unused DT entry: type 0x1d arg 0xe0
07-11 22:20:38.805  1813  1813 W linker  : /data/app/com.google.android.gms-1/lib/arm/libconscrypt_gmscore_jni.so: unused DT entry: type 0x7ffffffd arg 0x1c9
07-11 22:20:38.812  1813  1813 V JNIHelp : Registering com/google/android/gms/org/conscrypt/NativeCrypto's 255 native methods...
07-11 22:20:38.896  1813  1813 I ProviderInstaller: Installed default security provider GmsCore_OpenSSL
07-11 22:20:38.915  1813  1859 D Babel   : Idle: Shutdown runnable posted in release with a delay of 5000 ms.
07-11 22:20:39.138  1839  1839 I jni     : libcrashsdk.so loaded
07-11 22:20:39.327  1138  3275 D PowerManagerService: acquireWakeLockInternal: lock=96607928, flags=0x1, tag="com.uc.browser.core.download.service.RemoteDownloadService", ws=null, uid=10164, pid=1839, packageName=com.UCMobile
07-11 22:20:41.438  2292  2292 D SignalController: getCurrentIconId mCurrentState.connected=true mCurrentState.enabled=true mCurrentState.inetCondition=1
07-11 22:20:42.448  2292  2292 D SignalController: getCurrentIconId mCurrentState.connected=true mCurrentState.enabled=true mCurrentState.inetCondition=1
07-11 22:20:42.792  1752  1778 I Process : Sending signal. PID: 1752 SIG: 9
07-11 22:20:42.874  1138  2818 I ActivityManager: Process com.UCMobile:RemoteStatService (pid 1752) has died
07-11 22:20:43.022 26694 26694 I Finsky  : [1] com.google.android.finsky.utils.dm.onTrimMemory(25): Memory trim requested to level 80
07-11 22:20:43.919  1813  1813 D Babel   : RefCountedService(com.google.android.apps.hangouts.requestwriter.RequestWriter) onDestroy (count=0, startId=1 stopped=true)
07-11 22:20:44.452  2292  2292 D SignalController: getCurrentIconId mCurrentState.connected=true mCurrentState.enabled=true mCurrentState.inetCondition=1
07-11 22:20:45.455  2292  2292 D SignalController: getCurrentIconId mCurrentState.connected=true mCurrentState.enabled=true mCurrentState.inetCondition=1
07-11 22:20:46.175  1138  2222 D PowerManagerService: acquireWakeLockInternal: lock=126636104, flags=0x1, tag="NetworkStats", ws=null, uid=1000, pid=1138, packageName=android
07-11 22:20:46.215  1138  2222 I TetherStatsReporting: getTetherStats() called NetworkStats: elapsedRealtime=423639218
07-11 22:20:46.215  1138  2222 I TetherStatsReporting:   [0] iface=wlan0 uid=0 set=DEFAULT tag=0x0 rxBytes=4303094 rxPackets=29041 txBytes=320120 txPackets=5543 operations=0
07-11 22:20:46.215  1138  2222 I TetherStatsReporting:   [1] iface=wlan0 uid=0 set=FOREGROUND tag=0x0 rxBytes=0 rxPackets=0 txBytes=0 txPackets=0 operations=0
07-11 22:20:46.215  1138  2222 I TetherStatsReporting:   [2] iface=wlan0 uid=1000 set=DEFAULT tag=0x0 rxBytes=457655 rxPackets=1718 txBytes=221076 txPackets=2679 operations=0
07-11 22:20:46.215  1138  2222 I TetherStatsReporting:   [3] iface=wlan0 uid=1000 set=FOREGROUND tag=0x0 rxBytes=0 rxPackets=0 txBytes=0 txPackets=0 operations=0
07-11 22:20:46.215  1138  2222 I TetherStatsReporting:   [4] iface=wlan0 uid=10062 set=DEFAULT tag=0x0 rxBytes=64380 rxPackets=255 txBytes=52366 txPackets=289 operations=0
07-11 22:20:46.215  1138  2222 I TetherStatsReporting:   [5] iface=wlan0 uid=10062 set=FOREGROUND tag=0x0 rxBytes=0 rxPackets=0 txBytes=0 txPackets=0 operations=0
07-11 22:20:46.215  1138  2222 I TetherStatsReporting:   [6] iface=wlan0 uid=10064 set=DEFAULT tag=0x0 rxBytes=29409 rxPackets=52 txBytes=7948 txPackets=59 operations=0
07-11 22:20:46.215  1138  2222 I TetherStatsReporting:   [7] iface=wlan0 uid=10064 set=FOREGROUND tag=0x0 rxBytes=0 rxPackets=0 txBytes=0 txPackets=0 operations=0
07-11 22:20:46.215  1138  2222 I TetherStatsReporting:   [8] iface=wlan0 uid=10069 set=DEFAULT tag=0x0 rxBytes=99469 rxPackets=97 txBytes=5610 txPackets=75 operations=0
07-11 22:20:46.215  1138  2222 I TetherStatsReporting:   [9] iface=wlan0 uid=10069 set=FOREGROUND tag=0x0 rxBytes=0 rxPackets=0 txBytes=0 txPackets=0 operations=0
07-11 22:20:46.215  1138  2222 I TetherStatsReporting:   [10] iface=wlan0 uid=10070 set=DEFAULT tag=0x0 rxBytes=37024 rxPackets=85 txBytes=15518 txPackets=101 operations=0
07-11 22:20:46.215  1138  2222 I TetherStatsReporting:   [11] iface=wlan0 uid=10070 set=FOREGROUND tag=0x0 rxBytes=0 rxPackets=0 txBytes=0 txPackets=0 operations=0
07-11 22:20:46.215  1138  2222 I TetherStatsReporting:   [12] iface=wlan0 uid=10071 set=DEFAULT tag=0x0 rxBytes=19605 rxPackets=44 txBytes=6630 txPackets=54 operations=0
07-11 22:20:46.215  1138  2222 I TetherStatsReporting:   [13] iface=wlan0 uid=10071 set=FOREGROUND tag=0x0 rxBytes=0 rxPackets=0 txBytes=0 txPackets=0 operations=0
07-11 22:20:46.215  1138  2222 I TetherStatsReporting:   [14] iface=wlan0 uid=10072 set=DEFAULT tag=0x0 rxBytes=42459 rxPackets=81 txBytes=21065 txPackets=90 operations=0
07-11 22:20:46.215  1138  2222 I TetherStatsReporting:   [15] iface=wlan0 uid=10072 set=FOREGROUND tag=0x0 rxBytes=0 rxPackets=0 txBytes=0 txPackets=0 operations=0
07-11 22:20:46.215  1138  2222 I TetherStatsReporting:   [16] iface=wlan0 uid=10076 set=DEFAULT tag=0x0 rxBytes=20575 rxPackets=39 txBytes=4637 txPackets=40 operations=0
07-11 22:20:46.215  1138  2222 I TetherStatsReporting:   [17] iface=wlan0 uid=10076 set=FOREGROUND tag=0x0 rxBytes=0 rxPackets=0 txBytes=0 txPackets=0 operations=0
07-11 22:20:46.215  1138  2222 I TetherStatsReporting:   [18] iface=wlan0 uid=10081 set=DEFAULT tag=0x0 rxBytes=223886 rxPackets=471 txBytes=85758 txPackets=551 operations=0
07-11 22:20:46.215  1138  2222 I TetherStatsReporting:   [19] iface=wlan0 uid=10081 set=FOREGROUND tag=0x0 rxBytes=0 rxPackets=0 txBytes=0 txPackets=0 operations=0
07-11 22:20:46.215  1138  2222 I TetherStatsReporting:   [20] iface=wlan0 uid=10086 set=DEFAULT tag=0x0 rxBytes=1647971 rxPackets=8307 txBytes=1082093 txPackets=9112 operations=0
07-11 22:20:46.215  1138  2222 I TetherStatsReporting:   [21] iface=wlan0 uid=10086 set=FOREGROUND tag=0x0 rxBytes=0 rxPackets=0 txBytes=0 txPackets=0 operations=0
07-11 22:20:46.215  1138  2222 I TetherStatsReporting:   [22] iface=wlan0 uid=10093 set=DEFAULT tag=0x0 rxBytes=260239 rxPackets=769 txBytes=216787 txPackets=911 operations=0
07-11 22:20:46.215  1138  2222 I TetherStatsReporting:   [23] iface=wlan0 uid=10093 set=FOREGROUND tag=0x0 rxBytes=0 rxPackets=0 txBytes=0 txPackets=0 operations=0
07-11 22:20:46.215  1138  2222 I TetherStatsReporting:   [24] iface=wlan0 uid=10094 set=DEFAULT tag=0x0 rxBytes=61351 rxPackets=172 txBytes=19475 txPackets=178 operations=0
07-11 22:20:46.215  1138  2222 I TetherStatsReporting:   [25] iface=wlan0 uid=10094 set=FOREGROUND tag=0x0 rxBytes=0 rxPackets=0 txBytes=0 txPackets=0 operations=0
07-11 22:20:46.215  1138  2222 I TetherStatsReporting:   [26] iface=wlan0 uid=10102 set=DEFAULT tag=0x0 rxBytes=0 rxPackets=0 txBytes=160 txPackets=4 operations=0
07-11 22:20:46.215  1138  2222 I TetherStatsReporting:   [27] iface=wlan0 uid=10102 set=FOREGROUND tag=0x0 rxBytes=0 rxPackets=0 txBytes=0 txPackets=0 operations=0
07-11 22:20:46.215  1138  2222 I TetherStatsReporting:   [28] iface=wlan0 uid=10152 set=DEFAULT tag=0x0 rxBytes=70247 rxPackets=311 txBytes=95037 txPackets=490 operations=0
07-11 22:20:46.215  1138  2222 I TetherStatsReporting:   [29] iface=wlan0 uid=10152 set=FOREGROUND tag=0x0 rxBytes=3057981 rxPackets=3523 txBytes=1456433 txPackets=4122 operations=0
07-11 22:20:46.215  1138  2222 I TetherStatsReporting:   [30] iface=wlan0 uid=10154 set=DEFAULT tag=0x0 rxBytes=170293 rxPackets=2560 txBytes=275497 txPackets=5624 operations=0
07-11 22:20:46.215  1138  2222 I TetherStatsReporting:   [31] iface=wlan0 uid=10154 set=FOREGROUND tag=0x0 rxBytes=0 rxPackets=0 txBytes=0 txPackets=0 operations=0
07-11 22:20:46.215  1138  2222 I TetherStatsReporting:   [32] iface=wlan0 uid=10156 set=DEFAULT tag=0x0 rxBytes=0 rxPackets=0 txBytes=60 txPackets=1 operations=0
07-11 22:20:46.215  1138  2222 I TetherStatsReporting:   [33] iface=wlan0 uid=10156 set=FOREGROUND tag=0x0 rxBytes=0 rxPackets=0 txBytes=120 txPackets=2 operations=0
07-11 22:20:46.215  1138  2222 I TetherStatsReporting:   [34] iface=wlan0 uid=10159 set=DEFAULT tag=0x0 rxBytes=1907410 rxPackets=2864 txBytes=466466 txPackets=3528 operations=0
07-11 22:20:46.215  1138  2222 I TetherStatsReporting:   [35] iface=wlan0 u
07-11 22:20:46.215  1138  2222 I TetherStatsReporting: combining tether stats
07-11 22:20:46.279  1138  2222 D PowerManagerService: releaseWakeLockInternal: lock=126636104 [NetworkStats], flags=0x0,packName=android, total_time=104ms
07-11 22:20:48.034  1138  2268 D PowerManagerService: acquireWakeLockInternal: lock=262939591, flags=0x1, tag="RILJ", ws=null, uid=1001, pid=2790, packageName=com.android.phone
07-11 22:20:48.038  1138  2815 D PowerManagerService: releaseWakeLockInternal: lock=262939591 [RILJ], flags=0x0,packName=com.android.phone, total_time=4ms
07-11 22:20:51.788   243   243 D VM_BMS  : wake_lock acquired
07-11 22:20:51.788   243   243 D VM_BMS  : New BMS data - Size=56
07-11 22:20:51.788   243   243 D VM_BMS  : Start process_bms_data
07-11 22:20:51.788   243   243 D VM_BMS  : Battery charge_cycle=3 fcc_adjust=93 rbatt_adjust=93 cycle_changed=false
07-11 22:20:51.790   243   243 D VM_BMS  : For batt_temp=298 fcc_mah=2515
07-11 22:20:51.790   243   243 D VM_BMS  : Lookup fcc_mah=2515.000000  adjusted fcc_mah=2512.661133
07-11 22:20:51.790   243   243 D VM_BMS  : For ocv=4336849 batt_temp=298 soc=100
07-11 22:20:51.790   243   243 D VM_BMS  : fifo_count=5 acc_count=0
07-11 22:20:51.790   243   243 D VM_BMS  : INIT: ocv=4336849 last_ocv=4336849 batt_temp=298 soc=100
07-11 22:20:51.790   243   243 D VM_BMS  : For soc=100 batt_temp=298 slope=13800
07-11 22:20:51.790   243   243 D VM_BMS  : For soc=100 batt_temp=298 rbatt_sf=93
07-11 22:20:51.790   243   243 D VM_BMS  : rbatt_mohm_default=148, rbatt_mohm=137, sf=93 batt_temp=298
07-11 22:20:51.790   243   243 D VM_BMS  : Lookup rbatt=137.000000  adjusted rbatt=137.127411
07-11 22:20:51.790   243   243 D VM_BMS  : For ocv=4336844 batt_temp=298 soc=100
07-11 22:20:51.790   243   243 D VM_BMS  : FIFO=0 fifo_avg=4.336201 rbatt=0.187127 slope=1.380000 ibatt=0.003450 ocv=4.336844 soc=100 fcc_ah=2.512661 sample_count=128 sample_interval=70 seq_num=9398
07-11 22:20:51.790   243   243 D VM_BMS  : For soc=100 batt_temp=298 slope=13800
07-11 22:20:51.790   243   243 D VM_BMS  : For soc=100 batt_temp=298 rbatt_sf=93
07-11 22:20:51.790   243   243 D VM_BMS  : rbatt_mohm_default=148, rbatt_mohm=137, sf=93 batt_temp=298
07-11 22:20:51.790   243   243 D VM_BMS  : Lookup rbatt=137.000000  adjusted rbatt=137.127411
07-11 22:20:51.791   243   243 D VM_BMS  : For ocv=4336830 batt_temp=298 soc=100
07-11 22:20:51.791   243   243 D VM_BMS  : FIFO=1 fifo_avg=4.335029 rbatt=0.187127 slope=1.380000 ibatt=0.009663 ocv=4.336831 soc=100 fcc_ah=2.512661 sample_count=128 sample_interval=70 seq_num=9398
07-11 22:20:51.791   243   243 D VM_BMS  : For soc=100 batt_temp=298 slope=13800
07-11 22:20:51.791   243   243 D VM_BMS  : For soc=100 batt_temp=298 rbatt_sf=93
07-11 22:20:51.791   243   243 D VM_BMS  : rbatt_mohm_default=148, rbatt_mohm=137, sf=93 batt_temp=298
07-11 22:20:51.791   243   243 D VM_BMS  : Lookup rbatt=137.000000  adjusted rbatt=137.127411
07-11 22:20:51.791   243   243 D VM_BMS  : For ocv=4336847 batt_temp=298 soc=100
07-11 22:20:51.791   243   243 D VM_BMS  : FIFO=2 fifo_avg=4.339169 rbatt=0.187127 slope=1.380000 ibatt=-0.012453 ocv=4.336847 soc=100 fcc_ah=2.512661 sample_count=128 sample_interval=70 seq_num=9398
07-11 22:20:51.791   243   243 D VM_BMS  : For soc=100 batt_temp=298 slope=13800
07-11 22:20:51.791   243   243 D VM_BMS  : For soc=100 batt_temp=298 rbatt_sf=93
07-11 22:20:51.791   243   243 D VM_BMS  : rbatt_mohm_default=148, rbatt_mohm=137, sf=93 batt_temp=298
07-11 22:20:51.791   243   243 D VM_BMS  : Lookup rbatt=137.000000  adjusted rbatt=137.127411
07-11 22:20:51.791   243   243 D VM_BMS  : For ocv=4336885 batt_temp=298 soc=100
07-11 22:20:51.791   243   243 D VM_BMS  : FIFO=3 fifo_avg=4.342127 rbatt=0.187127 slope=1.380000 ibatt=-0.028113 ocv=4.336885 soc=100 fcc_ah=2.512661 sample_count=128 sample_interval=70 seq_num=9398
07-11 22:20:51.791   243   243 D VM_BMS  : For soc=100 batt_temp=298 slope=13800
07-11 22:20:51.791   243   243 D VM_BMS  : For soc=100 batt_temp=298 rbatt_sf=93
07-11 22:20:51.791   243   243 D VM_BMS  : rbatt_mohm_default=148, rbatt_mohm=137, sf=93 batt_temp=298
07-11 22:20:51.791   243   243 D VM_BMS  : Lookup rbatt=137.000000  adjusted rbatt=137.127411
07-11 22:20:51.791   243   243 D VM_BMS  : For ocv=4336934 batt_temp=298 soc=100
07-11 22:20:51.791   243   243 D VM_BMS  : FIFO=4 fifo_avg=4.343611 rbatt=0.187127 slope=1.380000 ibatt=-0.035811 ocv=4.336934 soc=100 fcc_ah=2.512661 sample_count=128 sample_interval=70 seq_num=9398
07-11 22:20:51.792   243   243 I VM_BMS  : power_supply_update: ocv_uv=4336934 ibatt=-35811 soc=100 seq_num=9398
07-11 22:20:51.792   243   243 D VM_BMS  : End process_bms_data
07-11 22:20:51.792   243   243 D VM_BMS  : wake_lock released
07-11 22:20:53.253  1813  1832 W Babel   : bcq TOOK TOO LONG! (15000ms > 10000ms)
07-11 22:20:53.254  1813  1830 W Babel   : bcq TOOK TOO LONG! (15001ms > 10000ms)
07-11 22:20:53.299  1138  1169 I Telecom : PhoneAccountRegistrar: SimCallManager queried, returning: null
07-11 22:20:53.319  1813  1813 I Babel_telephony: TeleModule.updateConnectionManagerRegistration, registration preference changed from false to false
07-11 22:20:53.320  1813  1813 W Babel   : BAM#gBA: invalid account id: -1
07-11 22:20:53.320  1813  1813 W Babel   : BAM#gBA: invalid account id: -1
07-11 22:20:53.320  1813  1813 I Babel_telephony: TeleModule.updateIncomingCallRegistration, preferred account for incoming calls changed from: null to null
07-11 22:20:53.327  1138  3374 I Telecom : PhoneAccountRegistrar: SimCallManager queried, returning: null
07-11 22:20:53.336  1138 23929 D PowerManagerService: acquireWakeLockInternal: lock=55792785, flags=0x1, tag="matchstick_broadcast_wakelock", ws=null, uid=10079, pid=1813, packageName=com.google.android.talk
07-11 22:20:53.351  1138  1258 I ActivityManager: Start proc 1891:com.google.android.talk:matchstick/u0a79 for broadcast com.google.android.talk/com.google.android.libraries.matchstick.net.MatchstickInProcessReceiver
07-11 22:20:53.481  1813  1852 W Babel   : bcq TOOK TOO LONG! (15000ms > 10000ms)
07-11 22:20:53.647  3253  3532 I Scheduler: Cleaning up unwanted schedulers, if there are any.
07-11 22:20:53.681  1138  2818 D BatteryService: Processing new values: chargerAcOnline=false, chargerUsbOnline=true, chargerWirelessOnline=false, maxChargingCurrent500000, batteryStatus=5, batteryHealth=2, batteryPresent=true, batteryLevel=100, batteryTechnology=Li-ion, batteryVoltage=4324, batteryTemperature=298, mBatteryLevelCritical=false, mPlugType=2
07-11 22:20:53.681  1138  2818 V LightsService: setLight #4: color=#0
07-11 22:20:53.681  1138  2818 E qdlights: set_speaker_light_locked mode 0, colorRGB=00000000, onMS=0, offMS=0
07-11 22:20:53.682  1138  2818 V LightsService: setLight #4: color=#ff00ff00
07-11 22:20:53.682  1138  2818 E qdlights: set_speaker_light_locked mode 0, colorRGB=FF00FF00, onMS=0, offMS=0
07-11 22:20:53.685  2292  2292 D KeyguardUpdateMonitor: received broadcast android.intent.action.BATTERY_CHANGED
07-11 22:20:53.687  1138  3275 D PowerManagerService: acquireWakeLockInternal: lock=237433267, flags=0x1, tag="ContextManagerWakeLock", ws=WorkSource{10086 com.google.android.gms}, uid=10086, pid=3253, packageName=com.google.android.gms
07-11 22:20:53.688  2292  2292 D KeyguardUpdateMonitor: handleBatteryUpdate
07-11 22:20:53.691 25602 25602 D Settings/BW: WarningMessage:receive broadcast from BatteryService:Intent { act=android.intent.action.BATTERY_CHANGED flg=0x60000010 (has extras) }
07-11 22:20:53.695 25602 25602 D WarningMessage:: mTemperature is 298
07-11 22:20:53.695 25602 25602 D WarningMessage:: mOldPlugType is 2 mPlugType is 2
07-11 22:20:53.697  1138  2310 D PowerManagerService: releaseWakeLockInternal: lock=237433267 [ContextManagerWakeLock], flags=0x0,packName=com.google.android.gms, total_time=10ms
07-11 22:20:54.000  1138  3275 D PowerManagerService: acquireWakeLockInternal: lock=232156772, flags=0x1, tag="register_service_start_wakelock", ws=null, uid=10079, pid=1891, packageName=com.google.android.talk
07-11 22:20:54.017  1138  2803 D PowerManagerService: acquireWakeLockInternal: lock=41911682, flags=0x1, tag="*net_scheduler*", ws=WorkSource{10086 com.google.android.gms}, uid=10086, pid=3253, packageName=com.google.android.gms
07-11 22:20:54.026 26694 26694 I Finsky  : [1] com.google.android.finsky.utils.dm.onTrimMemory(25): Memory trim requested to level 80
07-11 22:20:54.106  1138  3275 D PowerManagerService: releaseWakeLockInternal: lock=41911682 [*net_scheduler*], flags=0x0,packName=com.google.android.gms, total_time=88ms
07-11 22:20:54.149  1891  1910 I MS_RegisterService: RegisterService intent:Intent { act=register_intent_action flg=0x10 cmp=com.google.android.talk/com.google.android.libraries.matchstick.net.SilentRegisterService } isPeriodic:false
07-11 22:20:54.193  1891  1910 W linker  : /data/app/com.google.android.gms-1/lib/arm/libgmscore.so: unused DT entry: type 0x7ffffffd arg 0x785
07-11 22:20:54.219  1891  1910 W linker  : /data/app/com.google.android.gms-1/lib/arm/libconscrypt_gmscore_jni.so: unused DT entry: type 0x1d arg 0xe0
07-11 22:20:54.219  1891  1910 W linker  : /data/app/com.google.android.gms-1/lib/arm/libconscrypt_gmscore_jni.so: unused DT entry: type 0x7ffffffd arg 0x1c9
07-11 22:20:54.226  1891  1910 V JNIHelp : Registering com/google/android/gms/org/conscrypt/NativeCrypto's 255 native methods...
07-11 22:20:54.270  1891  1910 I ProviderInstaller: Installed default security provider GmsCore_OpenSSL
07-11 22:20:54.272  1891  1910 I MS_RegisterService: Not registered and not enabled. Doing nothing.
07-11 22:20:54.272  1138  2310 D PowerManagerService: releaseWakeLockInternal: lock=232156772 [register_service_start_wakelock], flags=0x0,packName=com.google.android.talk, total_time=272ms
07-11 22:20:54.277  1138  2803 I ActivityManager: Killing 1202:com.android.shell/2000 (adj 15): empty #17
07-11 22:20:57.732  1138  3275 D PowerManagerService: releaseWakeLockInternal: lock=96607928 [com.uc.browser.core.download.service.RemoteDownloadService], flags=0x0,packName=com.UCMobile, total_time=18405ms
07-11 22:20:58.343  1138  7939 D PowerManagerService: releaseWakeLockInternal: lock=55792785 [matchstick_broadcast_wakelock], flags=0x0,packName=com.google.android.talk, total_time=5007ms
07-11 22:20:59.194  1138  1138 I DeviceStorageMonitorService: send Intent Intent { act=android.tct.feedback.checkLowStorage flg=0x4000000 }
07-11 22:20:59.482  2292  2292 D SignalController: getCurrentIconId mCurrentState.connected=true mCurrentState.enabled=true mCurrentState.inetCondition=1
07-11 22:21:00.001  1138  2149 D PowerManagerService: acquireWakeLockInternal: lock=24311999, flags=0x40000001, tag="*alarm*", ws=WorkSource{1000}, uid=1000, pid=1138, packageName=android
07-11 22:21:00.004  2292  2292 D KeyguardUpdateMonitor: received broadcast android.intent.action.TIME_TICK
07-11 22:21:00.004  2292  2292 D KeyguardUpdateMonitor: handleTimeUpdate
07-11 22:21:00.007  2292  2292 D td3     : bbbbbbbbbbb=EEEE, MM.dd.yyyy
07-11 22:21:00.014  2292  2292 D StatusBarClock: mDemoMode :false
07-11 22:21:00.015  2292  2292 D StatusBarClock: result:10:21 PM
07-11 22:21:00.085  1138  1138 D PowerManagerService: releaseWakeLockInternal: lock=24311999 [*alarm*], flags=0x0,packName=android, total_time=84ms
07-11 22:21:01.487  2292  2292 D SignalController: getCurrentIconId mCurrentState.connected=true mCurrentState.enabled=true mCurrentState.inetCondition=1
07-11 22:21:08.055  1138  1170 D PowerManagerService: acquireWakeLockInternal: lock=262939591, flags=0x1, tag="RILJ", ws=null, uid=1001, pid=2790, packageName=com.android.phone
07-11 22:21:08.059  1138  2310 D PowerManagerService: releaseWakeLockInternal: lock=262939591 [RILJ], flags=0x0,packName=com.android.phone, total_time=4ms
07-11 22:21:09.506  2292  2292 D SignalController: getCurrentIconId mCurrentState.connected=true mCurrentState.enabled=true mCurrentState.inetCondition=1
07-11 22:21:10.508  2292  2292 D SignalController: getCurrentIconId mCurrentState.connected=true mCurrentState.enabled=true mCurrentState.inetCondition=1
07-11 22:21:13.516  2292  2292 D SignalController: getCurrentIconId mCurrentState.connected=true mCurrentState.enabled=true mCurrentState.inetCondition=1
07-11 22:21:16.523  2292  2292 D SignalController: getCurrentIconId mCurrentState.connected=true mCurrentState.enabled=true mCurrentState.inetCondition=1
07-11 22:21:17.323  1138  1279 D DisplayPowerController: setScreenOn true
07-11 22:21:17.324  1138  1279 D PowerManagerService: DisplayPowerControllerCallbacks onStateChanged
07-11 22:21:17.336  1138  2263 V LightsService: setLight #0: color=#ff646464
07-11 22:21:17.352  1138  2263 V LightsService: setLight #0: color=#ff606060
07-11 22:21:17.369  1138  2263 V LightsService: setLight #0: color=#ff5d5d5d
07-11 22:21:17.385  1138  2263 V LightsService: setLight #0: color=#ff5a5a5a
07-11 22:21:17.400  1138  2263 V LightsService: setLight #0: color=#ff575757
07-11 22:21:17.417  1138  2263 V LightsService: setLight #0: color=#ff545454
07-11 22:21:17.433  1138  2263 V LightsService: setLight #0: color=#ff505050
07-11 22:21:17.449  1138  2263 V LightsService: setLight #0: color=#ff4d4d4d
07-11 22:21:17.465  1138  2263 V LightsService: setLight #0: color=#ff4a4a4a
07-11 22:21:17.481  1138  2263 V LightsService: setLight #0: color=#ff474747
07-11 22:21:17.497  1138  2263 V LightsService: setLight #0: color=#ff434343
07-11 22:21:17.513  1138  2263 V LightsService: setLight #0: color=#ff404040
07-11 22:21:17.529  2292  2292 D SignalController: getCurrentIconId mCurrentState.connected=true mCurrentState.enabled=true mCurrentState.inetCondition=1
07-11 22:21:17.530  1138  2263 V LightsService: setLight #0: color=#ff3d3d3d
07-11 22:21:17.547  1138  2263 V LightsService: setLight #0: color=#ff3a3a3a
07-11 22:21:17.562  1138  2263 V LightsService: setLight #0: color=#ff373737
07-11 22:21:17.578  1138  2263 V LightsService: setLight #0: color=#ff333333
07-11 22:21:17.594  1138  2263 V LightsService: setLight #0: color=#ff303030
07-11 22:21:17.610  1138  2263 V LightsService: setLight #0: color=#ff2d2d2d
07-11 22:21:17.626  1138  2263 V LightsService: setLight #0: color=#ff2a2a2a
07-11 22:21:17.642  1138  2263 V LightsService: setLight #0: color=#ff262626
07-11 22:21:17.659  1138  2263 V LightsService: setLight #0: color=#ff232323
07-11 22:21:17.675  1138  2263 V LightsService: setLight #0: color=#ff202020
07-11 22:21:17.691  1138  2263 V LightsService: setLight #0: color=#ff1d1d1d
07-11 22:21:17.707  1138  2263 V LightsService: setLight #0: color=#ff191919
07-11 22:21:17.724  1138  2263 V LightsService: setLight #0: color=#ff161616
07-11 22:21:17.739  1138  2263 V LightsService: setLight #0: color=#ff131313
07-11 22:21:17.755  1138  2263 V LightsService: setLight #0: color=#ff101010
07-11 22:21:17.771  1138  2263 V LightsService: setLight #0: color=#ff0d0d0d
07-11 22:21:17.787  1138  1279 D DisplayPowerController: setScreenOn true
07-11 22:21:17.788  1138  2263 V LightsService: setLight #0: color=#ff0a0a0a
07-11 22:21:17.977   718   718 D AndroidRuntime: >>>>>> START com.android.internal.os.RuntimeInit uid 10154 <<<<<<
07-11 22:21:17.998   718   718 D AndroidRuntime: CheckJNI is OFF
07-11 22:21:18.120   718   718 D ICU     : No timezone override file found: /data/misc/zoneinfo/current/icu/icu_tzdata.dat
07-11 22:21:18.290   718   718 I Radio-JNI: register_android_hardware_Radio DONE
07-11 22:21:18.307  1933  1933 E asset   : setgid: Operation not permitted
07-11 22:21:18.417   718   718 D AndroidRuntime: Calling main entry com.android.commands.am.Am
07-11 22:21:18.426   718   718 D AndroidRuntime: Shutting down VM
07-11 22:21:18.439 14284 14300 D ONE SDK : [2016/7/11 22:21:18:438]: [chatservice] start sticky!
07-11 22:21:18.530  2292  2292 D SignalController: getCurrentIconId mCurrentState.connected=true mCurrentState.enabled=true mCurrentState.inetCondition=1
07-11 22:21:18.676  1937  1937 D hyphenate: start creating MyService
07-11 22:21:19.534  2292  2292 D SignalController: getCurrentIconId mCurrentState.connected=true mCurrentState.enabled=true mCurrentState.inetCondition=1
07-11 22:21:19.729  1138  2149 D PowerManagerService: acquireWakeLockInternal: lock=24311999, flags=0x1, tag="*alarm*", ws=WorkSource{10154}, uid=1000, pid=1138, packageName=android
07-11 22:21:19.735 14284 14300 D ONE SDK : [2016/7/11 22:21:19:734]: [EMHeartBeatReceiver] onReceive EMHeartBeatReceiver
07-11 22:21:19.756 14284 14300 D ONE SDK : [2016/7/11 22:21:19:755]: [smart ping] post heartbeat runnable
07-11 22:21:19.760 14284 14300 D ONE SDK : [2016/7/11 22:21:19:760]: [net] has wifi connection
07-11 22:21:19.762 14284 14300 D ONE SDK : [2016/7/11 22:21:19:761]: [smart ping] has network connection:true has data conn:true isConnected to hyphenate server : true
07-11 22:21:19.764 14284 14300 D ONE SDK : [2016/7/11 22:21:19:763]: [net] has wifi connection
07-11 22:21:19.765  1138  1138 D PowerManagerService: releaseWakeLockInternal: lock=24311999 [*alarm*], flags=0x0,packName=android, total_time=35ms
07-11 22:21:19.766  1138 23929 D PowerManagerService: acquireWakeLockInternal: lock=260416659, flags=0x1, tag="heartbeatlock", ws=null, uid=10154, pid=14284, packageName=com.hyphenate.chatuidemo
07-11 22:21:19.768 14284 14300 D ONE SDK : [2016/7/11 22:21:19:767]: [smart ping] acquire wake lock
07-11 22:21:19.768 14284 14300 D ONE SDK : [2016/7/11 22:21:19:768]: [smart ping] check pingpong ...
07-11 22:21:20.536  2292  2292 D SignalController: getCurrentIconId mCurrentState.connected=true mCurrentState.enabled=true mCurrentState.inetCondition=1
07-11 22:21:20.770 14284 14300 D ONE SDK : [2016/7/11 22:21:20:769]: [smart ping] send ping-pong type heartbeat
07-11 22:21:20.771 14284 14300 D ONE SDK : [2016/7/11 22:21:20:771]: log: level: 0, area: 1, sendPing
07-11 22:21:20.772 14284 14300 D ONE SDK : [2016/7/11 22:21:20:771]: log: level: 1, area: 1, SEND:
07-11 22:21:20.772 14284 14300 D ONE SDK : { verison : MSYNC_V1, compress_algorimth : 0, command : UNREAD, payload : {  } }
07-11 22:21:20.831 14284 14300 D ONE SDK : [2016/7/11 22:21:20:830]: log: level: 1, area: 1, RECV:
07-11 22:21:20.831 14284 14300 D ONE SDK : { verison : MSYNC_V1, command : UNREAD, payload : { status : { error_code : 0 }, timestamp : 1468300879960 } }
07-11 22:21:20.832 14284 14300 D ONE SDK : [2016/7/11 22:21:20:830]: log: level: 0, area: 1, NO unread queue, an response for ping?
07-11 22:21:20.832 14284 14336 I hyphenate_jni: native_1sendPing
07-11 22:21:20.836 14284 14300 D ONE SDK : [2016/7/11 22:21:20:836]: [smart ping] success to send ping pong ... with current heartbeat interval : 03:30:000
07-11 22:21:20.837 14284 14300 D ONE SDK : [2016/7/11 22:21:20:837]: [smart ping] send ping-pong successed
07-11 22:21:20.838 14284 14300 D ONE SDK : [2016/7/11 22:21:20:838]: [smart ping] that's already in the EMHitted state, just return...
07-11 22:21:20.839  1138  2818 D PowerManagerService: releaseWakeLockInternal: lock=260416659 [heartbeatlock], flags=0x0,packName=com.hyphenate.chatuidemo, total_time=1073ms
07-11 22:21:20.840 14284 14300 D ONE SDK : [2016/7/11 22:21:20:840]: [smart ping] released the wake lock
07-11 22:21:20.841 14284 14300 D ONE SDK : [2016/7/11 22:21:20:841]: [smart ping] schedule next alarm
07-11 22:21:20.842 14284 14300 D ONE SDK : [2016/7/11 22:21:20:842]: [smart ping] current heartbeat interval : 03:30:000 smart ping state : EMHitted
07-11 22:21:20.844 14284 14300 D ONE SDK : [2016/7/11 22:21:20:844]: [net] has wifi connection
07-11 22:21:20.846 14284 14336 I AlarmManager:   setExact -------------type : 0,  triggerAtMillis :1468301090845, package :com.hyphenate.chatuidemo
07-11 22:21:22.542  2292  2292 D SignalController: getCurrentIconId mCurrentState.connected=true mCurrentState.enabled=true mCurrentState.inetCondition=1
07-11 22:21:23.546  2292  2292 D SignalController: getCurrentIconId mCurrentState.connected=true mCurrentState.enabled=true mCurrentState.inetCondition=1
07-11 22:21:24.550  2292  2292 D SignalController: getCurrentIconId mCurrentState.connected=true mCurrentState.enabled=true mCurrentState.inetCondition=1
07-11 22:21:25.553  2292  2292 D SignalController: getCurrentIconId mCurrentState.connected=true mCurrentState.enabled=true mCurrentState.inetCondition=1
07-11 22:21:27.560  2292  2292 D SignalController: getCurrentIconId mCurrentState.connected=true mCurrentState.enabled=true mCurrentState.inetCondition=1
07-11 22:21:27.696   302   302 I rmt_storage: rmt_storage_connect_cb: clnt_h=0x10fd conn_h=0xb8ba4e90
07-11 22:21:27.696   302   302 I rmt_storage: rmt_storage_rw_iovec_cb: /boot/modem_fs1: clnt_h=0x10fd: req_h=0x10fd msg_id=3: R/W request received
07-11 22:21:27.696   302   302 I rmt_storage: wakelock acquired: 1, error no: 42
07-11 22:21:27.696   302   384 I rmt_storage: rmt_storage_client_thread: /boot/modem_fs1: clnt_h=0x10fd Unblock worker thread (th_id: -1232193232)
07-11 22:21:27.795   302   384 I rmt_storage: rmt_storage_client_thread: /boot/modem_fs1: clnt_h=0x10fd: req_h=0x10fd msg_id=3: Bytes written = 1441792
07-11 22:21:27.795   302   384 I rmt_storage: rmt_storage_client_thread: /boot/modem_fs1: clnt_h=0x10fd: req_h=0x10fd msg_id=3: Send response: res=0 err=0
07-11 22:21:27.795   302   384 I rmt_storage: rmt_storage_client_thread: /boot/modem_fs1: clnt_h=0x10fd About to block rmt_storage client thread (th_id: -1232193232) wakelock released: 1, error no: 11
07-11 22:21:27.795   302   384 I rmt_storage: 
07-11 22:21:27.798   302   302 I rmt_storage: rmt_storage_disconnect_cb: clnt_h=0x10fd conn_h=0xb8ba4e90
07-11 22:21:28.083  1138  1170 D PowerManagerService: acquireWakeLockInternal: lock=262939591, flags=0x1, tag="RILJ", ws=null, uid=1001, pid=2790, packageName=com.android.phone
07-11 22:21:28.087  1138  2310 D PowerManagerService: releaseWakeLockInternal: lock=262939591 [RILJ], flags=0x0,packName=com.android.phone, total_time=3ms
07-11 22:21:28.562  2292  2292 D SignalController: getCurrentIconId mCurrentState.connected=true mCurrentState.enabled=true mCurrentState.inetCondition=1
07-11 22:21:29.197  1138  1138 I DeviceStorageMonitorService: send Intent Intent { act=android.tct.feedback.checkLowStorage flg=0x4000000 }
07-11 22:21:29.567  2292  2292 D SignalController: getCurrentIconId mCurrentState.connected=true mCurrentState.enabled=true mCurrentState.inetCondition=1
07-11 22:21:32.575  2292  2292 D SignalController: getCurrentIconId mCurrentState.connected=true mCurrentState.enabled=true mCurrentState.inetCondition=1
07-11 22:21:33.578  2292  2292 D SignalController: getCurrentIconId mCurrentState.connected=true mCurrentState.enabled=true mCurrentState.inetCondition=1
07-11 22:21:34.579  2292  2292 D SignalController: getCurrentIconId mCurrentState.connected=true mCurrentState.enabled=true mCurrentState.inetCondition=1
07-11 22:21:35.584  2292  2292 D SignalController: getCurrentIconId mCurrentState.connected=true mCurrentState.enabled=true mCurrentState.inetCondition=1
07-11 22:21:36.587  2292  2292 D SignalController: getCurrentIconId mCurrentState.connected=true mCurrentState.enabled=true mCurrentState.inetCondition=1
07-11 22:21:37.590  2292  2292 D SignalController: getCurrentIconId mCurrentState.connected=true mCurrentState.enabled=true mCurrentState.inetCondition=1
07-11 22:21:38.593  2292  2292 D SignalController: getCurrentIconId mCurrentState.connected=true mCurrentState.enabled=true mCurrentState.inetCondition=1
07-11 22:21:39.596  2292  2292 D SignalController: getCurrentIconId mCurrentState.connected=true mCurrentState.enabled=true mCurrentState.inetCondition=1
07-11 22:21:39.929   243   243 D VM_BMS  : wake_lock acquired
07-11 22:21:39.929   243   243 D VM_BMS  : New BMS data - Size=56
07-11 22:21:39.929   243   243 D VM_BMS  : Start process_bms_data
07-11 22:21:39.929   243   243 D VM_BMS  : Battery charge_cycle=3 fcc_adjust=93 rbatt_adjust=93 cycle_changed=false
