07-11 22:19:30.463  1138  1138 D PowerManagerService: releaseWakeLockInternal: lock=24311999 [*alarm*], flags=0x0,packName=android, total_time=5ms
07-11 22:19:30.669  1138  2230 D ConnectivityService: notifyType CAP_CHANGED for NetworkAgentInfo [WIFI () - 100]
07-11 22:19:30.672  2292  2461 D SignalController: getCurrentIconId mCurrentState.connected=true mCurrentState.enabled=true mCurrentState.inetCondition=1
07-11 22:19:30.758 26694 26727 I Finsky  : [2359] com.google.android.finsky.c.c.a(311): Completed 0 account content syncs with 0 successful.
07-11 22:19:30.759 26694 26694 I Finsky  : [1] com.google.android.finsky.services.j.a(149): Installation state replication succeeded.
07-11 22:19:31.514  1138  1276 D PowerManagerService: releaseWakeLockInternal: lock=151991593 [WindowManager], flags=0x0,packName=android, total_time=2211ms
07-11 22:19:33.687  1138  2230 D ConnectivityService: notifyType CAP_CHANGED for NetworkAgentInfo [WIFI () - 100]
07-11 22:19:33.696  2292  2461 D SignalController: getCurrentIconId mCurrentState.connected=true mCurrentState.enabled=true mCurrentState.inetCondition=1
07-11 22:19:36.120  1337  1337 V tt      : BackgroundCache setResult: 浙江卫视明天晚上七点的节目
07-11 22:19:36.122  1337  1337 V tt      : showTip: 浙江卫视明天晚上七点的节目
07-11 22:19:36.122  1337  1337 D MscSpeechLog: start engine mode = MSC
07-11 22:19:36.125  1337  1337 D MscSpeechLog: curStatus=init,setStatus=start
07-11 22:19:36.125  1337  1337 D MscSpeechLog: setStatus success=start
07-11 22:19:36.133  1337  1440 D MscSpeechLog: curStatus=start,setStatus=waitresult
07-11 22:19:36.133  1337  1440 D MscSpeechLog: setStatus success=waitresult
07-11 22:19:36.146  1337  1440 D MscSpeechLog: get mmlc failed
07-11 22:19:36.147  1337  1440 D MscSpeechLog: [MSPSession searchResult]enter time:1468300776146
07-11 22:19:36.147  1337  1440 D MSC_LOG : QMSPSearch Begin
07-11 22:19:36.190  1138  2615 D PowerManagerService: acquireWakeLockInternal: lock=151991593, flags=0x2000000a, tag="WindowManager", ws=WorkSource{10196}, uid=1000, pid=1138, packageName=android
07-11 22:19:36.292  2292  2292 D SignalController: getCurrentIconId mCurrentState.connected=true mCurrentState.enabled=true mCurrentState.inetCondition=1
07-11 22:19:36.349  1337  1440 D MSC_LOG : QMSPSearch End
07-11 22:19:36.349  1337  1440 D MscSpeechLog: [QMSPSearch searchResult]leavel:0,data len = 474
07-11 22:19:36.349  1337  1440 D MscSpeechLog: DC getEnable enter.
07-11 22:19:36.349  1337  1337 D MscSpeechLog: SpeechListener onMsg = 1
07-11 22:19:36.349  1337  1440 D MscSpeechLog: DC getEnable static value=true
07-11 22:19:36.349  1337  1440 D MscSpeechLog: getMscParameter enter key=idc
07-11 22:19:36.349  1337  1440 D MSC_LOG : QMSPGetParam Begin
07-11 22:19:36.349  1337  1440 D MSC_LOG : QMSPGetParam End
07-11 22:19:36.349  1337  1337 D tt      : understander result：{"webPage":{"header":"为您找到下面的结果","url":"http:\/\/kcgz.openspeech.cn\/service\/iss?wuuid=811c594492d5e30f78bf201a0fe11be8&ver=2.0&method=webPage&uuid=461f05cfce7a236b2e4197836ca7edb7query"},"semantic":{"slots":{"tvName":"浙江卫视","startTime":{"dateOrig":"明天","type":"DT_BASIC","time":"19:00:00","timeOrig":"晚上七点","date":"2016-07-13"}}},"rc":0,"operation":"QUERY_TV","service":"tv","data":{},"text":"浙江卫视明天晚上七点的节目"}
07-11 22:19:36.350  1337  1440 D MSC_LOG : QMSPGetParam Begin
07-11 22:19:36.350  1337  1440 D MSC_LOG : QMSPGetParam End
07-11 22:19:36.350  1337  1440 D MscSpeechLog: getMscParameter value=gz
07-11 22:19:36.350  1337  1440 D MscSpeechLog: getMscParameter leave
07-11 22:19:36.350  1337  1440 D MscSpeechLog: DC getEnable msc val=gz
07-11 22:19:36.350  1337  1440 D MscSpeechLog: DC getEnable value=false
07-11 22:19:36.350  1337  1440 D MscSpeechLog: DC getEnable leave.
07-11 22:19:36.350  1337  1440 D MscSpeechLog: curStatus=waitresult,setStatus=exiting
07-11 22:19:36.350  1337  1440 D MscSpeechLog: setStatus success=exiting
07-11 22:19:36.350  1337  1440 D MscSpeechLog: curStatus=exiting,setStatus=exited
07-11 22:19:36.350  1337  1337 V tt      : analyzeResult service: tv operation: QUERY_TV
07-11 22:19:36.350  1337  1440 D MscSpeechLog: setStatus success=exited
07-11 22:19:36.350  1337  1440 D MscSpeechLog: clear all message
07-11 22:19:36.350  1337  1337 V tt      : analyzeResult end: true true 
07-11 22:19:36.350  1337  1440 D MscSpeechLog: clear all message
07-11 22:19:36.351  1337  1337 V tt      : BackgroundCache setResult: 知之为知之,不知为不知,是不知也
07-11 22:19:36.356  1337  1337 V tt      : showTip: result: {"webPage":{"header":"为您找到下面的结果","url":"http:\/\/kcgz.openspeech.cn\/service\/iss?wuuid=811c594492d5e30f78bf201a0fe11be8&ver=2.0&method=webPage&uuid=461f05cfce7a236b2e4197836ca7edb7query"},"semantic":{"slots":{"tvName":"浙江卫视","startTime":{"dateOrig":"明天","type":"DT_BASIC","time":"19:00:00","timeOrig":"晚上七点","date":"2016-07-13"}}},"rc":0,"operation":"QUERY_TV","service":"tv","data":{},"text":"浙江卫视明天晚上七点的节目"}
07-11 22:19:36.357  1337  1337 D MscSpeechLog: SpeechListener onMsg = 2
07-11 22:19:38.298  2292  2292 D SignalController: getCurrentIconId mCurrentState.connected=true mCurrentState.enabled=true mCurrentState.inetCondition=1
07-11 22:19:38.692  1138  1276 D PowerManagerService: releaseWakeLockInternal: lock=151991593 [WindowManager], flags=0x0,packName=android, total_time=2502ms
07-11 22:19:40.302  2292  2292 D SignalController: getCurrentIconId mCurrentState.connected=true mCurrentState.enabled=true mCurrentState.inetCondition=1
07-11 22:19:40.965  1337  1337 V tt      : BackgroundCache setResult: 甄嬛传哪个台播放
07-11 22:19:40.966  1337  1337 V tt      : showTip: 甄嬛传哪个台播放
07-11 22:19:40.967  1337  1337 D MscSpeechLog: start engine mode = MSC
07-11 22:19:40.969  1337  1337 D MscSpeechLog: curStatus=init,setStatus=start
07-11 22:19:40.969  1337  1337 D MscSpeechLog: setStatus success=start
07-11 22:19:40.970  1337  1450 D MscSpeechLog: curStatus=start,setStatus=waitresult
07-11 22:19:40.970  1337  1450 D MscSpeechLog: setStatus success=waitresult
07-11 22:19:40.985  1337  1450 D MscSpeechLog: get mmlc failed
07-11 22:19:40.985  1337  1450 D MscSpeechLog: [MSPSession searchResult]enter time:1468300780985
07-11 22:19:40.985  1337  1450 D MSC_LOG : QMSPSearch Begin
07-11 22:19:41.030  1138  3374 D PowerManagerService: acquireWakeLockInternal: lock=151991593, flags=0x2000000a, tag="WindowManager", ws=WorkSource{10196}, uid=1000, pid=1138, packageName=android
07-11 22:19:41.242  1337  1450 D MSC_LOG : QMSPSearch End
07-11 22:19:41.242  1337  1450 D MscSpeechLog: [QMSPSearch searchResult]leavel:0,data len = 12619
07-11 22:19:41.243  1337  1450 D MscSpeechLog: DC getEnable enter.
07-11 22:19:41.243  1337  1337 D MscSpeechLog: SpeechListener onMsg = 1
07-11 22:19:41.243  1337  1450 D MscSpeechLog: DC getEnable static value=true
07-11 22:19:41.243  1337  1450 D MscSpeechLog: getMscParameter enter key=idc
07-11 22:19:41.243  1337  1450 D MSC_LOG : QMSPGetParam Begin
07-11 22:19:41.243  1337  1450 D MSC_LOG : QMSPGetParam End
07-11 22:19:41.243  1337  1450 D MSC_LOG : QMSPGetParam Begin
07-11 22:19:41.243  1337  1450 D MSC_LOG : QMSPGetParam End
07-11 22:19:41.243  1337  1450 D MscSpeechLog: getMscParameter value=gz
07-11 22:19:41.243  1337  1450 D MscSpeechLog: getMscParameter leave
07-11 22:19:41.243  1337  1450 D MscSpeechLog: DC getEnable msc val=gz
07-11 22:19:41.243  1337  1450 D MscSpeechLog: DC getEnable value=false
07-11 22:19:41.243  1337  1450 D MscSpeechLog: DC getEnable leave.
07-11 22:19:41.244  1337  1450 D MscSpeechLog: curStatus=waitresult,setStatus=exiting
07-11 22:19:41.244  1337  1450 D MscSpeechLog: setStatus success=exiting
07-11 22:19:41.244  1337  1450 D MscSpeechLog: curStatus=exiting,setStatus=exited
07-11 22:19:41.244  1337  1450 D MscSpeechLog: setStatus success=exited
07-11 22:19:41.244  1337  1450 D MscSpeechLog: clear all message
07-11 22:19:41.244  1337  1450 D MscSpeechLog: clear all message
07-11 22:19:41.245  1337  1337 D MscSpeechLog: SpeechListener onMsg = 2
07-11 22:19:41.246  1337  1337 D tt      : understander result：{"webPage":{"header":"为您找到下面的结果","url":"http:\/\/kcgz.openspeech.cn\/service\/iss?wuuid=1c5de829a8e67952128d81ab1aa3f47f&ver=2.0&method=webPage&uuid=9df85d22474075a08696c841c7c4d085query"},"semantic":{"slots":{"programName":"甄嬛传"}},"rc":0,"operation":"QUERY_PROGRAM","service":"tv","data":{"result":[{"programType":"电视剧","startTime":"19:00","programName":"甄嬛传","date":"2015-05-24","tvName":"高清剧集台","url":"http:\/\/m.tvsou.com\/epg.asp?TVid=70&ChannelID=2765","tvShortName":"高清剧集台","isSatellite":"false"},{"programType":"电视剧","startTime":"19:00","programName":"甄嬛传","date":"2015-05-24","tvName":"剧集台","url":"http:\/\/m.tvsou.com\/epg.asp?TVid=70&ChannelID=1802","tvShortName":"剧集台","isSatellite":"false"},{"programType":"电视剧","startTime":"20:00","programName":"甄嬛传","date":"2015-05-24","tvName":"高清剧集台","url":"http:\/\/m.tvsou.com\/epg.asp?TVid=70&ChannelID=2765","tvShortName":"高清剧集台","isSatellite":"false"},{"programType":"电视剧","startTime":"20:00","programName":"甄嬛传","date":"2015-05-24","tvName":"剧集台","url":"http:\/\/m.tvsou.com\/epg.asp?TVid=70&ChannelID=1802","tvShortName":"剧集台","isSatellite":"false"},{"programType":"电视剧","startTime":"21:00","programName":"甄嬛传","date":"2015-05-24","tvName":"高清剧集台","url":"http:\/\/m.tvsou.com\/epg.asp?TVid=70&ChannelID=2765","tvShortName":"高清剧集台","isSatellite":"false"},{"programType":"电视剧","startTime":"21:00","programName":"甄嬛传","date":"2015-05-24","tvName":"剧集台","url":"http:\/\/m.tvsou.com\/epg.asp?TVid=70&ChannelID=1802","tvShortName":"剧集台","isSatellite":"false"},{"programType":"电视剧","startTime":"22:00","programName":"甄嬛传","date":"2015-05-24","tvName":"高清剧集台","url":"http:\/\/m.tvsou.com\/epg.asp?TVid=70&ChannelID=2765","tvShortName":"高清剧集台","isSatellite":"false"},{"programType":"电视剧","startTime":"22:00","programName":"甄嬛传","date":"2015-05-24","tvName":"剧集台","url":"http:\/\/m.tvsou.com\/epg.asp?TVid=70&ChannelID=1802","tvShortName":"剧集台","isSatellite":"false"},{"programType":"电视剧","startTime":"23:00","programName":"甄嬛传","date":"2015-05-24","tvName":"高清剧集台","url":"http:\/\/m.tvsou.com\/epg.asp?TVid=70&ChannelID=2765","tvShortName":"高清剧集台","isSatellite":"false"},{"programType":"电视剧","startTime":"23:00","programName":"甄嬛传","date":"2015-05-24","tvName":"剧集台","url":"http:\/\/m.tvsou.com\/epg.asp?TVid=70&ChannelID=1802","tvShortName":"剧集台","isSatellite":"false"},{"programType":"电视剧","startTime":"12:00","programName":"甄嬛传","date":"2015-05-25","tvName":"高清剧集台","url":"http:\/\/m.tvsou.com\/epg.asp?TVid=70&ChannelID=2765","tvShortName":"高清剧集台","isSatellite":"false"},{"programType":"电视剧","startTime":"12:00","programName":"甄嬛传","date":"2015-05-25","tvName":"剧集台","url":"http:\/\/m.tvsou.com\/epg.asp?TVid=70&ChannelID=1802","tvShortName":"剧集台","isSatellite":"false"},{"programType":"电视剧","startTime":"13:00","programName":"甄嬛传","date":"2015-05-25","tvName":"高清剧集台","url":"http:\/\/m.tvsou.com\/epg.asp?TVid=70&ChannelID=2765","tvShortName":"高清剧集台","isSatellite":"false"},{"programType":"电视剧","startTime":"13:00","programName":"甄嬛传","date":"2015-05-25","tvName":"剧集台","url":"http:\/\/m.tvsou.com\/epg.asp?TVid=70&ChannelID=1802","tvShortName":"剧集台","isSatellite":"false"},{"programType":"电视剧","startTime":"14:00","programName":"甄嬛传","date":"2015-05-25","tvName":"高清剧集台","url":"http:\/\/m.tvsou.com\/epg.asp?TVid=70&ChannelID=2765","tvShortName":"高清剧集台","isSatellite":"false"},{"programType":"电视剧","startTime":"14:00","programName":"甄嬛传","date":"2015-05-25","tvName":"剧集台","url":"http:\/\/m.tvsou.com\/epg.asp?TVid=70&ChannelID=1802","tvShortName":"剧集台","isSatellite":"false"},{"programType":"电视剧","startTime":"15:00
07-11 22:19:41.260  1337  1337 V tt      : analyzeResult service: tv operation: QUERY_PROGRAM
07-11 22:19:41.260  1337  1337 V tt      : analyzeResult end: false false 为您找到下面的结果
07-11 22:19:41.260  1337  1337 V tt      : 高清剧集台19:00电视剧甄嬛传
07-11 22:19:41.260  1337  1337 V tt      : 剧集台19:00电视剧甄嬛传
07-11 22:19:41.260  1337  1337 V tt      : 高清剧集台20:00电视剧甄嬛传
07-11 22:19:41.260  1337  1337 V tt      : 剧集台20:00电视剧甄嬛传
07-11 22:19:41.260  1337  1337 V tt      : 高清剧集台21:00电视剧甄嬛传
07-11 22:19:41.260  1337  1337 V tt      : 剧集台21:00电视剧甄嬛传
07-11 22:19:41.260  1337  1337 V tt      : BackgroundCache setResult: 为您找到下面的结果
07-11 22:19:41.260  1337  1337 V tt      : 高清剧集台19:00电视剧甄嬛传
07-11 22:19:41.260  1337  1337 V tt      : 剧集台19:00电视剧甄嬛传
07-11 22:19:41.260  1337  1337 V tt      : 高清剧集台20:00电视剧甄嬛传
07-11 22:19:41.260  1337  1337 V tt      : 剧集台20:00电视剧甄嬛传
07-11 22:19:41.260  1337  1337 V tt      : 高清剧集台21:00电视剧甄嬛传
07-11 22:19:41.260  1337  1337 V tt      : 剧集台21:00电视剧甄嬛传
07-11 22:19:41.262  1337  1337 V tt      : showTip: result: {"webPage":{"header":"为您找到下面的结果","url":"http:\/\/kcgz.openspeech.cn\/service\/iss?wuuid=1c5de829a8e67952128d81ab1aa3f47f&ver=2.0&method=webPage&uuid=9df85d22474075a08696c841c7c4d085query"},"semantic":{"slots":{"programName":"甄嬛传"}},"rc":0,"operation":"QUERY_PROGRAM","service":"tv","data":{"result":[{"programType":"电视剧","startTime":"19:00","programName":"甄嬛传","date":"2015-05-24","tvName":"高清剧集台","url":"http:\/\/m.tvsou.com\/epg.asp?TVid=70&ChannelID=2765","tvShortName":"高清剧集台","isSatellite":"false"},{"programType":"电视剧","startTime":"19:00","programName":"甄嬛传","date":"2015-05-24","tvName":"剧集台","url":"http:\/\/m.tvsou.com\/epg.asp?TVid=70&ChannelID=1802","tvShortName":"剧集台","isSatellite":"false"},{"programType":"电视剧","startTime":"20:00","programName":"甄嬛传","date":"2015-05-24","tvName":"高清剧集台","url":"http:\/\/m.tvsou.com\/epg.asp?TVid=70&ChannelID=2765","tvShortName":"高清剧集台","isSatellite":"false"},{"programType":"电视剧","startTime":"20:00","programName":"甄嬛传","date":"2015-05-24","tvName":"剧集台","url":"http:\/\/m.tvsou.com\/epg.asp?TVid=70&ChannelID=1802","tvShortName":"剧集台","isSatellite":"false"},{"programType":"电视剧","startTime":"21:00","programName":"甄嬛传","date":"2015-05-24","tvName":"高清剧集台","url":"http:\/\/m.tvsou.com\/epg.asp?TVid=70&ChannelID=2765","tvShortName":"高清剧集台","isSatellite":"false"},{"programType":"电视剧","startTime":"21:00","programName":"甄嬛传","date":"2015-05-24","tvName":"剧集台","url":"http:\/\/m.tvsou.com\/epg.asp?TVid=70&ChannelID=1802","tvShortName":"剧集台","isSatellite":"false"},{"programType":"电视剧","startTime":"22:00","programName":"甄嬛传","date":"2015-05-24","tvName":"高清剧集台","url":"http:\/\/m.tvsou.com\/epg.asp?TVid=70&ChannelID=2765","tvShortName":"高清剧集台","isSatellite":"false"},{"programType":"电视剧","startTime":"22:00","programName":"甄嬛传","date":"2015-05-24","tvName":"剧集台","url":"http:\/\/m.tvsou.com\/epg.asp?TVid=70&ChannelID=1802","tvShortName":"剧集台","isSatellite":"false"},{"programType":"电视剧","startTime":"23:00","programName":"甄嬛传","date":"2015-05-24","tvName":"高清剧集台","url":"http:\/\/m.tvsou.com\/epg.asp?TVid=70&ChannelID=2765","tvShortName":"高清剧集台","isSatellite":"false"},{"programType":"电视剧","startTime":"23:00","programName":"甄嬛传","date":"2015-05-24","tvName":"剧集台","url":"http:\/\/m.tvsou.com\/epg.asp?TVid=70&ChannelID=1802","tvShortName":"剧集台","isSatellite":"false"},{"programType":"电视剧","startTime":"12:00","programName":"甄嬛传","date":"2015-05-25","tvName":"高清剧集台","url":"http:\/\/m.tvsou.com\/epg.asp?TVid=70&ChannelID=2765","tvShortName":"高清剧集台","isSatellite":"false"},{"programType":"电视剧","startTime":"12:00","programName":"甄嬛传","date":"2015-05-25","tvName":"剧集台","url":"http:\/\/m.tvsou.com\/epg.asp?TVid=70&ChannelID=1802","tvShortName":"剧集台","isSatellite":"false"},{"programType":"电视剧","startTime":"13:00","programName":"甄嬛传","date":"2015-05-25","tvName":"高清剧集台","url":"http:\/\/m.tvsou.com\/epg.asp?TVid=70&ChannelID=2765","tvShortName":"高清剧集台","isSatellite":"false"},{"programType":"电视剧","startTime":"13:00","programName":"甄嬛传","date":"2015-05-25","tvName":"剧集台","url":"http:\/\/m.tvsou.com\/epg.asp?TVid=70&ChannelID=1802","tvShortName":"剧集台","isSatellite":"false"},{"programType":"电视剧","startTime":"14:00","programName":"甄嬛传","date":"2015-05-25","tvName":"高清剧集台","url":"http:\/\/m.tvsou.com\/epg.asp?TVid=70&ChannelID=2765","tvShortName":"高清剧集台","isSatellite":"false"},{"programType":"电视剧","startTime":"14:00","programName":"甄嬛传","date":"2015-05-25","tvName":"剧集台","url":"http:\/\/m.tvsou.com\/epg.asp?TVid=70&ChannelID=1802","tvShortName":"剧集台","isSatellite":"false"},{"programType":"电视剧","startTime":"15:00","pr
07-11 22:19:41.303  2292  2292 D SignalController: getCurrentIconId mCurrentState.connected=true mCurrentState.enabled=true mCurrentState.inetCondition=1
07-11 22:19:42.308  2292  2292 D SignalController: getCurrentIconId mCurrentState.connected=true mCurrentState.enabled=true mCurrentState.inetCondition=1
07-11 22:19:43.614  1138  1276 D PowerManagerService: releaseWakeLockInternal: lock=151991593 [WindowManager], flags=0x0,packName=android, total_time=2584ms
07-11 22:19:46.314  2292  2292 D SignalController: getCurrentIconId mCurrentState.connected=true mCurrentState.enabled=true mCurrentState.inetCondition=1
07-11 22:19:46.831  1337  1337 V tt      : BackgroundCache setResult: 播放少林足球
07-11 22:19:46.832  1337  1337 V tt      : showTip: 播放少林足球
07-11 22:19:46.832  1337  1337 D MscSpeechLog: start engine mode = MSC
07-11 22:19:46.836  1337  1337 D MscSpeechLog: curStatus=init,setStatus=start
07-11 22:19:46.836  1337  1337 D MscSpeechLog: setStatus success=start
07-11 22:19:46.844  1337  1459 D MscSpeechLog: curStatus=start,setStatus=waitresult
07-11 22:19:46.844  1337  1459 D MscSpeechLog: setStatus success=waitresult
07-11 22:19:46.853  1337  1459 D MscSpeechLog: get mmlc failed
07-11 22:19:46.853  1337  1459 D MscSpeechLog: [MSPSession searchResult]enter time:1468300786853
07-11 22:19:46.854  1337  1459 D MSC_LOG : QMSPSearch Begin
07-11 22:19:46.898  1138 23929 D PowerManagerService: acquireWakeLockInternal: lock=151991593, flags=0x2000000a, tag="WindowManager", ws=WorkSource{10196}, uid=1000, pid=1138, packageName=android
07-11 22:19:47.029  1337  1459 D MSC_LOG : QMSPSearch End
07-11 22:19:47.029  1337  1459 D MscSpeechLog: [QMSPSearch searchResult]leavel:0,data len = 148
07-11 22:19:47.029  1337  1459 D MscSpeechLog: DC getEnable enter.
07-11 22:19:47.029  1337  1459 D MscSpeechLog: DC getEnable static value=true
07-11 22:19:47.029  1337  1459 D MscSpeechLog: getMscParameter enter key=idc
07-11 22:19:47.029  1337  1459 D MSC_LOG : QMSPGetParam Begin
07-11 22:19:47.029  1337  1459 D MSC_LOG : QMSPGetParam End
07-11 22:19:47.030  1337  1459 D MSC_LOG : QMSPGetParam Begin
07-11 22:19:47.030  1337  1459 D MSC_LOG : QMSPGetParam End
07-11 22:19:47.030  1337  1459 D MscSpeechLog: getMscParameter value=gz
07-11 22:19:47.030  1337  1459 D MscSpeechLog: getMscParameter leave
07-11 22:19:47.030  1337  1459 D MscSpeechLog: DC getEnable msc val=gz
07-11 22:19:47.030  1337  1459 D MscSpeechLog: DC getEnable value=false
07-11 22:19:47.030  1337  1459 D MscSpeechLog: DC getEnable leave.
07-11 22:19:47.030  1337  1459 D MscSpeechLog: curStatus=waitresult,setStatus=exiting
07-11 22:19:47.030  1337  1459 D MscSpeechLog: setStatus success=exiting
07-11 22:19:47.030  1337  1459 D MscSpeechLog: curStatus=exiting,setStatus=exited
07-11 22:19:47.030  1337  1459 D MscSpeechLog: setStatus success=exited
07-11 22:19:47.030  1337  1459 D MscSpeechLog: clear all message
07-11 22:19:47.030  1337  1459 D MscSpeechLog: clear all message
07-11 22:19:47.032  1337  1337 D MscSpeechLog: SpeechListener onMsg = 1
07-11 22:19:47.032  1337  1337 D MscSpeechLog: SpeechListener onMsg = 2
07-11 22:19:47.032  1337  1337 D tt      : understander result：{"semantic":{"slots":{"keywords":"少林足球","queryField":"VIDEO_NAME"}},"rc":0,"operation":"PLAY","service":"video","text":"播放少林足球"}
07-11 22:19:47.033  1337  1337 V tt      : analyzeResult service: video operation: PLAY
07-11 22:19:47.033  1337  1337 I StorageManager: 1822696
07-11 22:19:47.045  1138  2310 I ActivityManager: START u0 {act=android.intent.action.VIEW dat=https://www.baidu.com/... flg=0x10000000 cmp=android/com.android.internal.app.ResolverActivity} from uid 10196 on display 0
07-11 22:19:47.062  1138  2310 D PowerManagerService: acquireWakeLockInternal: lock=265951532, flags=0x1, tag="*launch*", ws=WorkSource{1000}, uid=1000, pid=1138, packageName=android
07-11 22:19:47.065  1337  1337 V tt      : analyzeResult end: true false null
07-11 22:19:47.065  1337  1337 V tt      : showTip: result: {"semantic":{"slots":{"keywords":"少林足球","queryField":"VIDEO_NAME"}},"rc":0,"operation":"PLAY","service":"video","text":"播放少林足球"}
07-11 22:19:47.081  1138  2615 V BoostFramework: BoostFramework() : mPerf = com.qualcomm.qti.Performance@2e98bbc
07-11 22:19:47.081  1138  2615 I ActivityManager: Start proc 1464:system:ui/1000 for activity android/com.android.internal.app.ResolverActivity
07-11 22:19:47.234  1464  1464 V BoostFramework: mAcquireFunc method = public int com.qualcomm.qti.Performance.perfLockAcquire(int,int[])
07-11 22:19:47.234  1464  1464 V BoostFramework: mReleaseFunc method = public int com.qualcomm.qti.Performance.perfLockRelease()
07-11 22:19:47.237  1464  1464 V BoostFramework: mAcquireTouchFunc method = public int com.qualcomm.qti.Performance.perfLockAcquireTouch(android.view.MotionEvent,android.util.DisplayMetrics,int,int[])
07-11 22:19:47.237  1464  1464 V BoostFramework: mIOPStart method = public int com.qualcomm.qti.Performance.perfIOPrefetchStart(int,java.lang.String)
07-11 22:19:47.237  1464  1464 V BoostFramework: mIOPStop method = public int com.qualcomm.qti.Performance.perfIOPrefetchStop()
07-11 22:19:47.242  1464  1464 V BoostFramework: BoostFramework() : mPerf = com.qualcomm.qti.Performance@3402f2b
07-11 22:19:47.242  1464  1464 V BoostFramework: BoostFramework() : mPerf = com.qualcomm.qti.Performance@6f55f88
07-11 22:19:47.386  1138  1276 I ActivityManager: Displayed android/com.android.internal.app.ResolverActivity: +318ms
07-11 22:19:47.422  1138  1169 D PowerManagerService: releaseWakeLockInternal: lock=265951532 [*launch*], flags=0x0,packName=android, total_time=360ms
07-11 22:19:47.991  1138  2818 D PowerManagerService: acquireWakeLockInternal: lock=262939591, flags=0x1, tag="RILJ", ws=null, uid=1001, pid=2790, packageName=com.android.phone
07-11 22:19:47.994  1138  2268 D PowerManagerService: releaseWakeLockInternal: lock=262939591 [RILJ], flags=0x0,packName=com.android.phone, total_time=3ms
07-11 22:19:49.319  2292  2292 D SignalController: getCurrentIconId mCurrentState.connected=true mCurrentState.enabled=true mCurrentState.inetCondition=1
07-11 22:19:49.387  1138  1276 D PowerManagerService: releaseWakeLockInternal: lock=151991593 [WindowManager], flags=0x0,packName=android, total_time=2488ms
07-11 22:19:52.975   302   302 I rmt_storage: rmt_storage_connect_cb: clnt_h=0x10fc conn_h=0xb8ba4e90
07-11 22:19:52.975   302   302 I rmt_storage: rmt_storage_rw_iovec_cb: /boot/modem_fs2: clnt_h=0x0: req_h=0x10fc msg_id=3: R/W request received
07-11 22:19:52.975   302   302 I rmt_storage: wakelock acquired: 1, error no: 42
07-11 22:19:52.975   302   392 I rmt_storage: rmt_storage_client_thread: /boot/modem_fs2: clnt_h=0x0 Unblock worker thread (th_id: -1233237712)
07-11 22:19:53.059   302   392 I rmt_storage: rmt_storage_client_thread: /boot/modem_fs2: clnt_h=0x0: req_h=0x10fc msg_id=3: Bytes written = 1441792
07-11 22:19:53.059   302   392 I rmt_storage: rmt_storage_client_thread: /boot/modem_fs2: clnt_h=0x0: req_h=0x10fc msg_id=3: Send response: res=0 err=0
07-11 22:19:53.059   302   392 I rmt_storage: rmt_storage_client_thread: /boot/modem_fs2: clnt_h=0x0 About to block rmt_storage client thread (th_id: -1233237712) wakelock released: 1, error no: 11
07-11 22:19:53.059   302   392 I rmt_storage: 
07-11 22:19:53.062   302   302 I rmt_storage: rmt_storage_disconnect_cb: clnt_h=0x10fc conn_h=0xb8ba4e90
07-11 22:19:53.330  2292  2292 D SignalController: getCurrentIconId mCurrentState.connected=true mCurrentState.enabled=true mCurrentState.inetCondition=1
07-11 22:19:53.681  1138  2815 D BatteryService: Processing new values: chargerAcOnline=false, chargerUsbOnline=true, chargerWirelessOnline=false, maxChargingCurrent500000, batteryStatus=5, batteryHealth=2, batteryPresent=true, batteryLevel=100, batteryTechnology=Li-ion, batteryVoltage=4348, batteryTemperature=296, mBatteryLevelCritical=false, mPlugType=2
07-11 22:19:53.681  1138  2815 V LightsService: setLight #4: color=#0
07-11 22:19:53.682  1138  2815 E qdlights: set_speaker_light_locked mode 0, colorRGB=00000000, onMS=0, offMS=0
07-11 22:19:53.682  1138  2815 V LightsService: setLight #4: color=#ff00ff00
07-11 22:19:53.682  1138  2815 E qdlights: set_speaker_light_locked mode 0, colorRGB=FF00FF00, onMS=0, offMS=0
07-11 22:19:53.687  2292  2292 D KeyguardUpdateMonitor: received broadcast android.intent.action.BATTERY_CHANGED
07-11 22:19:53.687 25602 25602 D Settings/BW: WarningMessage:receive broadcast from BatteryService:Intent { act=android.intent.action.BATTERY_CHANGED flg=0x60000010 (has extras) }
07-11 22:19:53.688 25602 25602 D WarningMessage:: mTemperature is 296
07-11 22:19:53.688 25602 25602 D WarningMessage:: mOldPlugType is 2 mPlugType is 2
07-11 22:19:53.689  1138  2818 D PowerManagerService: acquireWakeLockInternal: lock=237433267, flags=0x1, tag="ContextManagerWakeLock", ws=WorkSource{10086 com.google.android.gms}, uid=10086, pid=3253, packageName=com.google.android.gms
07-11 22:19:53.689  2292  2292 D KeyguardUpdateMonitor: handleBatteryUpdate
07-11 22:19:53.692  1138  1170 D PowerManagerService: releaseWakeLockInternal: lock=237433267 [ContextManagerWakeLock], flags=0x0,packName=com.google.android.gms, total_time=3ms
07-11 22:19:54.331  2292  2292 D SignalController: getCurrentIconId mCurrentState.connected=true mCurrentState.enabled=true mCurrentState.inetCondition=1
07-11 22:19:59.192  1138  1138 I DeviceStorageMonitorService: send Intent Intent { act=android.tct.feedback.checkLowStorage flg=0x4000000 }
07-11 22:19:59.695  1138  1169 I PackageManager: Adding preferred activity com.UCMobile/.main.UCMobile for user 0:
07-11 22:19:59.699  1138  1169 I PackageManager:   Action: "android.intent.action.VIEW"
07-11 22:19:59.699  1138  1169 I PackageManager:   Category: "android.intent.category.DEFAULT"
07-11 22:19:59.699  1138  1169 I PackageManager:   Scheme: "https"
07-11 22:19:59.699  1138  1169 I PackageManager:   AutoVerify=false
07-11 22:19:59.725  1138  2268 I DefaultPermGrantPolicy: Granting permissions to default browser for user:0
07-11 22:19:59.730 25804 25804 I WeatherWidgetService: android.intent.action.WALLPAPER_CHANGED--------------------
07-11 22:19:59.736  2809  2809 W Launcher: setApplicationContext called twice! old=com.tct.launcher.LauncherApplication@6f55f88 new=com.tct.launcher.LauncherApplication@6f55f88
07-11 22:19:59.736  1138 23928 I ActivityManager: START u0 {act=android.intent.action.VIEW dat=https://www.baidu.com/... flg=0x13000000 cmp=com.UCMobile/.main.UCMobile} from uid 10196 on display 0
07-11 22:19:59.737 25804 25804 I WeatherWidgetService: android.intent.action.WALLPAPER_CHANGED--------------------
07-11 22:19:59.737 25804 25804 I WeatherWidgetService: android.intent.action.WALLPAPER_CHANGED--------------------
07-11 22:19:59.764  1138 23928 D PowerManagerService: acquireWakeLockInternal: lock=265951532, flags=0x1, tag="*launch*", ws=WorkSource{10164}, uid=1000, pid=1138, packageName=android
07-11 22:19:59.770  2809  2809 W Launcher: setApplicationContext called twice! old=com.tct.launcher.LauncherApplication@6f55f88 new=com.tct.launcher.LauncherApplication@6f55f88
07-11 22:19:59.775  2809  2809 W Launcher: setApplicationContext called twice! old=com.tct.launcher.LauncherApplication@6f55f88 new=com.tct.launcher.LauncherApplication@6f55f88
07-11 22:19:59.792  1138  3275 V BoostFramework: BoostFramework() : mPerf = com.qualcomm.qti.Performance@efb2c6d
07-11 22:19:59.792  1138  3275 I ActivityManager: Start proc 1513:com.UCMobile/u0a164 for activity com.UCMobile/.main.UCMobile
07-11 22:20:00.001  1138  2149 D PowerManagerService: acquireWakeLockInternal: lock=24311999, flags=0x40000001, tag="*alarm*", ws=WorkSource{1000}, uid=1000, pid=1138, packageName=android
07-11 22:20:00.003  2292  2292 D KeyguardUpdateMonitor: received broadcast android.intent.action.TIME_TICK
07-11 22:20:00.003  2292  2292 D KeyguardUpdateMonitor: handleTimeUpdate
07-11 22:20:00.005  2292  2292 D td3     : bbbbbbbbbbb=EEEE, MM.dd.yyyy
07-11 22:20:00.011  2292  2292 D StatusBarClock: mDemoMode :false
07-11 22:20:00.013  2292  2292 D StatusBarClock: result:10:20 PM
07-11 22:20:00.069  1138  1138 D PowerManagerService: releaseWakeLockInternal: lock=24311999 [*alarm*], flags=0x0,packName=android, total_time=67ms
07-11 22:20:00.441  2809  2809 D TCTLauncher_ColorCutQuantizer: Proportion bright:0.08333333333333333
07-11 22:20:00.543  1513  1513 I StorageManager: 1822608
07-11 22:20:00.546  1138  3374 I ActivityManager: START u0 {cmp=com.UCMobile/com.uc.browser.InnerUCMobile} from uid 10164 on display 0
07-11 22:20:00.551  1138  3374 D PowerManagerService: acquireWakeLockInternal: lock=265951532, flags=0x1, tag="*launch*", ws=WorkSource{10164}, uid=1000, pid=1138, packageName=android
07-11 22:20:00.574  1138  1169 D WindowManager: isShutdownRunning=false
07-11 22:20:00.689  1513  1542 D OpenGLRenderer: Use EGL_SWAP_BEHAVIOR_PRESERVED: true
07-11 22:20:00.713  1513  1538 I jni     : libcrashsdk.so loaded
07-11 22:20:00.821  1513  1542 I Adreno-EGL: <qeglDrvAPI_eglInitialize:379>: EGL 1.4 QUALCOMM build: Nondeterministic_AU_msm8909_LA.BR.1.2.6_RB1__release_AU (Ie6a3be568d)
07-11 22:20:00.821  1513  1542 I Adreno-EGL: OpenGL ES Shader Compiler Version: E031.29.00.00
07-11 22:20:00.821  1513  1542 I Adreno-EGL: Build Date: 03/02/16 Wed
07-11 22:20:00.821  1513  1542 I Adreno-EGL: Local Branch: 
07-11 22:20:00.821  1513  1542 I Adreno-EGL: Remote Branch: quic/LA.BR.1.2.6_rb1.10
07-11 22:20:00.821  1513  1542 I Adreno-EGL: Local Patches: NONE
07-11 22:20:00.821  1513  1542 I Adreno-EGL: Reconstruct Branch: NOTHING
07-11 22:20:00.854  1513  1542 I OpenGLRenderer: Initialized EGL, version 1.4
07-11 22:20:01.052  1513  1513 V BoostFramework: mAcquireFunc method = public int com.qualcomm.qti.Performance.perfLockAcquire(int,int[])
07-11 22:20:01.052  1513  1513 V BoostFramework: mReleaseFunc method = public int com.qualcomm.qti.Performance.perfLockRelease()
07-11 22:20:01.052  1513  1513 V BoostFramework: mAcquireTouchFunc method = public int com.qualcomm.qti.Performance.perfLockAcquireTouch(android.view.MotionEvent,android.util.DisplayMetrics,int,int[])
07-11 22:20:01.052  1513  1513 V BoostFramework: mIOPStart method = public int com.qualcomm.qti.Performance.perfIOPrefetchStart(int,java.lang.String)
07-11 22:20:01.052  1513  1513 V BoostFramework: mIOPStop method = public int com.qualcomm.qti.Performance.perfIOPrefetchStop()
07-11 22:20:01.056  1513  1513 V BoostFramework: BoostFramework() : mPerf = com.qualcomm.qti.Performance@1aaad19
07-11 22:20:01.162  1138  1276 I ActivityManager: Displayed com.UCMobile/com.uc.browser.InnerUCMobile: +605ms (total +1s382ms)
07-11 22:20:01.186  1138  3275 D PowerManagerService: releaseWakeLockInternal: lock=265951532 [*launch*], flags=0x0,packName=android, total_time=1422ms
07-11 22:20:01.197  1138  3275 I ActivityManager: Killing 1158:com.android.documentsui/u0a126 (adj 15): empty #17
07-11 22:20:01.360  1138  2615 W ActivityManager: Finishing task with all activities already finished
07-11 22:20:01.360  1138  2615 W ActivityManager: Duplicate finish request for ActivityRecord{ce52b89 u0 android/com.android.internal.app.ResolverActivity t66 f}
07-11 22:20:01.428  1513  1513 E DALVIK_PATCH: vm:art
07-11 22:20:01.530  1513  1526 I art     : Background partial concurrent mark sweep GC freed 54951(3MB) AllocSpace objects, 11(228KB) LOS objects, 69% free, 5MB/17MB, paused 15.713ms total 78.566ms
07-11 22:20:01.743  1138  1138 W Settings: Setting led_on has moved from android.provider.Settings.Secure to android.provider.Settings.Global.
07-11 22:20:01.783  2292  2292 D StatusBarIconController: updateNotificationIcons
07-11 22:20:01.790  2292  2292 D StatusBarIconController: updateNotificationIcons
07-11 22:20:01.793  2292  2292 D StatusBarIconController: updateNotificationIcons
07-11 22:20:01.954  1513  1560 I ImageLoader: external storage space : 1866334208
07-11 22:20:01.957  1513  1560 D ImageLoader: init the cache dir on /storage/emulated/0/Android/data/com.UCMobile/cache/uil-images
07-11 22:20:02.147  1513  1565 V BoostFramework: BoostFramework() : mPerf = com.qualcomm.qti.Performance@51507a2
07-11 22:20:02.250  1138  2229 D WifiService: New client listening to asynchronous messages
07-11 22:20:02.344  2292  2292 D SignalController: getCurrentIconId mCurrentState.connected=true mCurrentState.enabled=true mCurrentState.inetCondition=1
07-11 22:20:02.491  1513  1565 V BoostFramework: BoostFramework() : mPerf = com.qualcomm.qti.Performance@b24176
07-11 22:20:03.111  1513  1558 W linker  : /data/app/com.UCMobile-1/lib/arm/libimagehelper.so: unused DT entry: type 0xf arg 0x65d
07-11 22:20:03.350  2292  2292 D SignalController: getCurrentIconId mCurrentState.connected=true mCurrentState.enabled=true mCurrentState.inetCondition=1
07-11 22:20:03.646   243   243 D VM_BMS  : wake_lock acquired
07-11 22:20:03.647   243   243 D VM_BMS  : New BMS data - Size=56
07-11 22:20:03.647   243   243 D VM_BMS  : Start process_bms_data
07-11 22:20:03.647   243   243 D VM_BMS  : Battery charge_cycle=3 fcc_adjust=93 rbatt_adjust=93 cycle_changed=false
07-11 22:20:03.649   243   243 D VM_BMS  : For batt_temp=296 fcc_mah=2515
07-11 22:20:03.649   243   243 D VM_BMS  : Lookup fcc_mah=2515.000000  adjusted fcc_mah=2512.661133
07-11 22:20:03.649   243   243 D VM_BMS  : For ocv=4336592 batt_temp=296 soc=100
07-11 22:20:03.649   243   243 D VM_BMS  : fifo_count=5 acc_count=0
07-11 22:20:03.649   243   243 D VM_BMS  : INIT: ocv=4336592 last_ocv=4336592 batt_temp=296 soc=100
07-11 22:20:03.649   243   243 D VM_BMS  : For soc=100 batt_temp=296 slope=13800
07-11 22:20:03.649   243   243 D VM_BMS  : For soc=100 batt_temp=296 rbatt_sf=94
07-11 22:20:03.649   243   243 D VM_BMS  : rbatt_mohm_default=148, rbatt_mohm=139, sf=94 batt_temp=296
07-11 22:20:03.649   243   243 D VM_BMS  : Lookup rbatt=139.000000  adjusted rbatt=139.129272
07-11 22:20:03.649   243   243 D VM_BMS  : For ocv=4336624 batt_temp=296 soc=100
07-11 22:20:03.650   243   243 D VM_BMS  : FIFO=0 fifo_avg=4.341032 rbatt=0.189129 slope=1.380000 ibatt=-0.023391 ocv=4.336624 soc=100 fcc_ah=2.512661 sample_count=128 sample_interval=70 seq_num=9397
07-11 22:20:03.650   243   243 D VM_BMS  : For soc=100 batt_temp=296 slope=13800
07-11 22:20:03.650   243   243 D VM_BMS  : For soc=100 batt_temp=296 rbatt_sf=94
07-11 22:20:03.650   243   243 D VM_BMS  : rbatt_mohm_default=148, rbatt_mohm=139, sf=94 batt_temp=296
07-11 22:20:03.650   243   243 D VM_BMS  : Lookup rbatt=139.000000  adjusted rbatt=139.129272
07-11 22:20:03.650   243   243 D VM_BMS  : For ocv=4336685 batt_temp=296 soc=100
07-11 22:20:03.650   243   243 D VM_BMS  : FIFO=1 fifo_avg=4.345163 rbatt=0.189129 slope=1.380000 ibatt=-0.044985 ocv=4.336686 soc=100 fcc_ah=2.512661 sample_count=128 sample_interval=70 seq_num=9397
07-11 22:20:03.650   243   243 D VM_BMS  : For soc=100 batt_temp=296 slope=13800
07-11 22:20:03.650   243   243 D VM_BMS  : For soc=100 batt_temp=296 rbatt_sf=94
07-11 22:20:03.650   243   243 D VM_BMS  : rbatt_mohm_default=148, rbatt_mohm=139, sf=94 batt_temp=296
07-11 22:20:03.650   243   243 D VM_BMS  : Lookup rbatt=139.000000  adjusted rbatt=139.129272
07-11 22:20:03.650   243   243 D VM_BMS  : For ocv=4336746 batt_temp=296 soc=100
07-11 22:20:03.650   243   243 D VM_BMS  : FIFO=2 fifo_avg=4.345150 rbatt=0.189129 slope=1.380000 ibatt=-0.044596 ocv=4.336746 soc=100 fcc_ah=2.512661 sample_count=128 sample_interval=70 seq_num=9397
07-11 22:20:03.650   243   243 D VM_BMS  : For soc=100 batt_temp=296 slope=13800
07-11 22:20:03.650   243   243 D VM_BMS  : For soc=100 batt_temp=296 rbatt_sf=94
07-11 22:20:03.650   243   243 D VM_BMS  : rbatt_mohm_default=148, rbatt_mohm=139, sf=94 batt_temp=296
07-11 22:20:03.650   243   243 D VM_BMS  : Lookup rbatt=139.000000  adjusted rbatt=139.129272
07-11 22:20:03.650   243   243 D VM_BMS  : For ocv=4336808 batt_temp=296 soc=100
07-11 22:20:03.650   243   243 D VM_BMS  : FIFO=3 fifo_avg=4.345438 rbatt=0.189129 slope=1.380000 ibatt=-0.045791 ocv=4.336809 soc=100 fcc_ah=2.512661 sample_count=128 sample_interval=70 seq_num=9397
07-11 22:20:03.650   243   243 D VM_BMS  : For soc=100 batt_temp=296 slope=13800
07-11 22:20:03.650   243   243 D VM_BMS  : For soc=100 batt_temp=296 rbatt_sf=94
07-11 22:20:03.650   243   243 D VM_BMS  : rbatt_mohm_default=148, rbatt_mohm=139, sf=94 batt_temp=296
07-11 22:20:03.650   243   243 D VM_BMS  : Lookup rbatt=139.000000  adjusted rbatt=139.129272
07-11 22:20:03.650   243   243 D VM_BMS  : For ocv=4336849 batt_temp=296 soc=100
07-11 22:20:03.650   243   243 D VM_BMS  : FIFO=4 fifo_avg=4.342502 rbatt=0.189129 slope=1.380000 ibatt=-0.029998 ocv=4.336849 soc=100 fcc_ah=2.512661 sample_count=128 sample_interval=70 seq_num=9397
07-11 22:20:03.652   243   243 I VM_BMS  : power_supply_update: ocv_uv=4336849 ibatt=-29997 soc=100 seq_num=9397
07-11 22:20:03.652   243   243 D VM_BMS  : End process_bms_data
07-11 22:20:03.652   243   243 D VM_BMS  : wake_lock released
07-11 22:20:04.205  1513  1513 I Choreographer: Skipped 64 frames!  The application may be doing too much work on its main thread.
07-11 22:20:04.351  2292  2292 D SignalController: getCurrentIconId mCurrentState.connected=true mCurrentState.enabled=true mCurrentState.inetCondition=1
07-11 22:20:05.060  1138  2818 D PowerManagerService: acquireWakeLockInternal: lock=181101901, flags=0x1, tag="RILJ", ws=null, uid=1001, pid=2790, packageName=com.android.phone
07-11 22:20:05.086  1138 23929 D PowerManagerService: releaseWakeLockInternal: lock=181101901 [RILJ], flags=0x0,packName=com.android.phone, total_time=26ms
07-11 22:20:05.115  1513  1602 I WebViewFactory: Loading com.google.android.webview version 49.0.2623.105 (code 262310500)
07-11 22:20:05.328  1513  1602 W System  : ClassLoader referenced unknown path: /system/app/WebViewGoogle/lib/arm
07-11 22:20:05.356  2292  2292 D SignalController: getCurrentIconId mCurrentState.connected=true mCurrentState.enabled=true mCurrentState.inetCondition=1
07-11 22:20:05.406  1513  1602 I cr_LibraryLoader: Time to load native libraries: 32 ms (timestamps 5860-5892)
07-11 22:20:05.408  1513  1602 I cr_LibraryLoader: Expected native library version number "49.0.2623.105", actual native library version number "49.0.2623.105"
07-11 22:20:05.512  1513  1513 V BoostFramework: BoostFramework() : mPerf = com.qualcomm.qti.Performance@b6d54df
07-11 22:20:05.545  1513  1513 V BoostFramework: BoostFramework() : mPerf = com.qualcomm.qti.Performance@be00bf5
07-11 22:20:05.585  1337  1347 W art     : Suspending all threads took: 9.129ms
07-11 22:20:05.773  1513  1513 V BoostFramework: BoostFramework() : mPerf = com.qualcomm.qti.Performance@3d8515c
07-11 22:20:05.777  1513  1513 V BoostFramework: BoostFramework() : mPerf = com.qualcomm.qti.Performance@50cdc65
07-11 22:20:05.811  1513  1513 V BoostFramework: BoostFramework() : mPerf = com.qualcomm.qti.Performance@5f6aebf
07-11 22:20:05.821  1513  1513 V BoostFramework: BoostFramework() : mPerf = com.qualcomm.qti.Performance@a00c98c
07-11 22:20:05.876  1513  1513 V BoostFramework: BoostFramework() : mPerf = com.qualcomm.qti.Performance@30a0589
07-11 22:20:06.354  1513  1513 I Choreographer: Skipped 132 frames!  The application may be doing too much work on its main thread.
07-11 22:20:06.360  2292  2292 D SignalController: getCurrentIconId mCurrentState.connected=true mCurrentState.enabled=true mCurrentState.inetCondition=1
07-11 22:20:06.663  7028  1621 W Bundle  : Key key_push_process_msg expected String but value was a java.lang.Integer.  The default value <null> was returned.
07-11 22:20:06.679  7028  1621 W Bundle  : Attempt to cast generated internal exception:
07-11 22:20:06.679  7028  1621 W Bundle  : java.lang.ClassCastException: java.lang.Integer cannot be cast to java.lang.String
07-11 22:20:06.679  7028  1621 W Bundle  : 	at android.os.BaseBundle.getString(BaseBundle.java:923)
07-11 22:20:06.679  7028  1621 W Bundle  : 	at com.uc.base.push.PushServiceBridge.w(ProGuard:65)
07-11 22:20:06.679  7028  1621 W Bundle  : 	at com.uc.base.push.PushServiceBridge.onHandleIntent(ProGuard:38)
07-11 22:20:06.679  7028  1621 W Bundle  : 	at android.app.IntentService$ServiceHandler.handleMessage(IntentService.java:66)
07-11 22:20:06.679  7028  1621 W Bundle  : 	at android.os.Handler.dispatchMessage(Handler.java:102)
07-11 22:20:06.679  7028  1621 W Bundle  : 	at android.os.Looper.loop(Looper.java:148)
07-11 22:20:06.679  7028  1621 W Bundle  : 	at android.os.HandlerThread.run(HandlerThread.java:61)
07-11 22:20:06.686  7028  1621 W Bundle  : Key key_push_process_msg expected String but value was a java.lang.Integer.  The default value <null> was returned.
07-11 22:20:06.687  7028  1621 W Bundle  : Attempt to cast generated internal exception:
07-11 22:20:06.687  7028  1621 W Bundle  : java.lang.ClassCastException: java.lang.Integer cannot be cast to java.lang.String
07-11 22:20:06.687  7028  1621 W Bundle  : 	at android.os.BaseBundle.getString(BaseBundle.java:923)
07-11 22:20:06.687  7028  1621 W Bundle  : 	at com.uc.base.push.PushServiceBridge.w(ProGuard:65)
07-11 22:20:06.687  7028  1621 W Bundle  : 	at com.uc.base.push.PushServiceBridge.onHandleIntent(ProGuard:38)
07-11 22:20:06.687  7028  1621 W Bundle  : 	at android.app.IntentService$ServiceHandler.handleMessage(IntentService.java:66)
07-11 22:20:06.687  7028  1621 W Bundle  : 	at android.os.Handler.dispatchMessage(Handler.java:102)
07-11 22:20:06.687  7028  1621 W Bundle  : 	at android.os.Looper.loop(Looper.java:148)
07-11 22:20:06.687  7028  1621 W Bundle  : 	at android.os.HandlerThread.run(HandlerThread.java:61)
07-11 22:20:06.926  1513  1622 W System  : ClassLoader referenced unknown path: /system/framework/com.qualcomm.qti.GBAHttpAuthentication.jar
07-11 22:20:07.025  1138  1169 W ActivityManager: Unable to start service Intent { act=org.agoo.android.intent.action.PING_V4 cat=[taobao] pkg=com.taobao.taobao } U=0: not found
07-11 22:20:07.557  1513  1513 V BoostFramework: BoostFramework() : mPerf = com.qualcomm.qti.Performance@43bef44
07-11 22:20:07.558  1513  1513 V BoostFramework: BoostFramework() : mPerf = com.qualcomm.qti.Performance@303c82d
07-11 22:20:07.823  1138 23928 D WindowManager: isShutdownRunning=false
07-11 22:20:07.881  1513  1526 I art     : Background sticky concurrent mark sweep GC freed 22150(5MB) AllocSpace objects, 14(1404KB) LOS objects, 28% free, 18MB/25MB, paused 6.465ms total 66.373ms
07-11 22:20:08.000  1138  3275 D PowerManagerService: acquireWakeLockInternal: lock=262939591, flags=0x1, tag="RILJ", ws=null, uid=1001, pid=2790, packageName=com.android.phone
07-11 22:20:08.005  1138  7939 D PowerManagerService: releaseWakeLockInternal: lock=262939591 [RILJ], flags=0x0,packName=com.android.phone, total_time=5ms
07-11 22:20:09.329  1138  2310 D PowerManagerService: acquireWakeLockInternal: lock=181101901, flags=0x1, tag="RILJ", ws=null, uid=1001, pid=2790, packageName=com.android.phone
07-11 22:20:09.341  1138  2268 D PowerManagerService: releaseWakeLockInternal: lock=181101901 [RILJ], flags=0x0,packName=com.android.phone, total_time=12ms
07-11 22:20:09.388  1513  1526 W art     : Suspending all threads took: 9.649ms
07-11 22:20:09.413  1513  1526 I art     : Background sticky concurrent mark sweep GC freed 28561(5MB) AllocSpace objects, 28(832KB) LOS objects, 19% free, 20MB/25MB, paused 12.765ms total 88.444ms
07-11 22:20:09.784  2809  2809 W Launcher: setApplicationContext called twice! old=com.tct.launcher.LauncherApplication@6f55f88 new=com.tct.launcher.LauncherApplication@6f55f88
07-11 22:20:09.791 25804 25804 I WeatherWidgetService: android.intent.action.WALLPAPER_CHANGED--------------------
07-11 22:20:09.791  2809  2809 W Launcher: setApplicationContext called twice! old=com.tct.launcher.LauncherApplication@6f55f88 new=com.tct.launcher.LauncherApplication@6f55f88
07-11 22:20:09.794 25804 25804 I WeatherWidgetService: android.intent.action.WALLPAPER_CHANGED--------------------
07-11 22:20:09.794 25804 25804 I WeatherWidgetService: android.intent.action.WALLPAPER_CHANGED--------------------
07-11 22:20:09.799  2809  2809 W Launcher: setApplicationContext called twice! old=com.tct.launcher.LauncherApplication@6f55f88 new=com.tct.launcher.LauncherApplication@6f55f88
07-11 22:20:10.409  2809  2809 D TCTLauncher_ColorCutQuantizer: Proportion bright:0.08333333333333333
07-11 22:20:12.135  1138  2149 D PowerManagerService: acquireWakeLockInternal: lock=24311999, flags=0x1, tag="*alarm*", ws=WorkSource{10164}, uid=1000, pid=1138, packageName=android
07-11 22:20:12.149  1138  1138 D PowerManagerService: releaseWakeLockInternal: lock=24311999 [*alarm*], flags=0x0,packName=android, total_time=14ms
07-11 22:20:12.921  1138  2815 W ActivityManager: Unable to start service Intent { act=org.agoo.android.intent.action.PING_V4 cat=[taobao] pkg=com.taobao.taobao } U=0: not found
07-11 22:20:14.013  1538  1538 W pool-1-thread-1: type=1400 audit(0.0:486): avc: denied { search } for name="1" dev="proc" ino=1016196 scontext=u:r:untrusted_app:s0:c512,c768 tcontext=u:r:init:s0 tclass=dir permissive=0
07-11 22:20:14.063  1538  1538 W pool-1-thread-1: type=1400 audit(0.0:487): avc: denied { search } for name="2" dev="proc" ino=1016197 scontext=u:r:untrusted_app:s0:c512,c768 tcontext=u:r:kernel:s0 tclass=dir permissive=0
07-11 22:20:14.123  1538  1538 W pool-1-thread-1: type=1400 audit(0.0:488): avc: denied { search } for name="3" dev="proc" ino=1016198 scontext=u:r:untrusted_app:s0:c512,c768 tcontext=u:r:kernel:s0 tclass=dir permissive=0
07-11 22:20:14.173  1538  1538 W pool-1-thread-1: type=1400 audit(0.0:489): avc: denied { search } for name="5" dev="proc" ino=1016199 scontext=u:r:untrusted_app:s0:c512,c768 tcontext=u:r:kernel:s0 tclass=dir permissive=0
07-11 22:20:14.243  1538  1538 W pool-1-thread-1: type=1400 audit(0.0:490): avc: denied { search } for name="6" dev="proc" ino=1016200 scontext=u:r:untrusted_app:s0:c512,c768 tcontext=u:r:kernel:s0 tclass=dir permissive=0
07-11 22:20:14.293  1538  1538 W pool-1-thread-1: type=1400 audit(0.0:491): avc: denied { search } for name="7" dev="proc" ino=1016201 scontext=u:r:untrusted_app:s0:c512,c768 tcontext=u:r:kernel:s0 tclass=dir permissive=0
07-11 22:20:14.353  1538  1538 W pool-1-thread-1: type=1400 audit(0.0:492): avc: denied { search } for name="8" dev="proc" ino=1016202 scontext=u:r:untrusted_app:s0:c512,c768 tcontext=u:r:kernel:s0 tclass=dir permissive=0
07-11 22:20:14.403  1538  1538 W pool-1-thread-1: type=1400 audit(0.0:493): avc: denied { search } for name="9" dev="proc" ino=1016203 scontext=u:r:untrusted_app:s0:c512,c768 tcontext=u:r:kernel:s0 tclass=dir permissive=0
07-11 22:20:14.453  1538  1538 W pool-1-thread-1: type=1400 audit(0.0:494): avc: denied { search } for name="10" dev="proc" ino=1016204 scontext=u:r:untrusted_app:s0:c512,c768 tcontext=u:r:kernel:s0 tclass=dir permissive=0
07-11 22:20:14.503  1538  1538 W pool-1-thread-1: type=1400 audit(0.0:495): avc: denied { search } for name="11" dev="proc" ino=1016205 scontext=u:r:untrusted_app:s0:c512,c768 tcontext=u:r:kernel:s0 tclass=dir permissive=0
07-11 22:20:14.573  1538  1538 W pool-1-thread-1: type=1400 audit(0.0:496): avc: denied { search } for name="12" dev="proc" ino=1016206 scontext=u:r:untrusted_app:s0:c512,c768 tcontext=u:r:kernel:s0 tclass=dir permissive=0
07-11 22:20:14.623  1538  1538 W pool-1-thread-1: type=1400 audit(0.0:497): avc: denied { search } for name="14" dev="proc" ino=1014748 scontext=u:r:untrusted_app:s0:c512,c768 tcontext=u:r:kernel:s0 tclass=dir permissive=0
07-11 22:20:14.683  1538  1538 W pool-1-thread-1: type=1400 audit(0.0:498): avc: denied { search } for name="15" dev="proc" ino=1014749 scontext=u:r:untrusted_app:s0:c512,c768 tcontext=u:r:kernel:s0 tclass=dir permissive=0
07-11 22:20:14.733  1538  1538 W pool-1-thread-1: type=1400 audit(0.0:499): avc: denied { search } for name="16" dev="proc" ino=1018980 scontext=u:r:untrusted_app:s0:c512,c768 tcontext=u:r:kernel:s0 tclass=dir permissive=0
07-11 22:20:14.783  1538  1538 W pool-1-thread-1: type=1400 audit(0.0:500): avc: denied { search } for name="18" dev="proc" ino=1017424 scontext=u:r:untrusted_app:s0:c512,c768 tcontext=u:r:kernel:s0 tclass=dir permissive=0
07-11 22:20:14.833  1538  1538 W pool-1-thread-1: type=1400 audit(0.0:501): avc: denied { search } for name="19" dev="proc" ino=1017425 scontext=u:r:untrusted_app:s0:c512,c768 tcontext=u:r:kernel:s0 tclass=dir permissive=0
07-11 22:20:14.883  1538  1538 W pool-1-thread-1: type=1400 audit(0.0:502): avc: denied { search } for name="20" dev="proc" ino=1017426 scontext=u:r:untrusted_app:s0:c512,c768 tcontext=u:r:kernel:s0 tclass=dir permissive=0
07-11 22:20:14.933  1538  1538 W pool-1-thread-1: type=1400 audit(0.0:503): avc: denied { search } for name="22" dev="proc" ino=1017427 scontext=u:r:untrusted_app:s0:c512,c768 tcontext=u:r:kernel:s0 tclass=dir permissive=0
07-11 22:20:14.993  1538  1538 W pool-1-thread-1: type=1400 audit(0.0:504): avc: denied { search } for name="23" dev="proc" ino=1018981 scontext=u:r:untrusted_app:s0:c512,c768 tcontext=u:r:kernel:s0 tclass=dir permissive=0
07-11 22:20:15.043  1538  1538 W pool-1-thread-1: type=1400 audit(0.0:505): avc: denied { search } for name="24" dev="proc" ino=1016348 scontext=u:r:untrusted_app:s0:c512,c768 tcontext=u:r:kernel:s0 tclass=dir permissive=0
07-11 22:20:15.093  1538  1538 W pool-1-thread-1: type=1400 audit(0.0:506): avc: denied { search } for name="29" dev="proc" ino=1016349 scontext=u:r:untrusted_app:s0:c512,c768 tcontext=u:r:kernel:s0 tclass=dir permissive=0
07-11 22:20:15.143  1538  1538 W pool-1-thread-1: type=1400 audit(0.0:507): avc: denied { search } for name="30" dev="proc" ino=1016350 scontext=u:r:untrusted_app:s0:c512,c768 tcontext=u:r:kernel:s0 tclass=dir permissive=0
