07-11 22:20:15.193  1538  1538 W pool-1-thread-1: type=1400 audit(0.0:508): avc: denied { search } for name="31" dev="proc" ino=1016351 scontext=u:r:untrusted_app:s0:c512,c768 tcontext=u:r:kernel:s0 tclass=dir permissive=0
07-11 22:20:15.243  1538  1538 W pool-1-thread-1: type=1400 audit(0.0:509): avc: denied { search } for name="33" dev="proc" ino=1016352 scontext=u:r:untrusted_app:s0:c512,c768 tcontext=u:r:kernel:s0 tclass=dir permissive=0
07-11 22:20:15.303  1538  1538 W pool-1-thread-1: type=1400 audit(0.0:510): avc: denied { search } for name="34" dev="proc" ino=1016353 scontext=u:r:untrusted_app:s0:c512,c768 tcontext=u:r:kernel:s0 tclass=dir permissive=0
07-11 22:20:15.353  1538  1538 W pool-1-thread-1: type=1400 audit(0.0:511): avc: denied { search } for name="35" dev="proc" ino=1016354 scontext=u:r:untrusted_app:s0:c512,c768 tcontext=u:r:kernel:s0 tclass=dir permissive=0
07-11 22:20:15.403  1538  1538 W pool-1-thread-1: type=1400 audit(0.0:512): avc: denied { search } for name="36" dev="proc" ino=1016355 scontext=u:r:untrusted_app:s0:c512,c768 tcontext=u:r:kernel:s0 tclass=dir permissive=0
07-11 22:20:15.453  1538  1538 W pool-1-thread-1: type=1400 audit(0.0:513): avc: denied { search } for name="37" dev="proc" ino=1016356 scontext=u:r:untrusted_app:s0:c512,c768 tcontext=u:r:kernel:s0 tclass=dir permissive=0
07-11 22:20:15.503  1538  1538 W pool-1-thread-1: type=1400 audit(0.0:514): avc: denied { search } for name="66" dev="proc" ino=1016357 scontext=u:r:untrusted_app:s0:c512,c768 tcontext=u:r:kernel:s0 tclass=dir permissive=0
07-11 22:20:15.553  1538  1538 W pool-1-thread-1: type=1400 audit(0.0:515): avc: denied { search } for name="67" dev="proc" ino=1016358 scontext=u:r:untrusted_app:s0:c512,c768 tcontext=u:r:kernel:s0 tclass=dir permissive=0
07-11 22:20:15.603  1538  1538 W pool-1-thread-1: type=1400 audit(0.0:516): avc: denied { search } for name="68" dev="proc" ino=1016359 scontext=u:r:untrusted_app:s0:c512,c768 tcontext=u:r:kernel:s0 tclass=dir permissive=0
07-11 22:20:15.653  1538  1538 W pool-1-thread-1: type=1400 audit(0.0:517): avc: denied { search } for name="69" dev="proc" ino=1016360 scontext=u:r:untrusted_app:s0:c512,c768 tcontext=u:r:kernel:s0 tclass=dir permissive=0
07-11 22:20:15.713  1538  1538 W pool-1-thread-1: type=1400 audit(0.0:518): avc: denied { search } for name="70" dev="proc" ino=1016361 scontext=u:r:untrusted_app:s0:c512,c768 tcontext=u:r:kernel:s0 tclass=dir permissive=0
07-11 22:20:15.763  1538  1538 W pool-1-thread-1: type=1400 audit(0.0:519): avc: denied { search } for name="71" dev="proc" ino=1016362 scontext=u:r:untrusted_app:s0:c512,c768 tcontext=u:r:kernel:s0 tclass=dir permissive=0
07-11 22:20:15.813  1538  1538 W pool-1-thread-1: type=1400 audit(0.0:520): avc: denied { search } for name="72" dev="proc" ino=1016363 scontext=u:r:untrusted_app:s0:c512,c768 tcontext=u:r:kernel:s0 tclass=dir permissive=0
07-11 22:20:15.863  1538  1538 W pool-1-thread-1: type=1400 audit(0.0:521): avc: denied { search } for name="73" dev="proc" ino=1018982 scontext=u:r:untrusted_app:s0:c512,c768 tcontext=u:r:kernel:s0 tclass=dir permissive=0
07-11 22:20:15.913  1538  1538 W pool-1-thread-1: type=1400 audit(0.0:522): avc: denied { search } for name="74" dev="proc" ino=1018983 scontext=u:r:untrusted_app:s0:c512,c768 tcontext=u:r:kernel:s0 tclass=dir permissive=0
07-11 22:20:15.973  1538  1538 W pool-1-thread-1: type=1400 audit(0.0:523): avc: denied { search } for name="75" dev="proc" ino=1018988 scontext=u:r:untrusted_app:s0:c512,c768 tcontext=u:r:kernel:s0 tclass=dir permissive=0
07-11 22:20:16.023  1538  1538 W pool-1-thread-1: type=1400 audit(0.0:524): avc: denied { search } for name="76" dev="proc" ino=1018989 scontext=u:r:untrusted_app:s0:c512,c768 tcontext=u:r:kernel:s0 tclass=dir permissive=0
07-11 22:20:16.073  1538  1538 W pool-1-thread-1: type=1400 audit(0.0:525): avc: denied { search } for name="77" dev="proc" ino=1018990 scontext=u:r:untrusted_app:s0:c512,c768 tcontext=u:r:kernel:s0 tclass=dir permissive=0
07-11 22:20:16.123  1538  1538 W pool-1-thread-1: type=1400 audit(0.0:526): avc: denied { search } for name="78" dev="proc" ino=1018993 scontext=u:r:untrusted_app:s0:c512,c768 tcontext=u:r:kernel:s0 tclass=dir permissive=0
07-11 22:20:16.203  1538  1538 W pool-1-thread-1: type=1400 audit(0.0:527): avc: denied { search } for name="79" dev="proc" ino=1016365 scontext=u:r:untrusted_app:s0:c512,c768 tcontext=u:r:kernel:s0 tclass=dir permissive=0
07-11 22:20:16.253  1538  1538 W pool-1-thread-1: type=1400 audit(0.0:528): avc: denied { search } for name="80" dev="proc" ino=1018994 scontext=u:r:untrusted_app:s0:c512,c768 tcontext=u:r:kernel:s0 tclass=dir permissive=0
07-11 22:20:16.303  1538  1538 W pool-1-thread-1: type=1400 audit(0.0:529): avc: denied { search } for name="81" dev="proc" ino=1017428 scontext=u:r:untrusted_app:s0:c512,c768 tcontext=u:r:kernel:s0 tclass=dir permissive=0
07-11 22:20:16.353  1538  1538 W pool-1-thread-1: type=1400 audit(0.0:530): avc: denied { search } for name="82" dev="proc" ino=1017429 scontext=u:r:untrusted_app:s0:c512,c768 tcontext=u:r:kernel:s0 tclass=dir permissive=0
07-11 22:20:16.403  1538  1538 W pool-1-thread-1: type=1400 audit(0.0:531): avc: denied { search } for name="83" dev="proc" ino=1017430 scontext=u:r:untrusted_app:s0:c512,c768 tcontext=u:r:kernel:s0 tclass=dir permissive=0
07-11 22:20:16.453  1538  1538 W pool-1-thread-1: type=1400 audit(0.0:532): avc: denied { search } for name="84" dev="proc" ino=1017431 scontext=u:r:untrusted_app:s0:c512,c768 tcontext=u:r:kernel:s0 tclass=dir permissive=0
07-11 22:20:16.503  1538  1538 W pool-1-thread-1: type=1400 audit(0.0:533): avc: denied { search } for name="85" dev="proc" ino=1017432 scontext=u:r:untrusted_app:s0:c512,c768 tcontext=u:r:kernel:s0 tclass=dir permissive=0
07-11 22:20:16.563  1538  1538 W pool-1-thread-1: type=1400 audit(0.0:534): avc: denied { search } for name="86" dev="proc" ino=1017435 scontext=u:r:untrusted_app:s0:c512,c768 tcontext=u:r:kernel:s0 tclass=dir permissive=0
07-11 22:20:16.613  1538  1538 W pool-1-thread-1: type=1400 audit(0.0:535): avc: denied { search } for name="87" dev="proc" ino=1018995 scontext=u:r:untrusted_app:s0:c512,c768 tcontext=u:r:kernel:s0 tclass=dir permissive=0
07-11 22:20:16.663  1538  1538 W pool-1-thread-1: type=1400 audit(0.0:536): avc: denied { search } for name="88" dev="proc" ino=1018996 scontext=u:r:untrusted_app:s0:c512,c768 tcontext=u:r:kernel:s0 tclass=dir permissive=0
07-11 22:20:16.713  1538  1538 W pool-1-thread-1: type=1400 audit(0.0:537): avc: denied { search } for name="89" dev="proc" ino=1016370 scontext=u:r:untrusted_app:s0:c512,c768 tcontext=u:r:kernel:s0 tclass=dir permissive=0
07-11 22:20:16.763  1538  1538 W pool-1-thread-1: type=1400 audit(0.0:538): avc: denied { search } for name="90" dev="proc" ino=1019002 scontext=u:r:untrusted_app:s0:c512,c768 tcontext=u:r:kernel:s0 tclass=dir permissive=0
07-11 22:20:16.823  1538  1538 W pool-1-thread-1: type=1400 audit(0.0:539): avc: denied { search } for name="91" dev="proc" ino=1017440 scontext=u:r:untrusted_app:s0:c512,c768 tcontext=u:r:kernel:s0 tclass=dir permissive=0
07-11 22:20:16.873  1538  1538 W pool-1-thread-1: type=1400 audit(0.0:540): avc: denied { search } for name="92" dev="proc" ino=1014753 scontext=u:r:untrusted_app:s0:c512,c768 tcontext=u:r:kernel:s0 tclass=dir permissive=0
07-11 22:20:16.973  1538  1538 W pool-1-thread-1: type=1400 audit(0.0:541): avc: denied { search } for name="93" dev="proc" ino=1014755 scontext=u:r:untrusted_app:s0:c512,c768 tcontext=u:r:kernel:s0 tclass=dir permissive=0
07-11 22:20:17.023  1538  1538 W pool-1-thread-1: type=1400 audit(0.0:542): avc: denied { search } for name="94" dev="proc" ino=1019004 scontext=u:r:untrusted_app:s0:c512,c768 tcontext=u:r:kernel:s0 tclass=dir permissive=0
07-11 22:20:17.073  1538  1538 W pool-1-thread-1: type=1400 audit(0.0:543): avc: denied { search } for name="95" dev="proc" ino=1019005 scontext=u:r:untrusted_app:s0:c512,c768 tcontext=u:r:kernel:s0 tclass=dir permissive=0
07-11 22:20:17.137  1138  2149 D PowerManagerService: acquireWakeLockInternal: lock=24311999, flags=0x1, tag="*alarm*", ws=WorkSource{10164}, uid=1000, pid=1138, packageName=android
07-11 22:20:17.123  1538  1538 W pool-1-thread-1: type=1400 audit(0.0:544): avc: denied { search } for name="96" dev="proc" ino=1017444 scontext=u:r:untrusted_app:s0:c512,c768 tcontext=u:r:kernel:s0 tclass=dir permissive=0
07-11 22:20:17.140  1138  1138 D PowerManagerService: releaseWakeLockInternal: lock=24311999 [*alarm*], flags=0x0,packName=android, total_time=3ms
07-11 22:20:17.188  1138  2149 D PowerManagerService: acquireWakeLockInternal: lock=24311999, flags=0x1, tag="*alarm*", ws=WorkSource{10164}, uid=1000, pid=1138, packageName=android
07-11 22:20:17.190  1138  1138 D PowerManagerService: releaseWakeLockInternal: lock=24311999 [*alarm*], flags=0x0,packName=android, total_time=2ms
07-11 22:20:17.173  1538  1538 W pool-1-thread-1: type=1400 audit(0.0:545): avc: denied { search } for name="97" dev="proc" ino=1017446 scontext=u:r:untrusted_app:s0:c512,c768 tcontext=u:r:kernel:s0 tclass=dir permissive=0
07-11 22:20:17.253  1538  1538 W pool-1-thread-1: type=1400 audit(0.0:546): avc: denied { search } for name="98" dev="proc" ino=1017451 scontext=u:r:untrusted_app:s0:c512,c768 tcontext=u:r:kernel:s0 tclass=dir permissive=0
07-11 22:20:17.313  1538  1538 W pool-1-thread-1: type=1400 audit(0.0:547): avc: denied { search } for name="99" dev="proc" ino=1016376 scontext=u:r:untrusted_app:s0:c512,c768 tcontext=u:r:kernel:s0 tclass=dir permissive=0
07-11 22:20:17.363  1538  1538 W pool-1-thread-1: type=1400 audit(0.0:548): avc: denied { search } for name="100" dev="proc" ino=1017452 scontext=u:r:untrusted_app:s0:c512,c768 tcontext=u:r:kernel:s0 tclass=dir permissive=0
07-11 22:20:17.413  1538  1538 W pool-1-thread-1: type=1400 audit(0.0:549): avc: denied { search } for name="112" dev="proc" ino=1017453 scontext=u:r:untrusted_app:s0:c512,c768 tcontext=u:r:kernel:s0 tclass=dir permissive=0
07-11 22:20:17.506  2790  2812 D TelephonyProvider: getPreferredApnIdFromApn: for subId 2147483643
07-11 22:20:17.493  1538  1538 W pool-1-thread-1: type=1400 audit(0.0:550): avc: denied { search } for name="113" dev="proc" ino=1016381 scontext=u:r:untrusted_app:s0:c512,c768 tcontext=u:r:kernel:s0 tclass=dir permissive=0
07-11 22:20:17.543  1538  1538 W pool-1-thread-1: type=1400 audit(0.0:551): avc: denied { search } for name="134" dev="proc" ino=1016382 scontext=u:r:untrusted_app:s0:c512,c768 tcontext=u:r:kernel:s0 tclass=dir permissive=0
07-11 22:20:17.573  2790  2812 E DatabaseUtils: Writing exception to parcel
07-11 22:20:17.573  2790  2812 E DatabaseUtils: java.lang.SecurityException: No permission to write APN settings
07-11 22:20:17.573  2790  2812 E DatabaseUtils: 	at com.android.providers.telephony.TelephonyProvider.checkPermission(TelephonyProvider.java:2641)
07-11 22:20:17.573  2790  2812 E DatabaseUtils: 	at com.android.providers.telephony.TelephonyProvider.query(TelephonyProvider.java:2136)
07-11 22:20:17.573  2790  2812 E DatabaseUtils: 	at android.content.ContentProvider.query(ContentProvider.java:1017)
07-11 22:20:17.573  2790  2812 E DatabaseUtils: 	at android.content.ContentProvider$Transport.query(ContentProvider.java:238)
07-11 22:20:17.573  2790  2812 E DatabaseUtils: 	at android.content.ContentProviderNative.onTransact(ContentProviderNative.java:112)
07-11 22:20:17.573  2790  2812 E DatabaseUtils: 	at android.os.Binder.execTransact(Binder.java:453)
07-11 22:20:17.603  1538  1538 W pool-1-thread-1: type=1400 audit(0.0:552): avc: denied { search } for name="135" dev="proc" ino=1017462 scontext=u:r:untrusted_app:s0:c512,c768 tcontext=u:r:kernel:s0 tclass=dir permissive=0
07-11 22:20:17.653  1538  1538 W pool-1-thread-1: type=1400 audit(0.0:553): avc: denied { search } for name="136" dev="proc" ino=1014781 scontext=u:r:untrusted_app:s0:c512,c768 tcontext=u:r:kernel:s0 tclass=dir permissive=0
07-11 22:20:17.703  1538  1538 W pool-1-thread-1: type=1400 audit(0.0:554): avc: denied { search } for name="137" dev="proc" ino=1014782 scontext=u:r:untrusted_app:s0:c512,c768 tcontext=u:r:kernel:s0 tclass=dir permissive=0
07-11 22:20:17.723   112   112 W kswapd0 : type=1400 audit(0.0:555): avc: denied { write } for path=2F6465762F6173686D656D202864656C6574656429 dev="tmpfs" ino=1014750 scontext=u:r:kernel:s0 tcontext=u:object_r:untrusted_app_tmpfs:s0:c512,c768 tclass=file permissive=0
07-11 22:20:17.723   112   112 W kswapd0 : type=1400 audit(0.0:556): avc: denied { write } for path=2F6465762F6173686D656D202864656C6574656429 dev="tmpfs" ino=1014751 scontext=u:r:kernel:s0 tcontext=u:object_r:untrusted_app_tmpfs:s0:c512,c768 tclass=file permissive=0
07-11 22:20:17.723   112   112 W kswapd0 : type=1400 audit(0.0:557): avc: denied { write } for path=2F6465762F6173686D656D202864656C6574656429 dev="tmpfs" ino=1017450 scontext=u:r:kernel:s0 tcontext=u:object_r:untrusted_app_tmpfs:s0:c512,c768 tclass=file permissive=0
07-11 22:20:17.723   112   112 W kswapd0 : type=1400 audit(0.0:558): avc: denied { write } for path=2F6465762F6173686D656D202864656C6574656429 dev="tmpfs" ino=1014772 scontext=u:r:kernel:s0 tcontext=u:object_r:untrusted_app_tmpfs:s0:c512,c768 tclass=file permissive=0
07-11 22:20:17.723   112   112 W kswapd0 : type=1400 audit(0.0:559): avc: denied { write } for path=2F6465762F6173686D656D202864656C6574656429 dev="tmpfs" ino=1014771 scontext=u:r:kernel:s0 tcontext=u:object_r:untrusted_app_tmpfs:s0:c512,c768 tclass=file permissive=0
07-11 22:20:17.723   112   112 W kswapd0 : type=1400 audit(0.0:560): avc: denied { write } for path=2F6465762F6173686D656D202864656C6574656429 dev="tmpfs" ino=1014754 scontext=u:r:kernel:s0 tcontext=u:object_r:untrusted_app_tmpfs:s0:c512,c768 tclass=file permissive=0
07-11 22:20:17.723   112   112 W kswapd0 : type=1400 audit(0.0:561): avc: denied { write } for path=2F6465762F6173686D656D202864656C6574656429 dev="tmpfs" ino=1014770 scontext=u:r:kernel:s0 tcontext=u:object_r:untrusted_app_tmpfs:s0:c512,c768 tclass=file permissive=0
07-11 22:20:17.723   112   112 W kswapd0 : type=1400 audit(0.0:562): avc: denied { write } for path=2F6465762F6173686D656D202864656C6574656429 dev="tmpfs" ino=1014767 scontext=u:r:kernel:s0 tcontext=u:object_r:untrusted_app_tmpfs:s0:c512,c768 tclass=file permissive=0
07-11 22:20:17.723   112   112 W kswapd0 : type=1400 audit(0.0:563): avc: denied { write } for path=2F6465762F6173686D656D202864656C6574656429 dev="tmpfs" ino=1014768 scontext=u:r:kernel:s0 tcontext=u:object_r:untrusted_app_tmpfs:s0:c512,c768 tclass=file permissive=0
07-11 22:20:17.723   112   112 W kswapd0 : type=1400 audit(0.0:564): avc: denied { write } for path=2F6465762F6173686D656D202864656C6574656429 dev="tmpfs" ino=1014773 scontext=u:r:kernel:s0 tcontext=u:object_r:untrusted_app_tmpfs:s0:c512,c768 tclass=file permissive=0
07-11 22:20:17.723   112   112 W kswapd0 : type=1400 audit(0.0:565): avc: denied { write } for path=2F6465762F6173686D656D202864656C6574656429 dev="tmpfs" ino=1014769 scontext=u:r:kernel:s0 tcontext=u:object_r:untrusted_app_tmpfs:s0:c512,c768 tclass=file permissive=0
07-11 22:20:17.723   112   112 W kswapd0 : type=1400 audit(0.0:566): avc: denied { write } for path=2F6465762F6173686D656D202864656C6574656429 dev="tmpfs" ino=1014774 scontext=u:r:kernel:s0 tcontext=u:object_r:untrusted_app_tmpfs:s0:c512,c768 tclass=file permissive=0
07-11 22:20:17.763  1538  1538 W pool-1-thread-1: type=1400 audit(0.0:567): avc: denied { search } for name="138" dev="proc" ino=1019905 scontext=u:r:untrusted_app:s0:c512,c768 tcontext=u:r:kernel:s0 tclass=dir permissive=0
07-11 22:20:17.813  1538  1538 W pool-1-thread-1: type=1400 audit(0.0:568): avc: denied { search } for name="139" dev="proc" ino=1017463 scontext=u:r:untrusted_app:s0:c512,c768 tcontext=u:r:kernel:s0 tclass=dir permissive=0
07-11 22:20:17.863  1538  1538 W pool-1-thread-1: type=1400 audit(0.0:569): avc: denied { search } for name="140" dev="proc" ino=1017464 scontext=u:r:untrusted_app:s0:c512,c768 tcontext=u:r:kernel:s0 tclass=dir permissive=0
07-11 22:20:17.913  1538  1538 W pool-1-thread-1: type=1400 audit(0.0:570): avc: denied { search } for name="141" dev="proc" ino=1016387 scontext=u:r:untrusted_app:s0:c512,c768 tcontext=u:r:kernel:s0 tclass=dir permissive=0
07-11 22:20:17.973  1538  1538 W pool-1-thread-1: type=1400 audit(0.0:571): avc: denied { search } for name="142" dev="proc" ino=1019906 scontext=u:r:untrusted_app:s0:c512,c768 tcontext=u:r:kernel:s0 tclass=dir permissive=0
07-11 22:20:18.613  1538  1538 W pool-1-thread-1: type=1400 audit(0.0:583): avc: denied { search } for name="154" dev="proc" ino=1019043 scontext=u:r:untrusted_app:s0:c512,c768 tcontext=u:r:kernel:s0 tclass=dir permissive=0
07-11 22:20:18.663  1538  1538 W pool-1-thread-1: type=1400 audit(0.0:584): avc: denied { search } for name="155" dev="proc" ino=1019918 scontext=u:r:untrusted_app:s0:c512,c768 tcontext=u:r:kernel:s0 tclass=dir permissive=0
07-11 22:20:18.723  1538  1538 W pool-1-thread-1: type=1400 audit(0.0:585): avc: denied { search } for name="156" dev="proc" ino=1019919 scontext=u:r:untrusted_app:s0:c512,c768 tcontext=u:r:kernel:s0 tclass=dir permissive=0
07-11 22:20:18.773  1538  1538 W pool-1-thread-1: type=1400 audit(0.0:586): avc: denied { search } for name="157" dev="proc" ino=1019920 scontext=u:r:untrusted_app:s0:c512,c768 tcontext=u:r:kernel:s0 tclass=dir permissive=0
07-11 22:20:18.823  1538  1538 W pool-1-thread-1: type=1400 audit(0.0:587): avc: denied { search } for name="158" dev="proc" ino=1019921 scontext=u:r:untrusted_app:s0:c512,c768 tcontext=u:r:kernel:s0 tclass=dir permissive=0
07-11 22:20:18.873  1538  1538 W pool-1-thread-1: type=1400 audit(0.0:588): avc: denied { search } for name="159" dev="proc" ino=1019922 scontext=u:r:untrusted_app:s0:c512,c768 tcontext=u:r:kernel:s0 tclass=dir permissive=0
07-11 22:20:18.933  1538  1538 W pool-1-thread-1: type=1400 audit(0.0:589): avc: denied { search } for name="160" dev="proc" ino=1019923 scontext=u:r:untrusted_app:s0:c512,c768 tcontext=u:r:kernel:s0 tclass=dir permissive=0
07-11 22:20:18.983  1538  1538 W pool-1-thread-1: type=1400 audit(0.0:590): avc: denied { search } for name="161" dev="proc" ino=1019924 scontext=u:r:untrusted_app:s0:c512,c768 tcontext=u:r:kernel:s0 tclass=dir permissive=0
07-11 22:20:19.023  1538  1538 W pool-1-thread-1: type=1400 audit(0.0:591): avc: denied { search } for name="162" dev="proc" ino=1019925 scontext=u:r:untrusted_app:s0:c512,c768 tcontext=u:r:kernel:s0 tclass=dir permissive=0
07-11 22:20:19.083  1538  1538 W pool-1-thread-1: type=1400 audit(0.0:592): avc: denied { search } for name="164" dev="proc" ino=1019926 scontext=u:r:untrusted_app:s0:c512,c768 tcontext=u:r:kernel:s0 tclass=dir permissive=0
07-11 22:20:19.143  1538  1538 W pool-1-thread-1: type=1400 audit(0.0:593): avc: denied { search } for name="165" dev="proc" ino=1019927 scontext=u:r:untrusted_app:s0:c512,c768 tcontext=u:r:kernel:s0 tclass=dir permissive=0
07-11 22:20:19.203  1538  1538 W pool-1-thread-1: type=1400 audit(0.0:594): avc: denied { search } for name="166" dev="proc" ino=1019929 scontext=u:r:untrusted_app:s0:c512,c768 tcontext=u:r:kernel:s0 tclass=dir permissive=0
07-11 22:20:19.243  1538  1538 W pool-1-thread-1: type=1400 audit(0.0:595): avc: denied { search } for name="167" dev="proc" ino=1019933 scontext=u:r:untrusted_app:s0:c512,c768 tcontext=u:r:kernel:s0 tclass=dir permissive=0
07-11 22:20:19.293  1538  1538 W pool-1-thread-1: type=1400 audit(0.0:596): avc: denied { search } for name="168" dev="proc" ino=1019935 scontext=u:r:untrusted_app:s0:c512,c768 tcontext=u:r:kernel:s0 tclass=dir permissive=0
07-11 22:20:19.353  1538  1538 W pool-1-thread-1: type=1400 audit(0.0:597): avc: denied { search } for name="171" dev="proc" ino=1019936 scontext=u:r:untrusted_app:s0:c512,c768 tcontext=u:r:kernel:s0 tclass=dir permissive=0
07-11 22:20:19.393  1538  1538 W pool-1-thread-1: type=1400 audit(0.0:598): avc: denied { search } for name="172" dev="proc" ino=1019937 scontext=u:r:untrusted_app:s0:c512,c768 tcontext=u:r:kernel:s0 tclass=dir permissive=0
07-11 22:20:19.443  1538  1538 W pool-1-thread-1: type=1400 audit(0.0:599): avc: denied { search } for name="173" dev="proc" ino=1019047 scontext=u:r:untrusted_app:s0:c512,c768 tcontext=u:r:kernel:s0 tclass=dir permissive=0
07-11 22:20:19.503  1538  1538 W pool-1-thread-1: type=1400 audit(0.0:600): avc: denied { search } for name="174" dev="proc" ino=1019048 scontext=u:r:untrusted_app:s0:c512,c768 tcontext=u:r:kernel:s0 tclass=dir permissive=0
07-11 22:20:19.553  1538  1538 W pool-1-thread-1: type=1400 audit(0.0:601): avc: denied { search } for name="197" dev="proc" ino=1019049 scontext=u:r:untrusted_app:s0:c512,c768 tcontext=u:r:kernel:s0 tclass=dir permissive=0
07-11 22:20:19.603  1538  1538 W pool-1-thread-1: type=1400 audit(0.0:602): avc: denied { search } for name="198" dev="proc" ino=1019050 scontext=u:r:untrusted_app:s0:c512,c768 tcontext=u:r:kernel:s0 tclass=dir permissive=0
07-11 22:20:19.653  1538  1538 W pool-1-thread-1: type=1400 audit(0.0:603): avc: denied { search } for name="199" dev="proc" ino=1019051 scontext=u:r:untrusted_app:s0:c512,c768 tcontext=u:r:kernel:s0 tclass=dir permissive=0
07-11 22:20:19.713  1538  1538 W pool-1-thread-1: type=1400 audit(0.0:604): avc: denied { search } for name="201" dev="proc" ino=1019052 scontext=u:r:untrusted_app:s0:c512,c768 tcontext=u:r:kernel:s0 tclass=dir permissive=0
07-11 22:20:19.763  1538  1538 W pool-1-thread-1: type=1400 audit(0.0:605): avc: denied { search } for name="202" dev="proc" ino=1019053 scontext=u:r:untrusted_app:s0:c512,c768 tcontext=u:r:kernel:s0 tclass=dir permissive=0
07-11 22:20:19.813  1538  1538 W pool-1-thread-1: type=1400 audit(0.0:606): avc: denied { search } for name="203" dev="proc" ino=1019054 scontext=u:r:untrusted_app:s0:c512,c768 tcontext=u:r:kernel:s0 tclass=dir permissive=0
07-11 22:20:19.873  1538  1538 W pool-1-thread-1: type=1400 audit(0.0:607): avc: denied { search } for name="204" dev="proc" ino=1019055 scontext=u:r:untrusted_app:s0:c512,c768 tcontext=u:r:kernel:s0 tclass=dir permissive=0
07-11 22:20:19.923  1538  1538 W pool-1-thread-1: type=1400 audit(0.0:608): avc: denied { search } for name="205" dev="proc" ino=1019059 scontext=u:r:untrusted_app:s0:c512,c768 tcontext=u:r:kernel:s0 tclass=dir permissive=0
07-11 22:20:19.973  1538  1538 W pool-1-thread-1: type=1400 audit(0.0:609): avc: denied { search } for name="206" dev="proc" ino=1019062 scontext=u:r:untrusted_app:s0:c512,c768 tcontext=u:r:kernel:s0 tclass=dir permissive=0
07-11 22:20:20.023  1538  1538 W pool-1-thread-1: type=1400 audit(0.0:610): avc: denied { search } for name="207" dev="proc" ino=1017473 scontext=u:r:untrusted_app:s0:c512,c768 tcontext=u:r:kernel:s0 tclass=dir permissive=0
07-11 22:20:20.046  1513  1526 I art     : Background sticky concurrent mark sweep GC freed 120256(10MB) AllocSpace objects, 6(160KB) LOS objects, 37% free, 17MB/28MB, paused 5.920ms total 110.213ms
07-11 22:20:20.083  1538  1538 W pool-1-thread-1: type=1400 audit(0.0:611): avc: denied { search } for name="208" dev="proc" ino=1017474 scontext=u:r:untrusted_app:s0:c512,c768 tcontext=u:r:kernel:s0 tclass=dir permissive=0
07-11 22:20:20.133  1538  1538 W pool-1-thread-1: type=1400 audit(0.0:612): avc: denied { search } for name="209" dev="proc" ino=1017475 scontext=u:r:untrusted_app:s0:c512,c768 tcontext=u:r:kernel:s0 tclass=dir permissive=0
07-11 22:20:20.193  1538  1538 W pool-1-thread-1: type=1400 audit(0.0:613): avc: denied { search } for name="211" dev="proc" ino=1017476 scontext=u:r:untrusted_app:s0:c512,c768 tcontext=u:r:kernel:s0 tclass=dir permissive=0
07-11 22:20:20.233  1538  1538 W pool-1-thread-1: type=1400 audit(0.0:614): avc: denied { search } for name="212" dev="proc" ino=1017477 scontext=u:r:untrusted_app:s0:c512,c768 tcontext=u:r:kernel:s0 tclass=dir permissive=0
07-11 22:20:20.293  1538  1538 W pool-1-thread-1: type=1400 audit(0.0:615): avc: denied { search } for name="213" dev="proc" ino=1017478 scontext=u:r:untrusted_app:s0:c512,c768 tcontext=u:r:kernel:s0 tclass=dir permissive=0
07-11 22:20:20.333  1538  1538 W pool-1-thread-1: type=1400 audit(0.0:616): avc: denied { search } for name="214" dev="proc" ino=1017479 scontext=u:r:untrusted_app:s0:c512,c768 tcontext=u:r:kernel:s0 tclass=dir permissive=0
07-11 22:20:20.393  1538  1538 W pool-1-thread-1: type=1400 audit(0.0:617): avc: denied { search } for name="215" dev="proc" ino=1017480 scontext=u:r:untrusted_app:s0:c512,c768 tcontext=u:r:kernel:s0 tclass=dir permissive=0
07-11 22:20:20.443  1538  1538 W pool-1-thread-1: type=1400 audit(0.0:618): avc: denied { search } for name="216" dev="proc" ino=1017481 scontext=u:r:untrusted_app:s0:c512,c768 tcontext=u:r:kernel:s0 tclass=dir permissive=0
07-11 22:20:20.493  1538  1538 W pool-1-thread-1: type=1400 audit(0.0:619): avc: denied { search } for name="217" dev="proc" ino=1017482 scontext=u:r:untrusted_app:s0:c512,c768 tcontext=u:r:kernel:s0 tclass=dir permissive=0
07-11 22:20:20.543  1538  1538 W pool-1-thread-1: type=1400 audit(0.0:620): avc: denied { search } for name="218" dev="proc" ino=1017483 scontext=u:r:untrusted_app:s0:c512,c768 tcontext=u:r:kernel:s0 tclass=dir permissive=0
07-11 22:20:20.593  1538  1538 W pool-1-thread-1: type=1400 audit(0.0:621): avc: denied { search } for name="219" dev="proc" ino=1017484 scontext=u:r:untrusted_app:s0:c512,c768 tcontext=u:r:kernel:s0 tclass=dir permissive=0
07-11 22:20:20.643  1538  1538 W pool-1-thread-1: type=1400 audit(0.0:622): avc: denied { search } for name="220" dev="proc" ino=1017485 scontext=u:r:untrusted_app:s0:c512,c768 tcontext=u:r:kernel:s0 tclass=dir permissive=0
07-11 22:20:20.703  1538  1538 W pool-1-thread-1: type=1400 audit(0.0:623): avc: denied { search } for name="223" dev="proc" ino=1017486 scontext=u:r:untrusted_app:s0:c512,c768 tcontext=u:r:ueventd:s0 tclass=dir permissive=0
07-11 22:20:20.753  1538  1538 W pool-1-thread-1: type=1400 audit(0.0:624): avc: denied { search } for name="224" dev="proc" ino=1019063 scontext=u:r:untrusted_app:s0:c512,c768 tcontext=u:r:kernel:s0 tclass=dir permissive=0
07-11 22:20:20.813  1538  1538 W pool-1-thread-1: type=1400 audit(0.0:625): avc: denied { search } for name="225" dev="proc" ino=1019064 scontext=u:r:untrusted_app:s0:c512,c768 tcontext=u:r:kernel:s0 tclass=dir permissive=0
07-11 22:20:20.863  1538  1538 W pool-1-thread-1: type=1400 audit(0.0:626): avc: denied { search } for name="232" dev="proc" ino=1019065 scontext=u:r:untrusted_app:s0:c512,c768 tcontext=u:r:kernel:s0 tclass=dir permissive=0
07-11 22:20:20.913  1538  1538 W pool-1-thread-1: type=1400 audit(0.0:627): avc: denied { search } for name="233" dev="proc" ino=1019066 scontext=u:r:untrusted_app:s0:c512,c768 tcontext=u:r:kernel:s0 tclass=dir permissive=0
07-11 22:20:20.953  1538  1538 W pool-1-thread-1: type=1400 audit(0.0:628): avc: denied { search } for name="234" dev="proc" ino=1019067 scontext=u:r:untrusted_app:s0:c512,c768 tcontext=u:r:kernel:s0 tclass=dir permissive=0
07-11 22:20:21.013  1538  1538 W pool-1-thread-1: type=1400 audit(0.0:629): avc: denied { search } for name="235" dev="proc" ino=1019068 scontext=u:r:untrusted_app:s0:c512,c768 tcontext=u:r:kernel:s0 tclass=dir permissive=0
07-11 22:20:21.063  1538  1538 W pool-1-thread-1: type=1400 audit(0.0:630): avc: denied { search } for name="236" dev="proc" ino=1019071 scontext=u:r:untrusted_app:s0:c512,c768 tcontext=u:r:kernel:s0 tclass=dir permissive=0
07-11 22:20:21.123  1538  1538 W pool-1-thread-1: type=1400 audit(0.0:631): avc: denied { search } for name="237" dev="proc" ino=1019072 scontext=u:r:untrusted_app:s0:c512,c768 tcontext=u:r:kernel:s0 tclass=dir permissive=0
07-11 22:20:21.163  1538  1538 W pool-1-thread-1: type=1400 audit(0.0:632): avc: denied { search } for name="238" dev="proc" ino=1019073 scontext=u:r:untrusted_app:s0:c512,c768 tcontext=u:r:kernel:s0 tclass=dir permissive=0
07-11 22:20:21.223  1538  1538 W pool-1-thread-1: type=1400 audit(0.0:633): avc: denied { search } for name="239" dev="proc" ino=1019074 scontext=u:r:untrusted_app:s0:c512,c768 tcontext=u:r:kernel:s0 tclass=dir permissive=0
07-11 22:20:21.263  1538  1538 W pool-1-thread-1: type=1400 audit(0.0:634): avc: denied { search } for name="240" dev="proc" ino=1019075 scontext=u:r:untrusted_app:s0:c512,c768 tcontext=u:r:kernel:s0 tclass=dir permissive=0
07-11 22:20:21.323  1538  1538 W pool-1-thread-1: type=1400 audit(0.0:635): avc: denied { search } for name="241" dev="proc" ino=1019076 scontext=u:r:untrusted_app:s0:c512,c768 tcontext=u:r:kernel:s0 tclass=dir permissive=0
07-11 22:20:21.383  1538  1538 W pool-1-thread-1: type=1400 audit(0.0:636): avc: denied { search } for name="242" dev="proc" ino=1017487 scontext=u:r:untrusted_app:s0:c512,c768 tcontext=u:r:kernel:s0 tclass=dir permissive=0
07-11 22:20:21.433  1538  1538 W pool-1-thread-1: type=1400 audit(0.0:637): avc: denied { search } for name="243" dev="proc" ino=1017489 scontext=u:r:untrusted_app:s0:c512,c768 tcontext=u:r:vm_bms:s0 tclass=dir permissive=0
07-11 22:20:21.483  1538  1538 W pool-1-thread-1: type=1400 audit(0.0:638): avc: denied { search } for name="244" dev="proc" ino=1017490 scontext=u:r:untrusted_app:s0:c512,c768 tcontext=u:r:logd:s0 tclass=dir permissive=0
07-11 22:20:21.533  1538  1538 W pool-1-thread-1: type=1400 audit(0.0:639): avc: denied { search } for name="245" dev="proc" ino=1019085 scontext=u:r:untrusted_app:s0:c512,c768 tcontext=u:r:kernel:s0 tclass=dir permissive=0
07-11 22:20:21.583  1538  1538 W pool-1-thread-1: type=1400 audit(0.0:640): avc: denied { search } for name="250" dev="proc" ino=1019086 scontext=u:r:untrusted_app:s0:c512,c768 tcontext=u:r:kernel:s0 tclass=dir permissive=0
07-11 22:20:21.633  1538  1538 W pool-1-thread-1: type=1400 audit(0.0:641): avc: denied { search } for name="252" dev="proc" ino=1019087 scontext=u:r:untrusted_app:s0:c512,c768 tcontext=u:r:vold:s0 tclass=dir permissive=0
07-11 22:20:21.683  1538  1538 W pool-1-thread-1: type=1400 audit(0.0:642): avc: denied { search } for name="258" dev="proc" ino=1019094 scontext=u:r:untrusted_app:s0:c512,c768 tcontext=u:r:kernel:s0 tclass=dir permissive=0
07-11 22:20:21.733  1538  1538 W pool-1-thread-1: type=1400 audit(0.0:643): avc: denied { search } for name="259" dev="proc" ino=1019110 scontext=u:r:untrusted_app:s0:c512,c768 tcontext=u:r:kernel:s0 tclass=dir permissive=0
07-11 22:20:21.793  1538  1538 W pool-1-thread-1: type=1400 audit(0.0:644): avc: denied { search } for name="260" dev="proc" ino=1017514 scontext=u:r:untrusted_app:s0:c512,c768 tcontext=u:r:kernel:s0 tclass=dir permissive=0
07-11 22:20:21.843  1538  1538 W pool-1-thread-1: type=1400 audit(0.0:645): avc: denied { search } for name="271" dev="proc" ino=1019120 scontext=u:r:untrusted_app:s0:c512,c768 tcontext=u:r:kernel:s0 tclass=dir permissive=0
07-11 22:20:21.893  1538  1538 W pool-1-thread-1: type=1400 audit(0.0:646): avc: denied { search } for name="274" dev="proc" ino=1019121 scontext=u:r:untrusted_app:s0:c512,c768 tcontext=u:r:kernel:s0 tclass=dir permissive=0
07-11 22:20:21.932  1138  1170 I ActivityManager: moveTaskToBack: TaskRecord{a940d0e #67 A=com.UCMobile U=0 sz=1}
07-11 22:20:21.963  1138  1170 D PowerManagerService: acquireWakeLockInternal: lock=265951532, flags=0x1, tag="*launch*", ws=WorkSource{10196}, uid=1000, pid=1138, packageName=android
07-11 22:20:21.943  1538  1538 W pool-1-thread-1: type=1400 audit(0.0:647): avc: denied { search } for name="275" dev="proc" ino=1019123 scontext=u:r:untrusted_app:s0:c512,c768 tcontext=u:r:kernel:s0 tclass=dir permissive=0
07-11 22:20:22.003  1538  1538 W pool-1-thread-1: type=1400 audit(0.0:648): avc: denied { search } for name="276" dev="proc" ino=1019124 scontext=u:r:untrusted_app:s0:c512,c768 tcontext=u:r:kernel:s0 tclass=dir permissive=0
07-11 22:20:22.053  1538  1538 W pool-1-thread-1: type=1400 audit(0.0:649): avc: denied { search } for name="278" dev="proc" ino=1019134 scontext=u:r:untrusted_app:s0:c512,c768 tcontext=u:r:kernel:s0 tclass=dir permissive=0
07-11 22:20:22.103  1538  1538 W pool-1-thread-1: type=1400 audit(0.0:650): avc: denied { search } for name="279" dev="proc" ino=1017552 scontext=u:r:untrusted_app:s0:c512,c768 tcontext=u:r:kernel:s0 tclass=dir permissive=0
07-11 22:20:22.163  1538  1538 W pool-1-thread-1: type=1400 audit(0.0:651): avc: denied { search } for name="280" dev="proc" ino=1017553 scontext=u:r:untrusted_app:s0:c512,c768 tcontext=u:r:kernel:s0 tclass=dir permissive=0
07-11 22:20:22.213  1538  1538 W pool-1-thread-1: type=1400 audit(0.0:652): avc: denied { search } for name="281" dev="proc" ino=1019137 scontext=u:r:untrusted_app:s0:c512,c768 tcontext=u:r:kernel:s0 tclass=dir permissive=0
07-11 22:20:22.263  1538  1538 W pool-1-thread-1: type=1400 audit(0.0:653): avc: denied { search } for name="293" dev="proc" ino=1019138 scontext=u:r:untrusted_app:s0:c512,c768 tcontext=u:r:healthd:s0 tclass=dir permissive=0
07-11 22:20:22.323  1538  1538 W pool-1-thread-1: type=1400 audit(0.0:654): avc: denied { search } for name="294" dev="proc" ino=1017557 scontext=u:r:untrusted_app:s0:c512,c768 tcontext=u:r:lmkd:s0 tclass=dir permissive=0
07-11 22:20:22.373  1538  1538 W pool-1-thread-1: type=1400 audit(0.0:655): avc: denied { search } for name="295" dev="proc" ino=1019940 scontext=u:r:untrusted_app:s0:c512,c768 tcontext=u:r:servicemanager:s0 tclass=dir permissive=0
07-11 22:20:22.415  1138  2268 D PowerManagerService: releaseWakeLockInternal: lock=265951532 [*launch*], flags=0x0,packName=android, total_time=452ms
07-11 22:20:22.423  1538  1538 W pool-1-thread-1: type=1400 audit(0.0:656): avc: denied { search } for name="296" dev="proc" ino=1017558 scontext=u:r:untrusted_app:s0:c512,c768 tcontext=u:r:surfaceflinger:s0 tclass=dir permissive=0
07-11 22:20:22.464  2662  1548 W System.err: java.net.SocketException: Socket closed
07-11 22:20:22.473  1538  1538 W pool-1-thread-1: type=1400 audit(0.0:657): avc: denied { search } for name="300" dev="proc" ino=1017559 scontext=u:r:untrusted_app:s0:c512,c768 tcontext=u:r:tee:s0 tclass=dir permissive=0
07-11 22:20:22.538  2662  1548 W System.err: 	at libcore.io.Posix.accept(Native Method)
07-11 22:20:22.539  2662  1548 W System.err: 	at libcore.io.BlockGuardOs.accept(BlockGuardOs.java:63)
07-11 22:20:22.539  2662  1548 W System.err: 	at java.net.PlainSocketImpl.accept(PlainSocketImpl.java:89)
07-11 22:20:22.539  2662  1548 W System.err: 	at java.net.ServerSocket.implAccept(ServerSocket.java:217)
07-11 22:20:22.539  2662  1548 W System.err: 	at java.net.ServerSocket.accept(ServerSocket.java:141)
07-11 22:20:22.539  2662  1548 W System.err: 	at com.sogou.upd.webserver.WebServer.runServer(SogouSource:72)
07-11 22:20:22.539  2662  1548 W System.err: 	at com.sogou.upd.webserver.WebServer.startServer(SogouSource:119)
07-11 22:20:22.539  2662  1548 W System.err: 	at com.sogou.upd.webserver.WebServerController$1.run(SogouSource:47)
07-11 22:20:22.539  2662  1548 W System.err: 	at java.lang.Thread.run(Thread.java:818)
07-11 22:20:22.533  1538  1538 W pool-1-thread-1: type=1400 audit(0.0:658): avc: denied { search } for name="301" dev="proc" ino=1017561 scontext=u:r:untrusted_app:s0:c512,c768 tcontext=u:r:per_mgr:s0 tclass=dir permissive=0
07-11 22:20:22.583  1538  1538 W pool-1-thread-1: type=1400 audit(0.0:659): avc: denied { search } for name="302" dev="proc" ino=1019151 scontext=u:r:untrusted_app:s0:c512,c768 tcontext=u:r:rmt_storage:s0 tclass=dir permissive=0
07-11 22:20:22.633  1538  1538 W pool-1-thread-1: type=1400 audit(0.0:660): avc: denied { search } for name="303" dev="proc" ino=1019156 scontext=u:r:untrusted_app:s0:c512,c768 tcontext=u:r:bt_wlan_daemon:s0 tclass=dir permissive=0
07-11 22:20:22.683  1538  1538 W pool-1-thread-1: type=1400 audit(0.0:661): avc: denied { search } for name="304" dev="proc" ino=1019162 scontext=u:r:untrusted_app:s0:c512,c768 tcontext=u:r:jrd_diag_service:s0 tclass=dir permissive=0
07-11 22:20:22.743  1538  1538 W pool-1-thread-1: type=1400 audit(0.0:662): avc: denied { search } for name="305" dev="proc" ino=1019949 scontext=u:r:untrusted_app:s0:c512,c768 tcontext=u:r:netd:s0 tclass=dir permissive=0
07-11 22:20:22.793  1538  1538 W pool-1-thread-1: type=1400 audit(0.0:663): avc: denied { search } for name="308" dev="proc" ino=1019952 scontext=u:r:untrusted_app:s0:c512,c768 tcontext=u:r:debuggerd:s0 tclass=dir permissive=0
07-11 22:20:22.816  1138  2310 I ActivityManager: Start proc 1752:com.UCMobile:RemoteStatService/u0a164 for service com.UCMobile/com.uc.browser.statis.RemoteStatService
07-11 22:20:22.863  1538  1538 W pool-1-thread-1: type=1400 audit(0.0:664): avc: denied { search } for name="309" dev="proc" ino=1019965 scontext=u:r:untrusted_app:s0:c512,c768 tcontext=u:r:rild:s0 tclass=dir permissive=0
07-11 22:20:22.913  1538  1538 W pool-1-thread-1: type=1400 audit(0.0:665): avc: denied { search } for name="311" dev="proc" ino=1017591 scontext=u:r:untrusted_app:s0:c512,c768 tcontext=u:r:drmserver:s0 tclass=dir permissive=0
07-11 22:20:22.963  1538  1538 W pool-1-thread-1: type=1400 audit(0.0:666): avc: denied { search } for name="312" dev="proc" ino=1017595 scontext=u:r:untrusted_app:s0:c512,c768 tcontext=u:r:mediaserver:s0 tclass=dir permissive=0
07-11 22:20:23.003  1138  2149 D PowerManagerService: acquireWakeLockInternal: lock=24311999, flags=0x1, tag="*alarm*", ws=WorkSource{10164}, uid=1000, pid=1138, packageName=android
07-11 22:20:23.009  1138  1138 D PowerManagerService: releaseWakeLockInternal: lock=24311999 [*alarm*], flags=0x0,packName=android, total_time=6ms
07-11 22:20:23.023  1538  1538 W pool-1-thread-1: type=1400 audit(0.0:667): avc: denied { search } for name="313" dev="proc" ino=1016440 scontext=u:r:untrusted_app:s0:c512,c768 tcontext=u:r:installd:s0 tclass=dir permissive=0
07-11 22:20:23.073  1538  1538 W pool-1-thread-1: type=1400 audit(0.0:668): avc: denied { search } for name="317" dev="proc" ino=1016444 scontext=u:r:untrusted_app:s0:c512,c768 tcontext=u:r:keystore:s0 tclass=dir permissive=0
07-11 22:20:23.123  1538  1538 W pool-1-thread-1: type=1400 audit(0.0:669): avc: denied { search } for name="318" dev="proc" ino=1019281 scontext=u:r:untrusted_app:s0:c512,c768 tcontext=u:r:klog:s0 tclass=dir permissive=0
07-11 22:20:23.183  1538  1538 W pool-1-thread-1: type=1400 audit(0.0:670): avc: denied { search } for name="319" dev="proc" ino=1016445 scontext=u:r:untrusted_app:s0:c512,c768 tcontext=u:r:qcomsysd:s0 tclass=dir permissive=0
07-11 22:20:23.233  1538  1538 W pool-1-thread-1: type=1400 audit(0.0:671): avc: denied { search } for name="325" dev="proc" ino=1019282 scontext=u:r:untrusted_app:s0:c512,c768 tcontext=u:r:rfs_access:s0 tclass=dir permissive=0
07-11 22:20:23.283  1538  1538 W pool-1-thread-1: type=1400 audit(0.0:672): avc: denied { search } for name="326" dev="proc" ino=1017601 scontext=u:r:untrusted_app:s0:c512,c768 tcontext=u:r:wcnss_service:s0 tclass=dir permissive=0
07-11 22:20:23.333  1538  1538 W pool-1-thread-1: type=1400 audit(0.0:673): avc: denied { search } for name="331" dev="proc" ino=1019283 scontext=u:r:untrusted_app:s0:c512,c768 tcontext=u:r:thermal-engine:s0 tclass=dir permissive=0
07-11 22:20:23.393  1538  1538 W pool-1-thread-1: type=1400 audit(0.0:674): avc: denied { search } for name="332" dev="proc" ino=1019284 scontext=u:r:untrusted_app:s0:c512,c768 tcontext=u:r:wcnss_service:s0 tclass=dir permissive=0
07-11 22:20:23.443  1538  1538 W pool-1-thread-1: type=1400 audit(0.0:675): avc: denied { search } for name="333" dev="proc" ino=1017602 scontext=u:r:untrusted_app:s0:c512,c768 tcontext=u:r:tee:s0 tclass=dir permissive=0
07-11 22:20:23.493  1538  1538 W pool-1-thread-1: type=1400 audit(0.0:676): avc: denied { search } for name="338" dev="proc" ino=1019169 scontext=u:r:untrusted_app:s0:c512,c768 tcontext=u:r:zygote:s0 tclass=dir permissive=0
07-11 22:20:23.543  1538  1538 W pool-1-thread-1: type=1400 audit(0.0:677): avc: denied { search } for name="339" dev="proc" ino=1016447 scontext=u:r:untrusted_app:s0:c512,c768 tcontext=u:r:gatekeeperd:s0 tclass=dir permissive=0
07-11 22:20:23.591  1752  1752 I jni     : libcrashsdk.so loaded
07-11 22:20:23.603  1538  1538 W pool-1-thread-1: type=1400 audit(0.0:678): avc: denied { search } for name="340" dev="proc" ino=1016448 scontext=u:r:untrusted_app:s0:c512,c768 tcontext=u:r:cnd:s0 tclass=dir permissive=0
07-11 22:20:23.653  1538  1538 W pool-1-thread-1: type=1400 audit(0.0:679): avc: denied { search } for name="341" dev="proc" ino=1016449 scontext=u:r:untrusted_app:s0:c512,c768 tcontext=u:r:dpmd:s0 tclass=dir permissive=0
07-11 22:20:23.703  1538  1538 W pool-1-thread-1: type=1400 audit(0.0:680): avc: denied { search } for name="342" dev="proc" ino=1016450 scontext=u:r:untrusted_app:s0:c512,c768 tcontext=u:r:wcnss_service:s0 tclass=dir permissive=0
07-11 22:20:23.740  1138  2310 I ActivityManager: Killing 1185:com.android.externalstorage/u0a103 (adj 15): empty #17
07-11 22:20:23.753  1538  1538 W pool-1-thread-1: type=1400 audit(0.0:681): avc: denied { search } for name="353" dev="proc" ino=1017610 scontext=u:r:untrusted_app:s0:c512,c768 tcontext=u:r:location:s0 tclass=dir permissive=0
07-11 22:20:23.803  1538  1538 W pool-1-thread-1: type=1400 audit(0.0:682): avc: denied { search } for name="358" dev="proc" ino=1019972 scontext=u:r:untrusted_app:s0:c512,c768 tcontext=u:r:fidodaemon:s0 tclass=dir permissive=0
07-11 22:20:23.863  1538  1538 W pool-1-thread-1: type=1400 audit(0.0:683): avc: denied { search } for name="360" dev="proc" ino=1019400 scontext=u:r:untrusted_app:s0:c512,c768 tcontext=u:r:mm-qcamerad:s0 tclass=dir permissive=0
07-11 22:20:23.923  1538  1538 W pool-1-thread-1: type=1400 audit(0.0:684): avc: denied { search } for name="362" dev="proc" ino=1019401 scontext=u:r:untrusted_app:s0:c512,c768 tcontext=u:r:time_daemon:s0 tclass=dir permissive=0
07-11 22:20:23.973  1538  1538 W pool-1-thread-1: type=1400 audit(0.0:685): avc: denied { search } for name="363" dev="proc" ino=1019402 scontext=u:r:untrusted_app:s0:c512,c768 tcontext=u:r:audiod:s0 tclass=dir permissive=0
07-11 22:20:24.013  1538  1538 W pool-1-thread-1: type=1400 audit(0.0:686): avc: denied { search } for name="380" dev="proc" ino=1019403 scontext=u:r:untrusted_app:s0:c512,c768 tcontext=u:r:mm-pp-daemon:s0 tclass=dir permissive=0
07-11 22:20:24.073  1538  1538 W pool-1-thread-1: type=1400 audit(0.0:687): avc: denied { search } for name="381" dev="proc" ino=1019404 scontext=u:r:untrusted_app:s0:c512,c768 tcontext=u:r:su:s0 tclass=dir permissive=0
07-11 22:20:24.123  1538  1538 W pool-1-thread-1: type=1400 audit(0.0:688): avc: denied { search } for name="419" dev="proc" ino=1019405 scontext=u:r:untrusted_app:s0:c512,c768 tcontext=u:r:kernel:s0 tclass=dir permissive=0
07-11 22:20:24.163  1538  1538 W pool-1-thread-1: type=1400 audit(0.0:689): avc: denied { search } for name="423" dev="proc" ino=1019406 scontext=u:r:untrusted_app:s0:c512,c768 tcontext=u:r:dpmd:s0 tclass=dir permissive=0
07-11 22:20:24.223  1538  1538 W pool-1-thread-1: type=1400 audit(0.0:690): avc: denied { search } for name="441" dev="proc" ino=1019407 scontext=u:r:untrusted_app:s0:c512,c768 tcontext=u:r:ims:s0 tclass=dir permissive=0
07-11 22:20:24.283  1538  1538 W pool-1-thread-1: type=1400 audit(0.0:691): avc: denied { search } for name="444" dev="proc" ino=1018984 scontext=u:r:untrusted_app:s0:c512,c768 tcontext=u:r:qmuxd:s0 tclass=dir permissive=0
07-11 22:20:24.323  1538  1538 W pool-1-thread-1: type=1400 audit(0.0:692): avc: denied { search } for name="456" dev="proc" ino=1019412 scontext=u:r:untrusted_app:s0:c512,c768 tcontext=u:r:ims:s0 tclass=dir permissive=0
07-11 22:20:24.372  1337  1337 V tt      : BackgroundCache setResult: 我想看刘德华的电影
07-11 22:20:24.372  1337  1337 V tt      : showTip: 我想看刘德华的电影
07-11 22:20:24.373  1337  1337 D MscSpeechLog: start engine mode = MSC
07-11 22:20:24.375  1337  1337 D MscSpeechLog: curStatus=init,setStatus=start
07-11 22:20:24.376  1337  1337 D MscSpeechLog: setStatus success=start
07-11 22:20:24.376  1337  1785 D MscSpeechLog: curStatus=start,setStatus=waitresult
07-11 22:20:24.376  1337  1785 D MscSpeechLog: setStatus success=waitresult
07-11 22:20:24.387  1337  1785 D MscSpeechLog: get mmlc failed
07-11 22:20:24.387  1337  1785 D MscSpeechLog: [MSPSession searchResult]enter time:1468300824387
07-11 22:20:24.388  1337  1785 D MSC_LOG : QMSPSearch Begin
07-11 22:20:24.373  1538  1538 W pool-1-thread-1: type=1400 audit(0.0:693): avc: denied { search } for name="469" dev="proc" ino=1019987 scontext=u:r:untrusted_app:s0:c512,c768 tcontext=u:r:rild:s0 tclass=dir permissive=0
07-11 22:20:24.433  1538  1538 W pool-1-thread-1: type=1400 audit(0.0:694): avc: denied { search } for name="474" dev="proc" ino=1017611 scontext=u:r:untrusted_app:s0:c512,c768 tcontext=u:r:kernel:s0 tclass=dir permissive=0
07-11 22:20:24.449  1138 23929 D PowerManagerService: acquireWakeLockInternal: lock=151991593, flags=0x2000000a, tag="WindowManager", ws=WorkSource{10196}, uid=1000, pid=1138, packageName=android
07-11 22:20:24.493  1538  1538 W pool-1-thread-1: type=1400 audit(0.0:695): avc: denied { search } for name="478" dev="proc" ino=1017612 scontext=u:r:untrusted_app:s0:c512,c768 tcontext=u:r:qti:s0 tclass=dir permissive=0
07-11 22:20:24.533  1538  1538 W pool-1-thread-1: type=1400 audit(0.0:696): avc: denied { search } for name="479" dev="proc" ino=1017613 scontext=u:r:untrusted_app:s0:c512,c768 tcontext=u:r:location:s0 tclass=dir permissive=0
07-11 22:20:24.583  1538  1538 W pool-1-thread-1: type=1400 audit(0.0:697): avc: denied { search } for name="487" dev="proc" ino=1017615 scontext=u:r:untrusted_app:s0:c512,c768 tcontext=u:r:kernel:s0 tclass=dir permissive=0
07-11 22:20:24.643  1538  1538 W pool-1-thread-1: type=1400 audit(0.0:698): avc: denied { search } for name="498" dev="proc" ino=1019417 scontext=u:r:untrusted_app:s0:c512,c768 tcontext=u:r:netmgrd:s0 tclass=dir permissive=0
07-11 22:20:24.740  1337  1785 D MSC_LOG : QMSPSearch End
07-11 22:20:24.740  1337  1785 D MscSpeechLog: [QMSPSearch searchResult]leavel:0,data len = 125
07-11 22:20:24.740  1337  1785 D MscSpeechLog: DC getEnable enter.
07-11 22:20:24.741  1337  1785 D MscSpeechLog: DC getEnable static value=true
07-11 22:20:24.741  1337  1785 D MscSpeechLog: getMscParameter enter key=idc
07-11 22:20:24.741  1337  1785 D MSC_LOG : QMSPGetParam Begin
07-11 22:20:24.741  1337  1785 D MSC_LOG : QMSPGetParam End
07-11 22:20:24.741  1337  1785 D MSC_LOG : QMSPGetParam Begin
07-11 22:20:24.741  1337  1785 D MSC_LOG : QMSPGetParam End
07-11 22:20:24.741  1337  1785 D MscSpeechLog: getMscParameter value=gz
07-11 22:20:24.741  1337  1785 D MscSpeechLog: getMscParameter leave
07-11 22:20:24.741  1337  1785 D MscSpeechLog: DC getEnable msc val=gz
07-11 22:20:24.741  1337  1785 D MscSpeechLog: DC getEnable value=false
07-11 22:20:24.741  1337  1785 D MscSpeechLog: DC getEnable leave.
07-11 22:20:24.742  1337  1785 D MscSpeechLog: curStatus=waitresult,setStatus=exiting
07-11 22:20:24.742  1337  1785 D MscSpeechLog: setStatus success=exiting
07-11 22:20:24.742  1337  1785 D MscSpeechLog: curStatus=exiting,setStatus=exited
07-11 22:20:24.742  1337  1785 D MscSpeechLog: setStatus success=exited
07-11 22:20:24.742  1337  1785 D MscSpeechLog: clear all message
07-11 22:20:24.742  1337  1785 D MscSpeechLog: clear all message
07-11 22:20:24.747  1337  1337 D MscSpeechLog: SpeechListener onMsg = 1
07-11 22:20:24.748  1337  1337 D MscSpeechLog: SpeechListener onMsg = 2
07-11 22:20:24.748  1337  1337 D tt      : understander result：{"semantic":{"slots":{"actor":"刘德华"}},"rc":0,"operation":"PLAY","service":"video","text":"我想看刘德华的电影"}
07-11 22:20:24.749  1337  1337 V tt      : analyzeResult service: video operation: PLAY
07-11 22:20:24.750  1337  1337 W System.err: java.lang.NullPointerException: Attempt to invoke virtual method 'int java.lang.String.length()' on a null object reference
07-11 22:20:24.754  1337  1337 W System.err: 	at libcore.net.UriCodec.encode(UriCodec.java:132)
07-11 22:20:24.755  1337  1337 W System.err: 	at java.net.URLEncoder.encode(URLEncoder.java:57)
07-11 22:20:24.755  1337  1337 W System.err: 	at com.xunfei.robot.utils.AnalyzeResultUtils.search(AnalyzeResultUtils.java:364)
07-11 22:20:24.755  1337  1337 W System.err: 	at com.xunfei.robot.utils.AnalyzeResultUtils.analyzeResult(AnalyzeResultUtils.java:270)
07-11 22:20:24.755  1337  1337 W System.err: 	at com.xunfei.robot.TextToText.setResult(TextToText.java:88)
07-11 22:20:24.755  1337  1337 W System.err: 	at com.xunfei.robot.TextToText.access$2(TextToText.java:87)
07-11 22:20:24.755  1337  1337 W System.err: 	at com.xunfei.robot.TextToText$1$1.run(TextToText.java:121)
07-11 22:20:24.755  1337  1337 W System.err: 	at android.os.Handler.handleCallback(Handler.java:739)
07-11 22:20:24.755  1337  1337 W System.err: 	at android.os.Handler.dispatchMessage(Handler.java:95)
07-11 22:20:24.755  1337  1337 W System.err: 	at android.os.Looper.loop(Looper.java:148)
07-11 22:20:24.755  1337  1337 W System.err: 	at android.app.ActivityThread.main(ActivityThread.java:5417)
07-11 22:20:24.755  1337  1337 W System.err: 	at java.lang.reflect.Method.invoke(Native Method)
07-11 22:20:24.755  1337  1337 W System.err: 	at com.android.internal.os.ZygoteInit$MethodAndArgsCaller.run(ZygoteInit.java:726)
07-11 22:20:24.755  1337  1337 W System.err: 	at com.android.internal.os.ZygoteInit.main(ZygoteInit.java:616)
07-11 22:20:24.756  1337  1337 V tt      : analyzeResult Exception: java.lang.NullPointerException: Attempt to invoke virtual method 'int java.lang.String.length()' on a null object reference
07-11 22:20:24.756  1337  1337 V tt      : analyzeResult end: false false 您的这个问题可把我难倒了
07-11 22:20:24.756  1337  1337 V tt      : BackgroundCache setResult: 您的这个问题可把我难倒了
07-11 22:20:24.761  1337  1337 V tt      : showTip: result: {"semantic":{"slots":{"actor":"刘德华"}},"rc":0,"operation":"PLAY","service":"video","text":"我想看刘德华的电影"}
