07-11 22:21:39.930   243   243 D VM_BMS  : For batt_temp=298 fcc_mah=2515
07-11 22:21:39.930   243   243 D VM_BMS  : Lookup fcc_mah=2515.000000  adjusted fcc_mah=2512.661133
07-11 22:21:39.930   243   243 D VM_BMS  : For ocv=4336934 batt_temp=298 soc=100
07-11 22:21:39.930   243   243 D VM_BMS  : fifo_count=5 acc_count=0
07-11 22:21:39.930   243   243 D VM_BMS  : INIT: ocv=4336934 last_ocv=4336934 batt_temp=298 soc=100
07-11 22:21:39.931   243   243 D VM_BMS  : For soc=100 batt_temp=298 slope=13800
07-11 22:21:39.931   243   243 D VM_BMS  : For soc=100 batt_temp=298 rbatt_sf=93
07-11 22:21:39.931   243   243 D VM_BMS  : rbatt_mohm_default=148, rbatt_mohm=137, sf=93 batt_temp=298
07-11 22:21:39.931   243   243 D VM_BMS  : Lookup rbatt=137.000000  adjusted rbatt=137.127411
07-11 22:21:39.931   243   243 D VM_BMS  : For ocv=4336980 batt_temp=298 soc=100
07-11 22:21:39.931   243   243 D VM_BMS  : FIFO=0 fifo_avg=4.343229 rbatt=0.187127 slope=1.380000 ibatt=-0.033516 ocv=4.336980 soc=100 fcc_ah=2.512661 sample_count=128 sample_interval=70 seq_num=9399
07-11 22:21:39.931   243   243 D VM_BMS  : For soc=100 batt_temp=298 slope=13800
07-11 22:21:39.931   243   243 D VM_BMS  : For soc=100 batt_temp=298 rbatt_sf=93
07-11 22:21:39.931   243   243 D VM_BMS  : rbatt_mohm_default=148, rbatt_mohm=137, sf=93 batt_temp=298
07-11 22:21:39.931   243   243 D VM_BMS  : Lookup rbatt=137.000000  adjusted rbatt=137.127411
07-11 22:21:39.931   243   243 D VM_BMS  : For ocv=4337060 batt_temp=298 soc=100
07-11 22:21:39.931   243   243 D VM_BMS  : FIFO=1 fifo_avg=4.347960 rbatt=0.187127 slope=1.380000 ibatt=-0.058464 ocv=4.337060 soc=100 fcc_ah=2.512661 sample_count=128 sample_interval=70 seq_num=9399
07-11 22:21:39.931   243   243 D VM_BMS  : For soc=100 batt_temp=298 slope=13800
07-11 22:21:39.931   243   243 D VM_BMS  : For soc=100 batt_temp=298 rbatt_sf=93
07-11 22:21:39.931   243   243 D VM_BMS  : rbatt_mohm_default=148, rbatt_mohm=137, sf=93 batt_temp=298
07-11 22:21:39.931   243   243 D VM_BMS  : Lookup rbatt=137.000000  adjusted rbatt=137.127411
07-11 22:21:39.931   243   243 D VM_BMS  : For ocv=4337133 batt_temp=298 soc=100
07-11 22:21:39.931   243   243 D VM_BMS  : FIFO=2 fifo_avg=4.347072 rbatt=0.187127 slope=1.380000 ibatt=-0.053310 ocv=4.337133 soc=100 fcc_ah=2.512661 sample_count=128 sample_interval=70 seq_num=9399
07-11 22:21:39.931   243   243 D VM_BMS  : For soc=100 batt_temp=298 slope=13800
07-11 22:21:39.931   243   243 D VM_BMS  : For soc=100 batt_temp=298 rbatt_sf=93
07-11 22:21:39.931   243   243 D VM_BMS  : rbatt_mohm_default=148, rbatt_mohm=137, sf=93 batt_temp=298
07-11 22:21:39.931   243   243 D VM_BMS  : Lookup rbatt=137.000000  adjusted rbatt=137.127411
07-11 22:21:39.931   243   243 D VM_BMS  : For ocv=4337233 batt_temp=298 soc=100
07-11 22:21:39.932   243   243 D VM_BMS  : FIFO=3 fifo_avg=4.350927 rbatt=0.187127 slope=1.380000 ibatt=-0.073446 ocv=4.337234 soc=100 fcc_ah=2.512661 sample_count=128 sample_interval=70 seq_num=9399
07-11 22:21:39.932   243   243 D VM_BMS  : For soc=100 batt_temp=298 slope=13800
07-11 22:21:39.932   243   243 D VM_BMS  : For soc=100 batt_temp=298 rbatt_sf=93
07-11 22:21:39.932   243   243 D VM_BMS  : rbatt_mohm_default=148, rbatt_mohm=137, sf=93 batt_temp=298
07-11 22:21:39.932   243   243 D VM_BMS  : Lookup rbatt=137.000000  adjusted rbatt=137.127411
07-11 22:21:39.932   243   243 D VM_BMS  : For ocv=4337328 batt_temp=298 soc=100
07-11 22:21:39.932   243   243 D VM_BMS  : FIFO=4 fifo_avg=4.350325 rbatt=0.187127 slope=1.380000 ibatt=-0.069709 ocv=4.337328 soc=100 fcc_ah=2.512661 sample_count=128 sample_interval=70 seq_num=9399
07-11 22:21:39.932   243   243 I VM_BMS  : power_supply_update: ocv_uv=4337328 ibatt=-69708 soc=100 seq_num=9399
07-11 22:21:39.932   243   243 D VM_BMS  : End process_bms_data
07-11 22:21:39.932   243   243 D VM_BMS  : wake_lock released
07-11 22:21:40.600  2292  2292 D SignalController: getCurrentIconId mCurrentState.connected=true mCurrentState.enabled=true mCurrentState.inetCondition=1
07-11 22:21:41.603  2292  2292 D SignalController: getCurrentIconId mCurrentState.connected=true mCurrentState.enabled=true mCurrentState.inetCondition=1
07-11 22:21:42.606  2292  2292 D SignalController: getCurrentIconId mCurrentState.connected=true mCurrentState.enabled=true mCurrentState.inetCondition=1
07-11 22:21:43.306  1138  2230 D ConnectivityService: notifyType CAP_CHANGED for NetworkAgentInfo [WIFI () - 100]
07-11 22:21:43.311  2292  2461 D SignalController: getCurrentIconId mCurrentState.connected=true mCurrentState.enabled=true mCurrentState.inetCondition=1
07-11 22:21:43.610  2292  2292 D SignalController: getCurrentIconId mCurrentState.connected=true mCurrentState.enabled=true mCurrentState.inetCondition=1
07-11 22:21:44.614  2292  2292 D SignalController: getCurrentIconId mCurrentState.connected=true mCurrentState.enabled=true mCurrentState.inetCondition=1
07-11 22:21:45.617  2292  2292 D SignalController: getCurrentIconId mCurrentState.connected=true mCurrentState.enabled=true mCurrentState.inetCondition=1
07-11 22:21:46.335  1138  2230 D ConnectivityService: notifyType CAP_CHANGED for NetworkAgentInfo [WIFI () - 100]
07-11 22:21:46.341  2292  2461 D SignalController: getCurrentIconId mCurrentState.connected=true mCurrentState.enabled=true mCurrentState.inetCondition=1
07-11 22:21:46.620  2292  2292 D SignalController: getCurrentIconId mCurrentState.connected=true mCurrentState.enabled=true mCurrentState.inetCondition=1
07-11 22:21:47.624  2292  2292 D SignalController: getCurrentIconId mCurrentState.connected=true mCurrentState.enabled=true mCurrentState.inetCondition=1
07-11 22:21:48.110  1138  2803 D PowerManagerService: acquireWakeLockInternal: lock=262939591, flags=0x1, tag="RILJ", ws=null, uid=1001, pid=2790, packageName=com.android.phone
07-11 22:21:48.114  1138 23928 D PowerManagerService: releaseWakeLockInternal: lock=262939591 [RILJ], flags=0x0,packName=com.android.phone, total_time=4ms
07-11 22:21:48.627  2292  2292 D SignalController: getCurrentIconId mCurrentState.connected=true mCurrentState.enabled=true mCurrentState.inetCondition=1
07-11 22:21:49.630  2292  2292 D SignalController: getCurrentIconId mCurrentState.connected=true mCurrentState.enabled=true mCurrentState.inetCondition=1
07-11 22:21:51.635  2292  2292 D SignalController: getCurrentIconId mCurrentState.connected=true mCurrentState.enabled=true mCurrentState.inetCondition=1
07-11 22:21:52.382  1138  2230 D ConnectivityService: notifyType CAP_CHANGED for NetworkAgentInfo [WIFI () - 100]
07-11 22:21:52.387  2292  2461 D SignalController: getCurrentIconId mCurrentState.connected=true mCurrentState.enabled=true mCurrentState.inetCondition=1
07-11 22:21:53.641  2292  2292 D SignalController: getCurrentIconId mCurrentState.connected=true mCurrentState.enabled=true mCurrentState.inetCondition=1
07-11 22:21:53.681  1138  1170 D BatteryService: Processing new values: chargerAcOnline=false, chargerUsbOnline=true, chargerWirelessOnline=false, maxChargingCurrent500000, batteryStatus=5, batteryHealth=2, batteryPresent=true, batteryLevel=100, batteryTechnology=Li-ion, batteryVoltage=4348, batteryTemperature=299, mBatteryLevelCritical=false, mPlugType=2
07-11 22:21:53.681  1138  1170 V LightsService: setLight #4: color=#0
07-11 22:21:53.681  1138  1170 E qdlights: set_speaker_light_locked mode 0, colorRGB=00000000, onMS=0, offMS=0
07-11 22:21:53.682  1138  1170 V LightsService: setLight #4: color=#ff00ff00
07-11 22:21:53.682  1138  1170 E qdlights: set_speaker_light_locked mode 0, colorRGB=FF00FF00, onMS=0, offMS=0
07-11 22:21:53.688  2292  2292 D KeyguardUpdateMonitor: received broadcast android.intent.action.BATTERY_CHANGED
07-11 22:21:53.691  1138  3374 D PowerManagerService: acquireWakeLockInternal: lock=237433267, flags=0x1, tag="ContextManagerWakeLock", ws=WorkSource{10086 com.google.android.gms}, uid=10086, pid=3253, packageName=com.google.android.gms
07-11 22:21:53.694  2292  2292 D KeyguardUpdateMonitor: handleBatteryUpdate
07-11 22:21:53.696 25602 25602 D Settings/BW: WarningMessage:receive broadcast from BatteryService:Intent { act=android.intent.action.BATTERY_CHANGED flg=0x60000010 (has extras) }
07-11 22:21:53.696 25602 25602 D WarningMessage:: mTemperature is 299
07-11 22:21:53.696 25602 25602 D WarningMessage:: mOldPlugType is 2 mPlugType is 2
07-11 22:21:53.699  1138  3275 D PowerManagerService: releaseWakeLockInternal: lock=237433267 [ContextManagerWakeLock], flags=0x0,packName=com.google.android.gms, total_time=8ms
07-11 22:21:54.644  2292  2292 D SignalController: getCurrentIconId mCurrentState.connected=true mCurrentState.enabled=true mCurrentState.inetCondition=1
07-11 22:21:55.410  1138  2230 D ConnectivityService: notifyType CAP_CHANGED for NetworkAgentInfo [WIFI () - 100]
07-11 22:21:55.419  2292  2461 D SignalController: getCurrentIconId mCurrentState.connected=true mCurrentState.enabled=true mCurrentState.inetCondition=1
07-11 22:21:58.438  1138  2230 D ConnectivityService: notifyType CAP_CHANGED for NetworkAgentInfo [WIFI () - 100]
07-11 22:21:58.446  2292  2461 D SignalController: getCurrentIconId mCurrentState.connected=true mCurrentState.enabled=true mCurrentState.inetCondition=1
07-11 22:21:59.199  1138  1138 I DeviceStorageMonitorService: send Intent Intent { act=android.tct.feedback.checkLowStorage flg=0x4000000 }
07-11 22:22:00.002  1138  2149 D PowerManagerService: acquireWakeLockInternal: lock=24311999, flags=0x40000001, tag="*alarm*", ws=WorkSource{1000}, uid=1000, pid=1138, packageName=android
07-11 22:22:00.005  2292  2292 D KeyguardUpdateMonitor: received broadcast android.intent.action.TIME_TICK
07-11 22:22:00.005  2292  2292 D KeyguardUpdateMonitor: handleTimeUpdate
07-11 22:22:00.008  2292  2292 D td3     : bbbbbbbbbbb=EEEE, MM.dd.yyyy
07-11 22:22:00.015  2292  2292 D StatusBarClock: mDemoMode :false
07-11 22:22:00.016  2292  2292 D StatusBarClock: result:10:22 PM
07-11 22:22:00.089  1138  1138 D PowerManagerService: releaseWakeLockInternal: lock=24311999 [*alarm*], flags=0x0,packName=android, total_time=87ms
07-11 22:22:00.655  2292  2292 D SignalController: getCurrentIconId mCurrentState.connected=true mCurrentState.enabled=true mCurrentState.inetCondition=1
07-11 22:22:01.468  1138  2230 D ConnectivityService: notifyType CAP_CHANGED for NetworkAgentInfo [WIFI () - 100]
07-11 22:22:01.473  2292  2461 D SignalController: getCurrentIconId mCurrentState.connected=true mCurrentState.enabled=true mCurrentState.inetCondition=1
07-11 22:22:01.659  2292  2292 D SignalController: getCurrentIconId mCurrentState.connected=true mCurrentState.enabled=true mCurrentState.inetCondition=1
07-11 22:22:02.663  2292  2292 D SignalController: getCurrentIconId mCurrentState.connected=true mCurrentState.enabled=true mCurrentState.inetCondition=1
07-11 22:22:03.668  2292  2292 D SignalController: getCurrentIconId mCurrentState.connected=true mCurrentState.enabled=true mCurrentState.inetCondition=1
07-11 22:22:08.131  1138  7939 D PowerManagerService: acquireWakeLockInternal: lock=262939591, flags=0x1, tag="RILJ", ws=null, uid=1001, pid=2790, packageName=com.android.phone
07-11 22:22:08.136  1138 23928 D PowerManagerService: releaseWakeLockInternal: lock=262939591 [RILJ], flags=0x0,packName=com.android.phone, total_time=5ms














07-12 23:08:10.762 30665 30665 V tt      : eventName: Autumn Equinox eventDescription:  startMillis: 1442966400000 endMillis: 1443052800000
07-12 23:08:10.762 30665 30665 V tt      : eventName: Autumn Equinox eventDescription:  startMillis: 1474502400000 endMillis: 1474588800000
07-12 23:08:10.762 30665 30665 V tt      : eventName: Coming of Age Day eventDescription:  startMillis: 1483920000000 endMillis: 1484006400000
07-12 23:08:10.762 30665 30665 V tt      : eventName: Sea Day eventDescription:  startMillis: 1500249600000 endMillis: 1500336000000
07-12 23:08:10.762 30665 30665 V tt      : eventName: Sea Day eventDescription:  startMillis: 1437350400000 endMillis: 1437436800000
07-12 23:08:10.762 30665 30665 V tt      : eventName: Respect for the Aged Day eventDescription:  startMillis: 1442793600000 endMillis: 1442880000000
07-12 23:08:10.762 30665 30665 V tt      : eventName: Bridge Public holiday eventDescription:  startMillis: 1442880000000 endMillis: 1442966400000
07-12 23:08:10.763 30665 30665 V tt      : eventName: National Foundation Day eventDescription:  startMillis: 1455148800000 endMillis: 1455235200000
07-12 23:08:10.763 30665 30665 V tt      : eventName: Spring Equinox eventDescription:  startMillis: 1458432000000 endMillis: 1458518400000
07-12 23:08:10.763 30665 30665 V tt      : eventName: Sea Day eventDescription:  startMillis: 1468800000000 endMillis: 1468886400000
07-12 23:08:10.763 30665 30665 V tt      : eventName: Labor Thanksgiving Day eventDescription:  startMillis: 1479859200000 endMillis: 1479945600000
07-12 23:08:10.763 30665 30665 V tt      : eventName: Greenery Day eventDescription:  startMillis: 1493856000000 endMillis: 1493942400000
07-12 23:08:10.763 30665 30665 V tt      : eventName: Sports Day eventDescription:  startMillis: 1444608000000 endMillis: 1444694400000
07-12 23:08:10.763 30665 30665 V tt      : eventName: Culture Day eventDescription:  startMillis: 1446508800000 endMillis: 1446595200000
07-12 23:08:10.763 30665 30665 V tt      : eventName: Emperor's Birthday eventDescription:  startMillis: 1450828800000 endMillis: 1450915200000
07-12 23:08:10.763 30665 30665 V tt      : eventName: New Year's Day eventDescription:  startMillis: 1451606400000 endMillis: 1451692800000
07-12 23:08:10.763 30665 30665 V tt      : eventName: Coming of Age Day eventDescription:  startMillis: 1452470400000 endMillis: 1452556800000
07-12 23:08:10.763 30665 30665 V tt      : eventName: Spring Equinox observed eventDescription:  startMillis: 1458518400000 endMillis: 1458604800000
07-12 23:08:10.764 30665 30665 V tt      : eventName: Shōwa Day eventDescription:  startMillis: 1461888000000 endMillis: 1461974400000
07-12 23:08:10.764 30665 30665 V tt      : eventName: Constitution Memorial Day eventDescription:  startMillis: 1462233600000 endMillis: 1462320000000
07-12 23:08:10.764 30665 30665 V tt      : eventName: Respect for the Aged Day eventDescription:  startMillis: 1474243200000 endMillis: 1474329600000
07-12 23:08:10.764 30665 30665 V tt      : eventName: New Year's Day eventDescription:  startMillis: 1483228800000 endMillis: 1483315200000
07-12 23:08:10.764 30665 30665 V tt      : eventName: Spring Equinox eventDescription:  startMillis: 1489968000000 endMillis: 1490054400000
07-12 23:08:10.764 30665 30665 V tt      : eventName: Shōwa Day eventDescription:  startMillis: 1493424000000 endMillis: 1493510400000
07-12 23:08:10.764 30665 30665 V tt      : eventName: Constitution Memorial Day eventDescription:  startMillis: 1493769600000 endMillis: 1493856000000
07-12 23:08:10.764 30665 30665 V tt      : eventName: Greenery Day eventDescription:  startMillis: 1462320000000 endMillis: 1462406400000
07-12 23:08:10.764 30665 30665 V tt      : eventName: Children's Day eventDescription:  startMillis: 1462406400000 endMillis: 1462492800000
07-12 23:08:10.764 30665 30665 V tt      : eventName: Sports Day eventDescription:  startMillis: 1476057600000 endMillis: 1476144000000
07-12 23:08:10.764 30665 30665 V tt      : eventName: Culture Day eventDescription:  startMillis: 1478131200000 endMillis: 1478217600000
07-12 23:08:10.764 30665 30665 V tt      : eventName: Emperor's Birthday eventDescription:  startMillis: 1482451200000 endMillis: 1482537600000
07-12 23:08:10.765 30665 30665 V tt      : eventName: New Year's Day observed eventDescription:  startMillis: 1483315200000 endMillis: 1483401600000
07-12 23:08:10.765 30665 30665 V tt      : eventName: Labor Thanksgiving Day eventDescription:  startMillis: 1448236800000 endMillis: 1448323200000
07-12 23:08:10.765 30665 30665 V tt      : eventName: National Foundation Day eventDescription:  startMillis: 1486771200000 endMillis: 1486857600000
07-12 23:08:10.765 30665 30665 V tt      : eventName: Children's Day eventDescription:  startMillis: 1493942400000 endMillis: 1494028800000
07-12 23:08:10.765 30665 30665 V tt      : eventName: Mountain Day eventDescription:  startMillis: 1470873600000 endMillis: 1470960000000
07-12 23:08:10.766 30665 30665 V tt      : eventName: Test eventDescription:  startMillis: 1460172600000 endMillis: 1460176200000
07-12 23:08:10.766 30665 30665 V tt      : eventName:  eventDescription:  startMillis: 1460529000000 endMillis: 1460532600000
07-12 23:08:10.766 30665 30665 V tt      : eventName: event_name eventDescription: event_description startMillis: 1460772295000 endMillis: 1460772355000
07-12 23:08:10.766 30665 30665 V tt      : eventName: event_name eventDescription: event_description startMillis: 1468375373000 endMillis: 1468375433000
07-12 23:08:10.767 30665 30665 V tt      : eventName: 提醒 eventDescription: 打电话 startMillis: 1471179604764 endMillis: 1471179664765



sMillis: 1471179654369

1468501204431








